T2B58 000:001.339   SEGGER J-Link V8.44a Log File
T2B58 000:001.525   DLL Compiled: Jun 18 2025 16:28:32
T2B58 000:001.538   Logging started @ 2025-07-24 01:30
T2B58 000:001.552   Process: C:\Users\qnfmd\.eclipse\com.renesas.platform_102978457\DebugComp\RA\e2-server-gdb.exe
T2B58 000:001.569 - 1.564ms 
T2B58 000:001.591 JLINK_GetDLLVersion()
T2B58 000:001.605 - 0.014ms returns 84401
T2B58 000:086.020 JLINK_OpenEx(...)
T2B58 000:095.923   Firmware: J-Link OB-RA4M2 compiled Jul  8 2025 10:15:56
T2B58 000:097.490   Firmware: J-Link OB-RA4M2 compiled Jul  8 2025 10:15:56
T2B58 000:122.469   Hardware: V1.00
T2B58 000:122.587   S/N: 1089748421
T2B58 000:122.630   OEM: SEGGER
T2B58 000:122.683   Feature(s): None
T2B58 000:124.393   Bootloader: 2021 May 14
T2B58 000:125.493   USB speed mode: Full speed (12 MBit/s)
T2B58 000:126.344   TELNET listener socket opened on port 19021
T2B58 000:126.894   WEBSRV WEBSRV_Init(): Starting webserver thread(s)
T2B58 000:127.287   WEBSRV Webserver running on local port 19080
T2B58 000:127.716   Looking for J-Link GUI Server exe at: C:\Users\qnfmd\.eclipse\com.renesas.platform_102978457\DebugComp\RA\ARM\Segger_v8.44.1\JLinkGUIServer.exe
T2B58 000:127.902   Looking for J-Link GUI Server exe at: C:\Program Files\SEGGER\JLink_V840\JLinkGUIServer.exe
T2B58 000:127.961   Forking J-Link GUI Server: C:\Program Files\SEGGER\JLink_V840\JLinkGUIServer.exe
T2B58 000:487.201   J-Link GUI Server info: "J-Link GUI server V8.40 "
T2B58 000:498.319 - 412.296ms returns "O.K."
T2B58 000:498.418 JLINK_TIF_Select(JLINKARM_TIF_SWD)
T2B58 000:500.861 - 2.442ms returns 0x00
T2B58 000:500.900 JLINK_ClrRESET()
T2B58 000:501.265 - 0.364ms 
T2B58 000:551.959 JLINK_SetSpeed(1500)
T2B58 000:552.419 - 0.479ms 
T2B58 000:552.506 JLINK_CORESIGHT_Configure(PerformTIFInit=0)
T2B58 000:553.286 - 0.779ms returns 0
T2B58 000:553.417 JLINK_CORESIGHT_ReadAPDPReg(DP reg 0x00)
T2B58 000:554.250   Value=0x6BA02477
T2B58 000:554.359 - 0.946ms returns 0
T2B58 000:554.430 JLINK_CORESIGHT_WriteAPDPReg(DP reg 0x00, 0x0000001F)
T2B58 000:555.023 - 0.593ms returns 0
T2B58 000:555.126 JLINK_CORESIGHT_ReadAPDPReg(DP reg 0x00)
T2B58 000:555.661   Value=0x6BA02477
T2B58 000:555.756 - 0.630ms returns 0
T2B58 000:555.814 JLINK_CORESIGHT_WriteAPDPReg(DP reg 0x02, 0x00000000)
T2B58 000:556.417 - 0.602ms returns 0
T2B58 000:556.520 JLINK_CORESIGHT_WriteAPDPReg(DP reg 0x01, 0x50000000)
T2B58 000:558.912 - 2.391ms returns 0
T2B58 000:559.031 JLINK_CORESIGHT_ReadAPDPReg(DP reg 0x01)
T2B58 000:560.915   Value=0xF0000000
T2B58 000:561.008 - 1.977ms returns 0
T2B58 000:561.062 JLINK_CORESIGHT_WriteAPDPReg(DP reg 0x00, 0x0000001F)
T2B58 000:561.454 - 0.391ms returns 0
T2B58 000:561.571 JLINK_CORESIGHT_ReadAPDPReg(DP reg 0x00)
T2B58 000:562.078   Value=0x6BA02477
T2B58 000:562.166 - 0.595ms returns 0
T2B58 000:562.221 JLINK_CORESIGHT_WriteAPDPReg(DP reg 0x01, 0x54000000)
T2B58 000:562.675 - 0.453ms returns 0
T2B58 000:562.771 JLINK_CORESIGHT_WriteAPDPReg(DP reg 0x01, 0x50000F00)
T2B58 000:563.142 - 0.371ms returns 0
T2B58 000:563.238 JLINK_CORESIGHT_WriteAPDPReg(DP reg 0x02, 0x01000000)
T2B58 000:563.658 - 0.419ms returns 0
T2B58 000:563.760 JLINK_CORESIGHT_WriteAPDPReg(AP reg 0x00, 0x80000002)
T2B58 000:564.193 - 0.432ms returns 0
T2B58 000:564.296 JLINK_CORESIGHT_WriteAPDPReg(AP reg 0x01, 0x80011100)
T2B58 000:564.826 - 0.529ms returns 0
T2B58 000:564.928 JLINK_CORESIGHT_WriteAPDPReg(AP reg 0x03, 0x000000A5)
T2B58 000:565.351 - 0.422ms returns 0
T2B58 000:565.457 JLINK_CORESIGHT_WriteAPDPReg(AP reg 0x00, 0x80000002)
T2B58 000:565.955 - 0.497ms returns 0
T2B58 000:566.059 JLINK_CORESIGHT_WriteAPDPReg(AP reg 0x01, 0x80011100)
T2B58 000:566.480 - 0.421ms returns 0
T2B58 000:566.582 JLINK_CORESIGHT_ReadAPDPReg(AP reg 0x03)
T2B58 000:567.133   Value=0x000000A5
T2B58 000:567.213 - 0.630ms returns 0
T2B58 000:567.259 JLINK_ClrTMS()
T2B58 000:567.536 - 0.276ms 
T2B58 000:573.186 JLINK_SetTCK()
T2B58 000:573.629 - 0.442ms returns 0
T2B58 000:578.836 JLINK_SetRESET()
T2B58 000:579.250 - 0.413ms 
T2B58 000:780.075 JLINK_CORESIGHT_WriteAPDPReg(AP reg 0x00, 0x80000002)
T2B58 000:780.702 - 0.627ms returns 0
T2B58 000:780.798 JLINK_CORESIGHT_WriteAPDPReg(AP reg 0x01, 0x80011100)
T2B58 000:781.252 - 0.453ms returns 0
T2B58 000:781.356 JLINK_CORESIGHT_ReadAPDPReg(AP reg 0x03)
T2B58 000:781.838   Value=0x00000000
T2B58 000:781.896 - 0.541ms returns 0
T2B58 000:781.925 JLINK_CORESIGHT_WriteAPDPReg(AP reg 0x00, 0x80000002)
T2B58 000:782.381 - 0.455ms returns 0
T2B58 000:782.430 JLINK_CORESIGHT_WriteAPDPReg(AP reg 0x01, 0x80011140)
T2B58 000:782.793 - 0.362ms returns 0
T2B58 000:782.844 JLINK_CORESIGHT_ReadAPDPReg(AP reg 0x03)
T2B58 000:783.391   Value=0x00000002
T2B58 000:783.472 - 0.626ms returns 0
T2B58 000:783.520 JLINK_CORESIGHT_WriteAPDPReg(AP reg 0x00, 0x80000002)
T2B58 000:784.095 - 0.574ms returns 0
T2B58 000:784.197 JLINK_CORESIGHT_WriteAPDPReg(AP reg 0x01, 0x80011120)
T2B58 000:784.660 - 0.463ms returns 0
T2B58 000:784.762 JLINK_CORESIGHT_WriteAPDPReg(AP reg 0x03, 0x00000055)
T2B58 000:785.235 - 0.473ms returns 0
T2B58 000:785.336 JLINK_CORESIGHT_WriteAPDPReg(AP reg 0x00, 0x80000002)
T2B58 000:785.781 - 0.444ms returns 0
T2B58 000:785.881 JLINK_CORESIGHT_WriteAPDPReg(AP reg 0x01, 0x80011140)
T2B58 000:786.290 - 0.408ms returns 0
T2B58 000:786.419 JLINK_CORESIGHT_ReadAPDPReg(AP reg 0x03)
T2B58 000:786.990   Value=0x00000002
T2B58 000:787.099 - 0.708ms returns 0
T2B58 000:787.148 JLINK_CORESIGHT_ReadAPDPReg(AP reg 0x03)
T2B58 000:787.662   Value=0x00000002
T2B58 000:787.777 - 0.629ms returns 0
T2B58 000:787.829 JLINK_CORESIGHT_ReadAPDPReg(AP reg 0x03)
T2B58 000:788.392   Value=0x00000002
T2B58 000:788.503 - 0.674ms returns 0
T2B58 000:788.553 JLINK_CORESIGHT_ReadAPDPReg(AP reg 0x03)
T2B58 000:789.028   Value=0x00000002
T2B58 000:789.157 - 0.603ms returns 0
T2B58 000:789.207 JLINK_CORESIGHT_ReadAPDPReg(AP reg 0x03)
T2B58 000:789.872   Value=0x00000002
T2B58 000:789.974 - 0.767ms returns 0
T2B58 000:790.014 JLINK_CORESIGHT_ReadAPDPReg(AP reg 0x03)
T2B58 000:790.511   Value=0x00000002
T2B58 000:790.602 - 0.587ms returns 0
T2B58 000:790.645 JLINK_CORESIGHT_ReadAPDPReg(AP reg 0x03)
T2B58 000:791.215   Value=0x00000002
T2B58 000:791.303 - 0.657ms returns 0
T2B58 000:791.346 JLINK_CORESIGHT_ReadAPDPReg(AP reg 0x03)
T2B58 000:791.849   Value=0x00000002
T2B58 000:791.939 - 0.593ms returns 0
T2B58 000:791.979 JLINK_CORESIGHT_ReadAPDPReg(AP reg 0x03)
T2B58 000:792.429   Value=0x00000002
T2B58 000:792.519 - 0.539ms returns 0
T2B58 000:792.559 JLINK_CORESIGHT_ReadAPDPReg(AP reg 0x03)
T2B58 000:793.103   Value=0x00000002
T2B58 000:793.186 - 0.627ms returns 0
T2B58 000:793.225 JLINK_CORESIGHT_ReadAPDPReg(AP reg 0x03)
T2B58 000:793.813   Value=0x00000002
T2B58 000:793.897 - 0.672ms returns 0
T2B58 000:793.956 JLINK_CORESIGHT_ReadAPDPReg(AP reg 0x03)
T2B58 000:794.427   Value=0x00000002
T2B58 000:794.513 - 0.557ms returns 0
T2B58 000:794.551 JLINK_CORESIGHT_ReadAPDPReg(AP reg 0x03)
T2B58 000:795.113   Value=0x00000002
T2B58 000:795.197 - 0.645ms returns 0
T2B58 000:795.235 JLINK_CORESIGHT_ReadAPDPReg(AP reg 0x03)
T2B58 000:795.833   Value=0x00000002
T2B58 000:795.918 - 0.683ms returns 0
T2B58 000:795.954 JLINK_CORESIGHT_ReadAPDPReg(AP reg 0x03)
T2B58 000:796.417   Value=0x00000002
T2B58 000:796.496 - 0.541ms returns 0
T2B58 000:796.536 JLINK_CORESIGHT_ReadAPDPReg(AP reg 0x03)
T2B58 000:797.026   Value=0x00000000
T2B58 000:797.104 - 0.567ms returns 0
T2B58 000:797.140 JLINK_CORESIGHT_WriteAPDPReg(AP reg 0x00, 0x80000002)
T2B58 000:797.590 - 0.449ms returns 0
T2B58 000:797.662 JLINK_CORESIGHT_WriteAPDPReg(AP reg 0x01, 0x80011130)
T2B58 000:798.128 - 0.465ms returns 0
T2B58 000:798.199 JLINK_CORESIGHT_ReadAPDPReg(AP reg 0x03)
T2B58 000:798.733   Value=0x000000C6
T2B58 000:798.813 - 0.613ms returns 0
T2B58 000:798.855 JLINK_CORESIGHT_WriteAPDPReg(AP reg 0x00, 0x80000002)
T2B58 000:799.215 - 0.359ms returns 0
T2B58 000:799.286 JLINK_CORESIGHT_WriteAPDPReg(AP reg 0x01, 0x80011140)
T2B58 000:799.768 - 0.482ms returns 0
T2B58 000:799.796 JLINK_CORESIGHT_ReadAPDPReg(AP reg 0x03)
T2B58 000:800.266   Value=0x00000002
T2B58 000:800.299 - 0.502ms returns 0
T2B58 000:800.313 JLINK_CORESIGHT_WriteAPDPReg(AP reg 0x00, 0x80000002)
T2B58 000:800.754 - 0.440ms returns 0
T2B58 000:800.786 JLINK_CORESIGHT_WriteAPDPReg(AP reg 0x01, 0x80011120)
T2B58 000:801.085 - 0.299ms returns 0
T2B58 000:801.120 JLINK_CORESIGHT_WriteAPDPReg(AP reg 0x03, 0x3A010001)
T2B58 000:801.461 - 0.341ms returns 0
T2B58 000:801.494 JLINK_CORESIGHT_WriteAPDPReg(AP reg 0x00, 0x80000002)
T2B58 000:801.821 - 0.326ms returns 0
T2B58 000:801.885 JLINK_CORESIGHT_WriteAPDPReg(AP reg 0x01, 0x80011140)
T2B58 000:802.242 - 0.357ms returns 0
T2B58 000:802.257 JLINK_CORESIGHT_ReadAPDPReg(AP reg 0x03)
T2B58 000:802.689   Value=0x00000002
T2B58 000:802.708 - 0.450ms returns 0
T2B58 000:802.721 JLINK_CORESIGHT_WriteAPDPReg(AP reg 0x00, 0x80000002)
T2B58 000:803.036 - 0.315ms returns 0
T2B58 000:803.050 JLINK_CORESIGHT_WriteAPDPReg(AP reg 0x01, 0x80011120)
T2B58 000:803.310 - 0.260ms returns 0
T2B58 000:803.325 JLINK_CORESIGHT_WriteAPDPReg(AP reg 0x03, 0x000003C5)
T2B58 000:803.586 - 0.261ms returns 0
T2B58 000:803.601 JLINK_CORESIGHT_WriteAPDPReg(AP reg 0x00, 0x80000002)
T2B58 000:803.861 - 0.260ms returns 0
T2B58 000:803.875 JLINK_CORESIGHT_WriteAPDPReg(AP reg 0x01, 0x80011140)
T2B58 000:804.197 - 0.321ms returns 0
T2B58 000:804.211 JLINK_CORESIGHT_ReadAPDPReg(AP reg 0x03)
T2B58 000:804.577   Value=0x00000002
T2B58 000:804.595 - 0.384ms returns 0
T2B58 000:804.608 JLINK_CORESIGHT_ReadAPDPReg(AP reg 0x03)
T2B58 000:804.981   Value=0x00000000
T2B58 000:805.010 - 0.402ms returns 0
T2B58 000:805.031 JLINK_CORESIGHT_WriteAPDPReg(AP reg 0x00, 0x80000002)
T2B58 000:805.255 - 0.223ms returns 0
T2B58 000:805.291 JLINK_CORESIGHT_WriteAPDPReg(AP reg 0x01, 0x80011130)
T2B58 000:805.703 - 0.412ms returns 0
T2B58 000:805.739 JLINK_CORESIGHT_ReadAPDPReg(AP reg 0x03)
T2B58 000:806.134   Value=0x3A2A0081
T2B58 000:806.181 - 0.441ms returns 0
T2B58 000:806.213 JLINK_CORESIGHT_WriteAPDPReg(AP reg 0x00, 0x80000002)
T2B58 000:806.498 - 0.285ms returns 0
T2B58 000:806.551 JLINK_CORESIGHT_WriteAPDPReg(AP reg 0x01, 0x80011140)
T2B58 000:806.889 - 0.338ms returns 0
T2B58 000:806.944 JLINK_CORESIGHT_ReadAPDPReg(AP reg 0x03)
T2B58 000:807.284   Value=0x00000000
T2B58 000:807.339 - 0.395ms returns 0
T2B58 000:808.131 JLINK_CORESIGHT_WriteAPDPReg(AP reg 0x00, 0x80000002)
T2B58 000:808.403 - 0.271ms returns 0
T2B58 000:808.435 JLINK_CORESIGHT_WriteAPDPReg(AP reg 0x01, 0x80011130)
T2B58 000:808.731 - 0.295ms returns 0
T2B58 000:808.764 JLINK_CORESIGHT_ReadAPDPReg(AP reg 0x03)
T2B58 000:809.074   Value=0x808D5B00
T2B58 000:809.114 - 0.350ms returns 0
T2B58 000:809.136 JLINK_CORESIGHT_WriteAPDPReg(AP reg 0x00, 0x80000002)
T2B58 000:809.428 - 0.292ms returns 0
T2B58 000:809.461 JLINK_CORESIGHT_WriteAPDPReg(AP reg 0x01, 0x80011140)
T2B58 000:809.747 - 0.286ms returns 0
T2B58 000:809.782 JLINK_CORESIGHT_ReadAPDPReg(AP reg 0x03)
T2B58 000:810.096   Value=0x00000000
T2B58 000:810.138 - 0.355ms returns 0
T2B58 000:810.154 JLINK_CORESIGHT_WriteAPDPReg(AP reg 0x00, 0x80000002)
T2B58 000:810.412 - 0.257ms returns 0
T2B58 000:810.444 JLINK_CORESIGHT_WriteAPDPReg(AP reg 0x01, 0x80011130)
T2B58 000:810.719 - 0.274ms returns 0
T2B58 000:810.751 JLINK_CORESIGHT_ReadAPDPReg(AP reg 0x03)
T2B58 000:811.061   Value=0x0406070A
T2B58 000:811.097 - 0.346ms returns 0
T2B58 000:811.112 JLINK_CORESIGHT_WriteAPDPReg(AP reg 0x00, 0x80000002)
T2B58 000:811.413 - 0.300ms returns 0
T2B58 000:811.449 JLINK_CORESIGHT_WriteAPDPReg(AP reg 0x01, 0x80011140)
T2B58 000:811.732 - 0.282ms returns 0
T2B58 000:811.767 JLINK_CORESIGHT_ReadAPDPReg(AP reg 0x03)
T2B58 000:812.096   Value=0x00000000
T2B58 000:812.138 - 0.371ms returns 0
T2B58 000:812.155 JLINK_CORESIGHT_WriteAPDPReg(AP reg 0x00, 0x80000002)
T2B58 000:812.418 - 0.263ms returns 0
T2B58 000:812.451 JLINK_CORESIGHT_WriteAPDPReg(AP reg 0x01, 0x80011130)
T2B58 000:812.733 - 0.281ms returns 0
T2B58 000:812.765 JLINK_CORESIGHT_ReadAPDPReg(AP reg 0x03)
T2B58 000:813.045   Value=0x3154540B
T2B58 000:813.088 - 0.322ms returns 0
T2B58 000:813.103 JLINK_CORESIGHT_WriteAPDPReg(AP reg 0x00, 0x80000002)
T2B58 000:813.331 - 0.228ms returns 0
T2B58 000:813.364 JLINK_CORESIGHT_WriteAPDPReg(AP reg 0x01, 0x80011140)
T2B58 000:813.632 - 0.268ms returns 0
T2B58 000:813.667 JLINK_CORESIGHT_ReadAPDPReg(AP reg 0x03)
T2B58 000:813.978   Value=0x00000000
T2B58 000:814.015 - 0.348ms returns 0
T2B58 000:814.031 JLINK_CORESIGHT_WriteAPDPReg(AP reg 0x00, 0x80000002)
T2B58 000:814.301 - 0.270ms returns 0
T2B58 000:814.334 JLINK_CORESIGHT_WriteAPDPReg(AP reg 0x01, 0x80011130)
T2B58 000:814.597 - 0.262ms returns 0
T2B58 000:814.629 JLINK_CORESIGHT_ReadAPDPReg(AP reg 0x03)
T2B58 000:814.941   Value=0x5409C577
T2B58 000:814.977 - 0.348ms returns 0
T2B58 000:814.996 JLINK_CORESIGHT_WriteAPDPReg(AP reg 0x00, 0x80000002)
T2B58 000:815.347 - 0.350ms returns 0
T2B58 000:815.379 JLINK_CORESIGHT_WriteAPDPReg(AP reg 0x01, 0x80011140)
T2B58 000:815.603 - 0.224ms returns 0
T2B58 000:815.636 JLINK_CORESIGHT_ReadAPDPReg(AP reg 0x03)
T2B58 000:815.955   Value=0x00000000
T2B58 000:815.992 - 0.355ms returns 0
T2B58 000:816.008 JLINK_CORESIGHT_WriteAPDPReg(AP reg 0x00, 0x80000002)
T2B58 000:816.268 - 0.260ms returns 0
T2B58 000:816.301 JLINK_CORESIGHT_WriteAPDPReg(AP reg 0x01, 0x80011130)
T2B58 000:816.569 - 0.268ms returns 0
T2B58 000:816.602 JLINK_CORESIGHT_ReadAPDPReg(AP reg 0x03)
T2B58 000:816.909   Value=0x37395636
T2B58 000:816.945 - 0.343ms returns 0
T2B58 000:816.961 JLINK_CORESIGHT_WriteAPDPReg(AP reg 0x00, 0x80000002)
T2B58 000:817.179 - 0.217ms returns 0
T2B58 000:817.206 JLINK_CORESIGHT_WriteAPDPReg(AP reg 0x01, 0x80011140)
T2B58 000:817.417 - 0.210ms returns 0
T2B58 000:817.447 JLINK_CORESIGHT_ReadAPDPReg(AP reg 0x03)
T2B58 000:817.718   Value=0x00000000
T2B58 000:817.741 - 0.294ms returns 0
T2B58 000:817.756 JLINK_CORESIGHT_WriteAPDPReg(AP reg 0x00, 0x80000002)
T2B58 000:818.032 - 0.276ms returns 0
T2B58 000:818.066 JLINK_CORESIGHT_WriteAPDPReg(AP reg 0x01, 0x80011130)
T2B58 000:818.337 - 0.271ms returns 0
T2B58 000:818.370 JLINK_CORESIGHT_ReadAPDPReg(AP reg 0x03)
T2B58 000:818.721   Value=0x5C012D34
T2B58 000:818.746 - 0.375ms returns 0
T2B58 000:818.761 JLINK_CORESIGHT_WriteAPDPReg(AP reg 0x00, 0x80000002)
T2B58 000:819.008 - 0.246ms returns 0
T2B58 000:819.026 JLINK_CORESIGHT_WriteAPDPReg(AP reg 0x01, 0x80011140)
T2B58 000:819.242 - 0.217ms returns 0
T2B58 000:819.260 JLINK_CORESIGHT_ReadAPDPReg(AP reg 0x03)
T2B58 000:819.513   Value=0x00000000
T2B58 000:819.535 - 0.275ms returns 0
T2B58 000:819.549 JLINK_CORESIGHT_WriteAPDPReg(AP reg 0x00, 0x80000002)
T2B58 000:819.757 - 0.207ms returns 0
T2B58 000:819.774 JLINK_CORESIGHT_WriteAPDPReg(AP reg 0x01, 0x80011130)
T2B58 000:819.957 - 0.183ms returns 0
T2B58 000:819.973 JLINK_CORESIGHT_ReadAPDPReg(AP reg 0x03)
T2B58 000:820.184   Value=0x4B37527A
T2B58 000:820.206 - 0.233ms returns 0
T2B58 000:820.227 JLINK_CORESIGHT_WriteAPDPReg(AP reg 0x00, 0x80000002)
T2B58 000:820.445 - 0.217ms returns 0
T2B58 000:820.473 JLINK_CORESIGHT_WriteAPDPReg(AP reg 0x01, 0x80011140)
T2B58 000:820.696 - 0.223ms returns 0
T2B58 000:820.725 JLINK_CORESIGHT_ReadAPDPReg(AP reg 0x03)
T2B58 000:820.991   Value=0x00000000
T2B58 000:821.014 - 0.289ms returns 0
T2B58 000:821.031 JLINK_CORESIGHT_WriteAPDPReg(AP reg 0x00, 0x80000002)
T2B58 000:821.247 - 0.215ms returns 0
T2B58 000:821.264 JLINK_CORESIGHT_WriteAPDPReg(AP reg 0x01, 0x80011130)
T2B58 000:821.489 - 0.225ms returns 0
T2B58 000:821.509 JLINK_CORESIGHT_ReadAPDPReg(AP reg 0x03)
T2B58 000:821.768   Value=0x31503841
T2B58 000:821.791 - 0.281ms returns 0
T2B58 000:821.805 JLINK_CORESIGHT_WriteAPDPReg(AP reg 0x00, 0x80000002)
T2B58 000:822.015 - 0.209ms returns 0
T2B58 000:822.032 JLINK_CORESIGHT_WriteAPDPReg(AP reg 0x01, 0x80011140)
T2B58 000:822.223 - 0.191ms returns 0
T2B58 000:822.241 JLINK_CORESIGHT_ReadAPDPReg(AP reg 0x03)
T2B58 000:822.473   Value=0x00000000
T2B58 000:822.493 - 0.252ms returns 0
T2B58 000:822.507 JLINK_CORESIGHT_WriteAPDPReg(AP reg 0x00, 0x80000002)
T2B58 000:822.802 - 0.294ms returns 0
T2B58 000:822.824 JLINK_CORESIGHT_WriteAPDPReg(AP reg 0x01, 0x80011130)
T2B58 000:823.036 - 0.211ms returns 0
T2B58 000:823.053 JLINK_CORESIGHT_ReadAPDPReg(AP reg 0x03)
T2B58 000:823.321   Value=0x434C464B
T2B58 000:823.343 - 0.289ms returns 0
T2B58 000:823.356 JLINK_CORESIGHT_WriteAPDPReg(AP reg 0x00, 0x80000002)
T2B58 000:823.565 - 0.208ms returns 0
T2B58 000:823.583 JLINK_CORESIGHT_WriteAPDPReg(AP reg 0x01, 0x80011140)
T2B58 000:823.807 - 0.224ms returns 0
T2B58 000:823.824 JLINK_CORESIGHT_ReadAPDPReg(AP reg 0x03)
T2B58 000:824.091   Value=0x00000000
T2B58 000:824.113 - 0.288ms returns 0
T2B58 000:824.127 JLINK_CORESIGHT_WriteAPDPReg(AP reg 0x00, 0x80000002)
T2B58 000:824.339 - 0.212ms returns 0
T2B58 000:824.358 JLINK_CORESIGHT_WriteAPDPReg(AP reg 0x01, 0x80011130)
T2B58 000:824.564 - 0.206ms returns 0
T2B58 000:824.585 JLINK_CORESIGHT_ReadAPDPReg(AP reg 0x03)
T2B58 000:824.832   Value=0x20204341
T2B58 000:824.853 - 0.267ms returns 0
T2B58 000:824.867 JLINK_CORESIGHT_WriteAPDPReg(AP reg 0x00, 0x80000002)
T2B58 000:825.048 - 0.181ms returns 0
T2B58 000:825.065 JLINK_CORESIGHT_WriteAPDPReg(AP reg 0x01, 0x80011140)
T2B58 000:825.231 - 0.166ms returns 0
T2B58 000:825.248 JLINK_CORESIGHT_ReadAPDPReg(AP reg 0x03)
T2B58 000:825.490   Value=0x00000000
T2B58 000:825.512 - 0.264ms returns 0
T2B58 000:825.549 JLINK_CORESIGHT_WriteAPDPReg(AP reg 0x00, 0x80000002)
T2B58 000:825.810 - 0.260ms returns 0
T2B58 000:825.828 JLINK_CORESIGHT_WriteAPDPReg(AP reg 0x01, 0x80011130)
T2B58 000:826.047 - 0.219ms returns 0
T2B58 000:826.066 JLINK_CORESIGHT_ReadAPDPReg(AP reg 0x03)
T2B58 000:826.329   Value=0x00039620
T2B58 000:826.351 - 0.285ms returns 0
T2B58 000:826.413 JLINK_CORESIGHT_WriteAPDPReg(AP reg 0x00, 0x80000002)
T2B58 000:826.696 - 0.282ms returns 0
T2B58 000:826.714 JLINK_CORESIGHT_WriteAPDPReg(AP reg 0x01, 0x80011140)
T2B58 000:826.933 - 0.218ms returns 0
T2B58 000:826.950 JLINK_CORESIGHT_ReadAPDPReg(AP reg 0x03)
T2B58 000:827.220   Value=0x00000002
T2B58 000:827.243 - 0.293ms returns 0
T2B58 000:827.260 JLINK_CORESIGHT_WriteAPDPReg(AP reg 0x00, 0x80000002)
T2B58 000:827.489 - 0.229ms returns 0
T2B58 000:827.508 JLINK_CORESIGHT_WriteAPDPReg(AP reg 0x01, 0x80011120)
T2B58 000:827.703 - 0.195ms returns 0
T2B58 000:827.720 JLINK_CORESIGHT_WriteAPDPReg(AP reg 0x03, 0x39020001)
T2B58 000:827.890 - 0.170ms returns 0
T2B58 000:827.907 JLINK_CORESIGHT_WriteAPDPReg(AP reg 0x00, 0x80000002)
T2B58 000:828.074 - 0.167ms returns 0
T2B58 000:828.090 JLINK_CORESIGHT_WriteAPDPReg(AP reg 0x01, 0x80011140)
T2B58 000:828.283 - 0.193ms returns 0
T2B58 000:828.300 JLINK_CORESIGHT_ReadAPDPReg(AP reg 0x03)
T2B58 000:828.725   Value=0x00000002
T2B58 000:828.747 - 0.446ms returns 0
T2B58 000:828.761 JLINK_CORESIGHT_WriteAPDPReg(AP reg 0x00, 0x80000002)
T2B58 000:829.015 - 0.254ms returns 0
T2B58 000:829.033 JLINK_CORESIGHT_WriteAPDPReg(AP reg 0x01, 0x80011120)
T2B58 000:829.245 - 0.212ms returns 0
T2B58 000:829.262 JLINK_CORESIGHT_WriteAPDPReg(AP reg 0x03, 0x0003B312)
T2B58 000:829.464 - 0.201ms returns 0
T2B58 000:829.482 JLINK_CORESIGHT_WriteAPDPReg(AP reg 0x00, 0x80000002)
T2B58 000:829.697 - 0.215ms returns 0
T2B58 000:829.714 JLINK_CORESIGHT_WriteAPDPReg(AP reg 0x01, 0x80011140)
T2B58 000:829.940 - 0.225ms returns 0
T2B58 000:829.958 JLINK_CORESIGHT_ReadAPDPReg(AP reg 0x03)
T2B58 000:830.221   Value=0x00000000
T2B58 000:830.245 - 0.287ms returns 0
T2B58 000:830.261 JLINK_CORESIGHT_WriteAPDPReg(AP reg 0x00, 0x80000002)
T2B58 000:830.474 - 0.213ms returns 0
T2B58 000:830.491 JLINK_CORESIGHT_WriteAPDPReg(AP reg 0x01, 0x80011130)
T2B58 000:830.677 - 0.186ms returns 0
T2B58 000:830.693 JLINK_CORESIGHT_ReadAPDPReg(AP reg 0x03)
T2B58 000:830.910   Value=0xB90A0081
T2B58 000:830.931 - 0.237ms returns 0
T2B58 000:830.945 JLINK_CORESIGHT_WriteAPDPReg(AP reg 0x00, 0x80000002)
T2B58 000:831.163 - 0.217ms returns 0
T2B58 000:831.181 JLINK_CORESIGHT_WriteAPDPReg(AP reg 0x01, 0x80011140)
T2B58 000:831.392 - 0.211ms returns 0
T2B58 000:831.410 JLINK_CORESIGHT_ReadAPDPReg(AP reg 0x03)
T2B58 000:831.694   Value=0x00000000
T2B58 000:831.716 - 0.306ms returns 0
T2B58 000:831.730 JLINK_CORESIGHT_WriteAPDPReg(AP reg 0x00, 0x80000002)
T2B58 000:831.938 - 0.208ms returns 0
T2B58 000:831.955 JLINK_CORESIGHT_WriteAPDPReg(AP reg 0x01, 0x80011130)
T2B58 000:832.178 - 0.222ms returns 0
T2B58 000:832.197 JLINK_CORESIGHT_ReadAPDPReg(AP reg 0x03)
T2B58 000:832.476   Value=0xFFFFFFC0
T2B58 000:832.503 - 0.305ms returns 0
T2B58 000:832.517 JLINK_CORESIGHT_WriteAPDPReg(AP reg 0x00, 0x80000002)
T2B58 000:832.705 - 0.188ms returns 0
T2B58 000:832.722 JLINK_CORESIGHT_WriteAPDPReg(AP reg 0x01, 0x80011140)
T2B58 000:832.910 - 0.187ms returns 0
T2B58 000:832.926 JLINK_CORESIGHT_ReadAPDPReg(AP reg 0x03)
T2B58 000:833.147   Value=0x00000000
T2B58 000:833.169 - 0.242ms returns 0
T2B58 000:833.185 JLINK_CORESIGHT_WriteAPDPReg(AP reg 0x00, 0x80000002)
T2B58 000:833.454 - 0.269ms returns 0
T2B58 000:833.476 JLINK_CORESIGHT_WriteAPDPReg(AP reg 0x01, 0x80011130)
T2B58 000:833.691 - 0.214ms returns 0
T2B58 000:833.711 JLINK_CORESIGHT_ReadAPDPReg(AP reg 0x03)
T2B58 000:833.976   Value=0xFFFFFFFF
T2B58 000:834.010 - 0.298ms returns 0
T2B58 000:834.032 JLINK_CORESIGHT_WriteAPDPReg(AP reg 0x00, 0x80000002)
T2B58 000:834.251 - 0.219ms returns 0
T2B58 000:834.273 JLINK_CORESIGHT_WriteAPDPReg(AP reg 0x01, 0x80011140)
T2B58 000:834.491 - 0.217ms returns 0
T2B58 000:834.519 JLINK_CORESIGHT_ReadAPDPReg(AP reg 0x03)
T2B58 000:834.864   Value=0x00000000
T2B58 000:834.891 - 0.372ms returns 0
T2B58 000:834.911 JLINK_CORESIGHT_WriteAPDPReg(AP reg 0x00, 0x80000002)
T2B58 000:835.137 - 0.225ms returns 0
T2B58 000:835.158 JLINK_CORESIGHT_WriteAPDPReg(AP reg 0x01, 0x80011130)
T2B58 000:835.351 - 0.193ms returns 0
T2B58 000:835.381 JLINK_CORESIGHT_ReadAPDPReg(AP reg 0x03)
T2B58 000:835.677   Value=0x000385FF
T2B58 000:835.699 - 0.318ms returns 0
T2B58 000:836.480 JLINK_CORESIGHT_WriteAPDPReg(AP reg 0x00, 0x80000002)
T2B58 000:836.721 - 0.241ms returns 0
T2B58 000:836.751 JLINK_CORESIGHT_WriteAPDPReg(AP reg 0x01, 0x80011140)
T2B58 000:836.966 - 0.215ms returns 0
T2B58 000:836.991 JLINK_CORESIGHT_ReadAPDPReg(AP reg 0x03)
T2B58 000:837.263   Value=0x00000002
T2B58 000:837.285 - 0.294ms returns 0
T2B58 000:837.300 JLINK_CORESIGHT_WriteAPDPReg(AP reg 0x00, 0x80000002)
T2B58 000:837.520 - 0.220ms returns 0
T2B58 000:837.537 JLINK_CORESIGHT_WriteAPDPReg(AP reg 0x01, 0x80011120)
T2B58 000:837.802 - 0.264ms returns 0
T2B58 000:837.818 JLINK_CORESIGHT_WriteAPDPReg(AP reg 0x03, 0x2C010001)
T2B58 000:837.987 - 0.168ms returns 0
T2B58 000:838.037 JLINK_CORESIGHT_WriteAPDPReg(AP reg 0x00, 0x80000002)
T2B58 000:838.237 - 0.199ms returns 0
T2B58 000:838.254 JLINK_CORESIGHT_WriteAPDPReg(AP reg 0x01, 0x80011140)
T2B58 000:838.462 - 0.207ms returns 0
T2B58 000:838.479 JLINK_CORESIGHT_ReadAPDPReg(AP reg 0x03)
T2B58 000:838.741   Value=0x00000002
T2B58 000:838.763 - 0.284ms returns 0
T2B58 000:838.778 JLINK_CORESIGHT_WriteAPDPReg(AP reg 0x00, 0x80000002)
T2B58 000:838.987 - 0.209ms returns 0
T2B58 000:839.006 JLINK_CORESIGHT_WriteAPDPReg(AP reg 0x01, 0x80011120)
T2B58 000:839.212 - 0.205ms returns 0
T2B58 000:839.229 JLINK_CORESIGHT_WriteAPDPReg(AP reg 0x03, 0x000003D3)
T2B58 000:839.437 - 0.208ms returns 0
T2B58 000:839.454 JLINK_CORESIGHT_WriteAPDPReg(AP reg 0x00, 0x80000002)
T2B58 000:839.690 - 0.235ms returns 0
T2B58 000:839.707 JLINK_CORESIGHT_WriteAPDPReg(AP reg 0x01, 0x80011140)
T2B58 000:839.908 - 0.201ms returns 0
T2B58 000:839.925 JLINK_CORESIGHT_ReadAPDPReg(AP reg 0x03)
T2B58 000:840.147   Value=0x00000002
T2B58 000:840.168 - 0.243ms returns 0
T2B58 000:840.182 JLINK_CORESIGHT_ReadAPDPReg(AP reg 0x03)
T2B58 000:840.475   Value=0x00000002
T2B58 000:840.516 - 0.334ms returns 0
T2B58 000:840.530 JLINK_CORESIGHT_ReadAPDPReg(AP reg 0x03)
T2B58 000:840.765   Value=0x00000002
T2B58 000:840.786 - 0.256ms returns 0
T2B58 000:840.800 JLINK_CORESIGHT_ReadAPDPReg(AP reg 0x03)
T2B58 000:841.062   Value=0x00000002
T2B58 000:841.083 - 0.283ms returns 0
T2B58 000:841.097 JLINK_CORESIGHT_ReadAPDPReg(AP reg 0x03)
T2B58 000:841.362   Value=0x00000002
T2B58 000:841.384 - 0.286ms returns 0
T2B58 000:841.398 JLINK_CORESIGHT_ReadAPDPReg(AP reg 0x03)
T2B58 000:841.691   Value=0x00000002
T2B58 000:841.714 - 0.316ms returns 0
T2B58 000:841.728 JLINK_CORESIGHT_ReadAPDPReg(AP reg 0x03)
T2B58 000:841.973   Value=0x00000002
T2B58 000:841.994 - 0.265ms returns 0
T2B58 000:842.007 JLINK_CORESIGHT_ReadAPDPReg(AP reg 0x03)
T2B58 000:842.222   Value=0x00000002
T2B58 000:842.243 - 0.236ms returns 0
T2B58 000:842.257 JLINK_CORESIGHT_ReadAPDPReg(AP reg 0x03)
T2B58 000:842.487   Value=0x00000002
T2B58 000:842.508 - 0.251ms returns 0
T2B58 000:842.523 JLINK_CORESIGHT_ReadAPDPReg(AP reg 0x03)
T2B58 000:842.766   Value=0x00000002
T2B58 000:842.787 - 0.264ms returns 0
T2B58 000:842.801 JLINK_CORESIGHT_ReadAPDPReg(AP reg 0x03)
T2B58 000:843.062   Value=0x00000002
T2B58 000:843.086 - 0.285ms returns 0
T2B58 000:843.101 JLINK_CORESIGHT_ReadAPDPReg(AP reg 0x03)
T2B58 000:843.338   Value=0x00000002
T2B58 000:843.360 - 0.258ms returns 0
T2B58 000:843.374 JLINK_CORESIGHT_ReadAPDPReg(AP reg 0x03)
T2B58 000:843.713   Value=0x00000002
T2B58 000:843.735 - 0.361ms returns 0
T2B58 000:843.750 JLINK_CORESIGHT_ReadAPDPReg(AP reg 0x03)
T2B58 000:844.023   Value=0x00000000
T2B58 000:844.045 - 0.295ms returns 0
T2B58 000:844.060 JLINK_CORESIGHT_WriteAPDPReg(AP reg 0x00, 0x80000002)
T2B58 000:844.290 - 0.230ms returns 0
T2B58 000:844.306 JLINK_CORESIGHT_WriteAPDPReg(AP reg 0x01, 0x80011130)
T2B58 000:844.470 - 0.163ms returns 0
T2B58 000:844.486 JLINK_CORESIGHT_ReadAPDPReg(AP reg 0x03)
T2B58 000:844.741   Value=0x2C020081
T2B58 000:844.762 - 0.275ms returns 0
T2B58 000:844.776 JLINK_CORESIGHT_WriteAPDPReg(AP reg 0x00, 0x80000002)
T2B58 000:844.987 - 0.211ms returns 0
T2B58 000:845.004 JLINK_CORESIGHT_WriteAPDPReg(AP reg 0x01, 0x80011140)
T2B58 000:845.212 - 0.208ms returns 0
T2B58 000:845.230 JLINK_CORESIGHT_ReadAPDPReg(AP reg 0x03)
T2B58 000:845.488   Value=0x00000000
T2B58 000:845.510 - 0.279ms returns 0
T2B58 000:845.524 JLINK_CORESIGHT_WriteAPDPReg(AP reg 0x00, 0x80000002)
T2B58 000:845.854 - 0.330ms returns 0
T2B58 000:845.871 JLINK_CORESIGHT_WriteAPDPReg(AP reg 0x01, 0x80011130)
T2B58 000:846.087 - 0.216ms returns 0
T2B58 000:846.103 JLINK_CORESIGHT_ReadAPDPReg(AP reg 0x03)
T2B58 000:846.363   Value=0x0003CE04
T2B58 000:846.385 - 0.282ms returns 0
T2B58 000:846.405 JLINK_CORESIGHT_WriteAPDPReg(AP reg 0x00, 0x80000002)
T2B58 000:846.622 - 0.217ms returns 0
T2B58 000:846.639 JLINK_CORESIGHT_WriteAPDPReg(AP reg 0x01, 0x80011140)
T2B58 000:846.844 - 0.204ms returns 0
T2B58 000:846.863 JLINK_CORESIGHT_ReadAPDPReg(AP reg 0x03)
T2B58 000:847.094   Value=0x00000002
T2B58 000:847.114 - 0.251ms returns 0
T2B58 000:847.129 JLINK_CORESIGHT_WriteAPDPReg(AP reg 0x00, 0x80000002)
T2B58 000:847.339 - 0.210ms returns 0
T2B58 000:847.360 JLINK_CORESIGHT_WriteAPDPReg(AP reg 0x01, 0x80011120)
T2B58 000:847.549 - 0.189ms returns 0
T2B58 000:847.565 JLINK_CORESIGHT_WriteAPDPReg(AP reg 0x03, 0x73010001)
T2B58 000:847.800 - 0.234ms returns 0
T2B58 000:847.817 JLINK_CORESIGHT_WriteAPDPReg(AP reg 0x00, 0x80000002)
T2B58 000:848.027 - 0.210ms returns 0
T2B58 000:848.043 JLINK_CORESIGHT_WriteAPDPReg(AP reg 0x01, 0x80011140)
T2B58 000:848.323 - 0.280ms returns 0
T2B58 000:848.339 JLINK_CORESIGHT_ReadAPDPReg(AP reg 0x03)
T2B58 000:848.602   Value=0x00000002
T2B58 000:848.623 - 0.283ms returns 0
T2B58 000:848.637 JLINK_CORESIGHT_WriteAPDPReg(AP reg 0x00, 0x80000002)
T2B58 000:848.852 - 0.215ms returns 0
T2B58 000:848.868 JLINK_CORESIGHT_WriteAPDPReg(AP reg 0x01, 0x80011120)
T2B58 000:849.062 - 0.194ms returns 0
T2B58 000:849.078 JLINK_CORESIGHT_WriteAPDPReg(AP reg 0x03, 0x0000038C)
T2B58 000:849.292 - 0.214ms returns 0
T2B58 000:849.309 JLINK_CORESIGHT_WriteAPDPReg(AP reg 0x00, 0x80000002)
T2B58 000:849.525 - 0.216ms returns 0
T2B58 000:849.542 JLINK_CORESIGHT_WriteAPDPReg(AP reg 0x01, 0x80011140)
T2B58 000:849.822 - 0.280ms returns 0
T2B58 000:849.838 JLINK_CORESIGHT_ReadAPDPReg(AP reg 0x03)
T2B58 000:850.088   Value=0x00000002
T2B58 000:850.111 - 0.272ms returns 0
T2B58 000:850.125 JLINK_CORESIGHT_ReadAPDPReg(AP reg 0x03)
T2B58 000:850.349   Value=0x00000002
T2B58 000:850.370 - 0.245ms returns 0
T2B58 000:850.385 JLINK_CORESIGHT_ReadAPDPReg(AP reg 0x03)
T2B58 000:850.618   Value=0x00000002
T2B58 000:850.654 - 0.269ms returns 0
T2B58 000:850.671 JLINK_CORESIGHT_ReadAPDPReg(AP reg 0x03)
T2B58 000:850.949   Value=0x00000002
T2B58 000:850.983 - 0.311ms returns 0
T2B58 000:850.998 JLINK_CORESIGHT_ReadAPDPReg(AP reg 0x03)
T2B58 000:851.224   Value=0x00000002
T2B58 000:851.249 - 0.250ms returns 0
T2B58 000:851.264 JLINK_CORESIGHT_ReadAPDPReg(AP reg 0x03)
T2B58 000:851.535   Value=0x00000002
T2B58 000:851.568 - 0.303ms returns 0
T2B58 000:851.585 JLINK_CORESIGHT_ReadAPDPReg(AP reg 0x03)
T2B58 000:851.977   Value=0x00000000
T2B58 000:852.023 - 0.437ms returns 0
T2B58 000:852.046 JLINK_CORESIGHT_WriteAPDPReg(AP reg 0x00, 0x80000002)
T2B58 000:852.242 - 0.195ms returns 0
T2B58 000:852.263 JLINK_CORESIGHT_WriteAPDPReg(AP reg 0x01, 0x80011130)
T2B58 000:852.463 - 0.199ms returns 0
T2B58 000:852.484 JLINK_CORESIGHT_ReadAPDPReg(AP reg 0x03)
T2B58 000:852.766   Value=0x73020081
T2B58 000:852.788 - 0.304ms returns 0
T2B58 000:852.803 JLINK_CORESIGHT_WriteAPDPReg(AP reg 0x00, 0x80000002)
T2B58 000:852.987 - 0.184ms returns 0
T2B58 000:853.005 JLINK_CORESIGHT_WriteAPDPReg(AP reg 0x01, 0x80011140)
T2B58 000:853.212 - 0.207ms returns 0
T2B58 000:853.232 JLINK_CORESIGHT_ReadAPDPReg(AP reg 0x03)
T2B58 000:853.487   Value=0x00000000
T2B58 000:853.507 - 0.274ms returns 0
T2B58 000:853.521 JLINK_CORESIGHT_WriteAPDPReg(AP reg 0x00, 0x80000002)
T2B58 000:853.724 - 0.202ms returns 0
T2B58 000:853.740 JLINK_CORESIGHT_WriteAPDPReg(AP reg 0x01, 0x80011130)
T2B58 000:853.932 - 0.192ms returns 0
T2B58 000:853.948 JLINK_CORESIGHT_ReadAPDPReg(AP reg 0x03)
T2B58 000:854.166   Value=0x00038902
T2B58 000:854.186 - 0.237ms returns 0
T2B58 000:854.202 JLINK_CORESIGHT_WriteAPDPReg(AP reg 0x00, 0x80000002)
T2B58 000:854.399 - 0.196ms returns 0
T2B58 000:854.416 JLINK_CORESIGHT_WriteAPDPReg(AP reg 0x01, 0x80011140)
T2B58 000:854.683 - 0.266ms returns 0
T2B58 000:854.699 JLINK_CORESIGHT_ReadAPDPReg(AP reg 0x03)
T2B58 000:854.944   Value=0x00000002
T2B58 000:854.964 - 0.265ms returns 0
T2B58 000:854.978 JLINK_CORESIGHT_WriteAPDPReg(AP reg 0x00, 0x80000002)
T2B58 000:855.190 - 0.211ms returns 0
T2B58 000:855.206 JLINK_CORESIGHT_WriteAPDPReg(AP reg 0x01, 0x80011120)
T2B58 000:855.373 - 0.166ms returns 0
T2B58 000:855.390 JLINK_CORESIGHT_WriteAPDPReg(AP reg 0x03, 0x75010001)
T2B58 000:855.573 - 0.183ms returns 0
T2B58 000:855.589 JLINK_CORESIGHT_WriteAPDPReg(AP reg 0x00, 0x80000002)
T2B58 000:855.782 - 0.193ms returns 0
T2B58 000:855.798 JLINK_CORESIGHT_WriteAPDPReg(AP reg 0x01, 0x80011140)
T2B58 000:855.963 - 0.165ms returns 0
T2B58 000:855.982 JLINK_CORESIGHT_ReadAPDPReg(AP reg 0x03)
T2B58 000:856.240   Value=0x00000002
T2B58 000:856.264 - 0.282ms returns 0
T2B58 000:856.281 JLINK_CORESIGHT_WriteAPDPReg(AP reg 0x00, 0x80000002)
T2B58 000:856.496 - 0.214ms returns 0
T2B58 000:856.514 JLINK_CORESIGHT_WriteAPDPReg(AP reg 0x01, 0x80011120)
T2B58 000:856.718 - 0.203ms returns 0
T2B58 000:856.736 JLINK_CORESIGHT_WriteAPDPReg(AP reg 0x03, 0x0000038A)
T2B58 000:856.941 - 0.204ms returns 0
T2B58 000:856.960 JLINK_CORESIGHT_WriteAPDPReg(AP reg 0x00, 0x80000002)
T2B58 000:857.179 - 0.218ms returns 0
T2B58 000:857.200 JLINK_CORESIGHT_WriteAPDPReg(AP reg 0x01, 0x80011140)
T2B58 000:857.418 - 0.218ms returns 0
T2B58 000:857.434 JLINK_CORESIGHT_ReadAPDPReg(AP reg 0x03)
T2B58 000:857.691   Value=0x00000002
T2B58 000:857.711 - 0.276ms returns 0
T2B58 000:857.725 JLINK_CORESIGHT_ReadAPDPReg(AP reg 0x03)
T2B58 000:857.983   Value=0x00000002
T2B58 000:858.003 - 0.278ms returns 0
T2B58 000:858.017 JLINK_CORESIGHT_ReadAPDPReg(AP reg 0x03)
T2B58 000:858.262   Value=0x00000002
T2B58 000:858.283 - 0.265ms returns 0
T2B58 000:858.297 JLINK_CORESIGHT_ReadAPDPReg(AP reg 0x03)
T2B58 000:858.581   Value=0x00000002
T2B58 000:858.605 - 0.308ms returns 0
T2B58 000:858.620 JLINK_CORESIGHT_ReadAPDPReg(AP reg 0x03)
T2B58 000:858.879   Value=0x00000002
T2B58 000:858.900 - 0.280ms returns 0
T2B58 000:858.913 JLINK_CORESIGHT_ReadAPDPReg(AP reg 0x03)
T2B58 000:859.149   Value=0x00000002
T2B58 000:859.169 - 0.256ms returns 0
T2B58 000:859.184 JLINK_CORESIGHT_ReadAPDPReg(AP reg 0x03)
T2B58 000:859.455   Value=0x00000002
T2B58 000:859.475 - 0.291ms returns 0
T2B58 000:859.489 JLINK_CORESIGHT_ReadAPDPReg(AP reg 0x03)
T2B58 000:859.698   Value=0x00000002
T2B58 000:859.719 - 0.229ms returns 0
T2B58 000:859.732 JLINK_CORESIGHT_ReadAPDPReg(AP reg 0x03)
T2B58 000:859.944   Value=0x00000002
T2B58 000:859.966 - 0.233ms returns 0
T2B58 000:859.980 JLINK_CORESIGHT_ReadAPDPReg(AP reg 0x03)
T2B58 000:860.213   Value=0x00000002
T2B58 000:860.234 - 0.254ms returns 0
T2B58 000:860.248 JLINK_CORESIGHT_ReadAPDPReg(AP reg 0x03)
T2B58 000:860.487   Value=0x00000000
T2B58 000:860.507 - 0.259ms returns 0
T2B58 000:860.521 JLINK_CORESIGHT_WriteAPDPReg(AP reg 0x00, 0x80000002)
T2B58 000:860.716 - 0.194ms returns 0
T2B58 000:860.732 JLINK_CORESIGHT_WriteAPDPReg(AP reg 0x01, 0x80011130)
T2B58 000:860.937 - 0.205ms returns 0
T2B58 000:860.952 JLINK_CORESIGHT_ReadAPDPReg(AP reg 0x03)
T2B58 000:861.212   Value=0x75020081
T2B58 000:861.232 - 0.280ms returns 0
T2B58 000:861.246 JLINK_CORESIGHT_WriteAPDPReg(AP reg 0x00, 0x80000002)
T2B58 000:861.463 - 0.216ms returns 0
T2B58 000:861.485 JLINK_CORESIGHT_WriteAPDPReg(AP reg 0x01, 0x80011140)
T2B58 000:861.690 - 0.206ms returns 0
T2B58 000:861.711 JLINK_CORESIGHT_ReadAPDPReg(AP reg 0x03)
T2B58 000:861.976   Value=0x00000000
T2B58 000:861.996 - 0.285ms returns 0
T2B58 000:862.013 JLINK_CORESIGHT_WriteAPDPReg(AP reg 0x00, 0x80000002)
T2B58 000:862.211 - 0.198ms returns 0
T2B58 000:862.230 JLINK_CORESIGHT_WriteAPDPReg(AP reg 0x01, 0x80011130)
T2B58 000:862.437 - 0.207ms returns 0
T2B58 000:862.455 JLINK_CORESIGHT_ReadAPDPReg(AP reg 0x03)
T2B58 000:862.702   Value=0x00038702
T2B58 000:862.724 - 0.268ms returns 0
T2B58 000:863.465 JLINK_CORESIGHT_WriteAPDPReg(AP reg 0x00, 0x80000002)
T2B58 000:863.691 - 0.226ms returns 0
T2B58 000:863.709 JLINK_CORESIGHT_WriteAPDPReg(AP reg 0x01, 0x80011140)
T2B58 000:863.922 - 0.213ms returns 0
T2B58 000:863.938 JLINK_CORESIGHT_ReadAPDPReg(AP reg 0x03)
T2B58 000:864.205   Value=0x00000002
T2B58 000:864.226 - 0.287ms returns 0
T2B58 000:864.240 JLINK_CORESIGHT_WriteAPDPReg(AP reg 0x00, 0x80000002)
T2B58 000:864.437 - 0.197ms returns 0
T2B58 000:864.453 JLINK_CORESIGHT_WriteAPDPReg(AP reg 0x01, 0x80011120)
T2B58 000:864.690 - 0.236ms returns 0
T2B58 000:864.706 JLINK_CORESIGHT_WriteAPDPReg(AP reg 0x03, 0x4F010001)
T2B58 000:864.915 - 0.208ms returns 0
T2B58 000:864.931 JLINK_CORESIGHT_WriteAPDPReg(AP reg 0x00, 0x80000002)
T2B58 000:865.139 - 0.207ms returns 0
T2B58 000:865.155 JLINK_CORESIGHT_WriteAPDPReg(AP reg 0x01, 0x80011140)
T2B58 000:865.364 - 0.208ms returns 0
T2B58 000:865.382 JLINK_CORESIGHT_ReadAPDPReg(AP reg 0x03)
T2B58 000:865.690   Value=0x00000002
T2B58 000:865.710 - 0.328ms returns 0
T2B58 000:865.724 JLINK_CORESIGHT_WriteAPDPReg(AP reg 0x00, 0x80000002)
T2B58 000:865.934 - 0.209ms returns 0
T2B58 000:865.952 JLINK_CORESIGHT_WriteAPDPReg(AP reg 0x01, 0x80011120)
T2B58 000:866.119 - 0.166ms returns 0
T2B58 000:866.135 JLINK_CORESIGHT_WriteAPDPReg(AP reg 0x03, 0x000003B0)
T2B58 000:866.298 - 0.163ms returns 0
T2B58 000:866.314 JLINK_CORESIGHT_WriteAPDPReg(AP reg 0x00, 0x80000002)
T2B58 000:866.479 - 0.164ms returns 0
T2B58 000:866.494 JLINK_CORESIGHT_WriteAPDPReg(AP reg 0x01, 0x80011140)
T2B58 000:866.675 - 0.180ms returns 0
T2B58 000:866.691 JLINK_CORESIGHT_ReadAPDPReg(AP reg 0x03)
T2B58 000:866.901   Value=0x00000000
T2B58 000:866.920 - 0.229ms returns 0
T2B58 000:866.935 JLINK_CORESIGHT_WriteAPDPReg(AP reg 0x00, 0x80000002)
T2B58 000:867.198 - 0.262ms returns 0
T2B58 000:867.232 JLINK_CORESIGHT_WriteAPDPReg(AP reg 0x01, 0x80011130)
T2B58 000:867.444 - 0.212ms returns 0
T2B58 000:867.474 JLINK_CORESIGHT_ReadAPDPReg(AP reg 0x03)
T2B58 000:867.742   Value=0x4F0B0081
T2B58 000:867.764 - 0.289ms returns 0
T2B58 000:867.778 JLINK_CORESIGHT_WriteAPDPReg(AP reg 0x00, 0x80000002)
T2B58 000:867.991 - 0.213ms returns 0
T2B58 000:868.009 JLINK_CORESIGHT_WriteAPDPReg(AP reg 0x01, 0x80011140)
T2B58 000:868.212 - 0.202ms returns 0
T2B58 000:868.228 JLINK_CORESIGHT_ReadAPDPReg(AP reg 0x03)
T2B58 000:868.487   Value=0x00000000
T2B58 000:868.508 - 0.280ms returns 0
T2B58 000:868.523 JLINK_CORESIGHT_WriteAPDPReg(AP reg 0x00, 0x80000002)
T2B58 000:868.722 - 0.198ms returns 0
T2B58 000:868.738 JLINK_CORESIGHT_WriteAPDPReg(AP reg 0x01, 0x80011130)
T2B58 000:868.937 - 0.198ms returns 0
T2B58 000:868.953 JLINK_CORESIGHT_ReadAPDPReg(AP reg 0x03)
T2B58 000:869.237   Value=0x20000000
T2B58 000:869.258 - 0.305ms returns 0
T2B58 000:869.273 JLINK_CORESIGHT_WriteAPDPReg(AP reg 0x00, 0x80000002)
T2B58 000:869.445 - 0.172ms returns 0
T2B58 000:869.461 JLINK_CORESIGHT_WriteAPDPReg(AP reg 0x01, 0x80011140)
T2B58 000:869.673 - 0.211ms returns 0
T2B58 000:869.689 JLINK_CORESIGHT_ReadAPDPReg(AP reg 0x03)
T2B58 000:869.899   Value=0x00000000
T2B58 000:869.920 - 0.230ms returns 0
T2B58 000:869.934 JLINK_CORESIGHT_WriteAPDPReg(AP reg 0x00, 0x80000002)
T2B58 000:870.157 - 0.223ms returns 0
T2B58 000:870.173 JLINK_CORESIGHT_WriteAPDPReg(AP reg 0x01, 0x80011130)
T2B58 000:870.355 - 0.182ms returns 0
T2B58 000:870.371 JLINK_CORESIGHT_ReadAPDPReg(AP reg 0x03)
T2B58 000:870.716   Value=0x00000000
T2B58 000:870.736 - 0.365ms returns 0
T2B58 000:870.752 JLINK_CORESIGHT_WriteAPDPReg(AP reg 0x00, 0x80000002)
T2B58 000:870.962 - 0.210ms returns 0
T2B58 000:870.979 JLINK_CORESIGHT_WriteAPDPReg(AP reg 0x01, 0x80011140)
T2B58 000:871.187 - 0.207ms returns 0
T2B58 000:871.203 JLINK_CORESIGHT_ReadAPDPReg(AP reg 0x03)
T2B58 000:871.462   Value=0x00000000
T2B58 000:871.483 - 0.279ms returns 0
T2B58 000:871.497 JLINK_CORESIGHT_WriteAPDPReg(AP reg 0x00, 0x80000002)
T2B58 000:871.690 - 0.193ms returns 0
T2B58 000:871.706 JLINK_CORESIGHT_WriteAPDPReg(AP reg 0x01, 0x80011130)
T2B58 000:871.919 - 0.212ms returns 0
T2B58 000:871.935 JLINK_CORESIGHT_ReadAPDPReg(AP reg 0x03)
T2B58 000:872.202   Value=0x03860000
T2B58 000:872.222 - 0.287ms returns 0
T2B58 000:872.298 JLINK_CORESIGHT_ReadAPDPReg(DP reg 0x01)
T2B58 000:872.517   Value=0xF0000F40
T2B58 000:872.537 - 0.239ms returns 0
T2B58 000:872.551 JLINK_CORESIGHT_WriteAPDPReg(DP reg 0x01, 0xA0000F40)
T2B58 000:872.749 - 0.197ms returns 0
T2B58 000:872.765 JLINK_CORESIGHT_ReadAPDPReg(DP reg 0x01)
T2B58 000:872.944   Value=0x00000F40
T2B58 000:872.964 - 0.199ms returns 0
T2B58 000:872.979 JLINK_ClrRESET()
T2B58 000:873.174 - 0.195ms 
T2B58 000:977.909 JLINK_Close()
T2B58 000:992.232 - 14.322ms
T2B58 000:992.595   
T2B58 000:992.628   Closed
