     VMA      LMA     Size Align Out     In      Symbol
       0        0        0     1 RAM_START = 0x22000000
       0        0        0     1 RAM_LENGTH = 0x001d4000
       0        0        0     1 FLASH_START = 0x02000000
       0        0        0     1 FLASH_LENGTH = 0x00100000
       0        0        0     1 DATA_FLASH_START = 0x27000000
       0        0        0     1 DATA_FLASH_LENGTH = 0x00000000
       0        0        0     1 SDRAM_START = 0x68000000
       0        0        0     1 SDRAM_LENGTH = 0x08000000
       0        0        0     1 OSPI0_CS0_START = 0x80000000
       0        0        0     1 OSPI0_CS0_LENGTH = 0x10000000
       0        0        0     1 OSPI0_CS1_START = 0x90000000
       0        0        0     1 OSPI0_CS1_LENGTH = 0x10000000
       0        0        0     1 OSPI1_CS0_START = 0x70000000
       0        0        0     1 OSPI1_CS0_LENGTH = 0x08000000
       0        0        0     1 OSPI1_CS1_START = 0x78000000
       0        0        0     1 OSPI1_CS1_LENGTH = 0x08000000
       0        0        0     1 OPTION_SETTING_OFS0_START = 0x02c9f040
       0        0        0     1 OPTION_SETTING_OFS0_LENGTH = 0x00000004
       0        0        0     1 OPTION_SETTING_OFS2_START = 0x02c9f044
       0        0        0     1 OPTION_SETTING_OFS2_LENGTH = 0x00000004
       0        0        0     1 OPTION_SETTING_SAS_START = 0x02c9f074
       0        0        0     1 OPTION_SETTING_SAS_LENGTH = 0x00000004
       0        0        0     1 OPTION_SETTING_OFS1_START = 0x12c9f4c0
       0        0        0     1 OPTION_SETTING_OFS1_LENGTH = 0x00000004
       0        0        0     1 OPTION_SETTING_OFS1_SEC_START = 0x02c9f0c0
       0        0        0     1 OPTION_SETTING_OFS1_SEC_LENGTH = 0x00000004
       0        0        0     1 OPTION_SETTING_OFS1_SEL_START = 0x02c9f120
       0        0        0     1 OPTION_SETTING_OFS1_SEL_LENGTH = 0x00000004
       0        0        0     1 OPTION_SETTING_OFS3_START = 0x12c9f4c4
       0        0        0     1 OPTION_SETTING_OFS3_LENGTH = 0x00000004
       0        0        0     1 OPTION_SETTING_OFS3_SEC_START = 0x02c9f0c4
       0        0        0     1 OPTION_SETTING_OFS3_SEC_LENGTH = 0x00000004
       0        0        0     1 OPTION_SETTING_OFS3_SEL_START = 0x02c9f124
       0        0        0     1 OPTION_SETTING_OFS3_SEL_LENGTH = 0x00000004
       0        0        0     1 OPTION_SETTING_BPS_START = 0x12c9f600
       0        0        0     1 OPTION_SETTING_BPS_LENGTH = 0x00000080
       0        0        0     1 OPTION_SETTING_BPS_SEC_START = 0x02c9f200
       0        0        0     1 OPTION_SETTING_BPS_SEC_LENGTH = 0x00000080
       0        0        0     1 OPTION_SETTING_OTP_PBPS_SEC_START = 0x02e07700
       0        0        0     1 OPTION_SETTING_OTP_PBPS_SEC_LENGTH = 0x00000080
       0        0        0     1 OPTION_SETTING_OTP_PBPS_START = 0x12e07780
       0        0        0     1 OPTION_SETTING_OTP_PBPS_LENGTH = 0x00000080
       0        0        0     1 ITCM_START = 0x00000000
       0        0        0     1 ITCM_LENGTH = 0x00020000
       0        0        0     1 DTCM_START = 0x20000000
       0        0        0     1 DTCM_LENGTH = 0x00020000
90000000 90000000        0     1 .ospi0_cs1.startof
90000000 90000000        0     1         __ddsc_OSPI0_CS1_START = .
68000000 68000000        0     1 .sdram.startof
68000000 68000000        0     1         __ddsc_SDRAM_START = .
68000000 68000000        0     1 __sdram_from_ospi0_cs1$$
68000000 68000000        0     1         __sdram_from_ospi0_cs1$$Base = .
68000000 68000000        0     1         __sdram_from_ospi0_cs1$$Load = LOADADDR ( __sdram_from_ospi0_cs1$$ )
68000000 68000000        0     1         __sdram_from_ospi0_cs1$$Limit = .
80000000 80000000        0     1 .ospi0_cs0.startof
80000000 80000000        0     1         __ddsc_OSPI0_CS0_START = .
80000000 80000000        0     1 __ospi0_cs0_from_ospi0_cs1$$
80000000 80000000        0     1         __ospi0_cs0_from_ospi0_cs1$$Base = .
80000000 80000000        0     1         __ospi0_cs0_from_ospi0_cs1$$Load = LOADADDR ( __ospi0_cs0_from_ospi0_cs1$$ )
80000000 80000000        0     1         __ospi0_cs0_from_ospi0_cs1$$Limit = .
70000000 70000000        0     1 .ospi1_cs0.startof
70000000 70000000        0     1         __ddsc_OSPI1_CS0_START = .
70000000 70000000        0     1 __ospi1_cs0_from_ospi0_cs1$$
70000000 70000000        0     1         __ospi1_cs0_from_ospi0_cs1$$Base = .
70000000 70000000        0     1         __ospi1_cs0_from_ospi0_cs1$$Load = LOADADDR ( __ospi1_cs0_from_ospi0_cs1$$ )
70000000 70000000        0     1         __ospi1_cs0_from_ospi0_cs1$$Limit = .
       0        0        0     1 .itcm.startof
       0        0        0     1         __ddsc_ITCM_START = .
       0        0        0     1 __itcm_from_ospi0_cs1$$
       0        0        0     1         __itcm_from_ospi0_cs1$$Base = .
       0        0        0     1         __itcm_from_ospi0_cs1$$Load = LOADADDR ( __itcm_from_ospi0_cs1$$ )
       0        0        0     1         __itcm_from_ospi0_cs1$$Limit = .
20000000 20000000        0     1 .dtcm.startof
20000000 20000000        0     1         __ddsc_DTCM_START = .
20000000 20000000        0     1 __dtcm_from_ospi0_cs1$$
20000000 20000000        0     1         __dtcm_from_ospi0_cs1$$Base = .
20000000 20000000        0     1         __dtcm_from_ospi0_cs1$$Load = LOADADDR ( __dtcm_from_ospi0_cs1$$ )
20000000 20000000        0     1         __dtcm_from_ospi0_cs1$$Limit = .
22000000 22000000        0     1 .ram.startof
22000000 22000000        0     1         __ddsc_RAM_START = .
22000000 22000000        0     1 __ram_dtc_vector$$
22000000 22000000        0     1         __ram_dtc_vector$$Base = .
22000000 22000000        0     1         __ram_dtc_vector$$Limit = .
22000000 22000000        0     1 __ram_from_ospi0_cs1$$
22000000 22000000        0     1         __ram_from_ospi0_cs1$$Base = .
22000000 22000000        0     1         __ram_from_ospi0_cs1$$Load = LOADADDR ( __ram_from_ospi0_cs1$$ )
22000000 22000000        0     1         __ram_from_ospi0_cs1$$Limit = .
90000000 90000000        0     1 __ospi0_cs1_readonly$$
90000000 90000000        0     1         __ospi0_cs1_readonly$$Base = .
90000000 90000000        0     1         __ospi0_cs1_readonly$$Limit = .
90000000 90000000        0     1 __ospi0_cs1_noinit$$
90000000 90000000        0     1         __ospi0_cs1_noinit$$Base = .
90000000 90000000        0     1         __ospi0_cs1_noinit$$Limit = .
90000000 90000000        0     1 .ospi0_cs1.endof
90000000 90000000        0     1         __ddsc_OSPI0_CS1_END = .
78000000 78000000        0     1 .ospi1_cs1.startof
78000000 78000000        0     1         __ddsc_OSPI1_CS1_START = .
68000000 68000000        0     1 __sdram_from_ospi1_cs1$$
68000000 68000000        0     1         __sdram_from_ospi1_cs1$$Base = .
68000000 68000000        0     1         __sdram_from_ospi1_cs1$$Load = LOADADDR ( __sdram_from_ospi1_cs1$$ )
68000000 68000000        0     1         __sdram_from_ospi1_cs1$$Limit = .
80000000 80000000        0     1 __ospi0_cs0_from_ospi1_cs1$$
80000000 80000000        0     1         __ospi0_cs0_from_ospi1_cs1$$Base = .
80000000 80000000        0     1         __ospi0_cs0_from_ospi1_cs1$$Load = LOADADDR ( __ospi0_cs0_from_ospi1_cs1$$ )
80000000 80000000        0     1         __ospi0_cs0_from_ospi1_cs1$$Limit = .
70000000 70000000        0     1 __ospi1_cs0_from_ospi1_cs1$$
70000000 70000000        0     1         __ospi1_cs0_from_ospi1_cs1$$Base = .
70000000 70000000        0     1         __ospi1_cs0_from_ospi1_cs1$$Load = LOADADDR ( __ospi1_cs0_from_ospi1_cs1$$ )
70000000 70000000        0     1         __ospi1_cs0_from_ospi1_cs1$$Limit = .
       0        0        0     1 __itcm_from_ospi1_cs1$$
       0        0        0     1         __itcm_from_ospi1_cs1$$Base = .
       0        0        0     1         __itcm_from_ospi1_cs1$$Load = LOADADDR ( __itcm_from_ospi1_cs1$$ )
       0        0        0     1         __itcm_from_ospi1_cs1$$Limit = .
20000000 20000000        0     1 __dtcm_from_ospi1_cs1$$
20000000 20000000        0     1         __dtcm_from_ospi1_cs1$$Base = .
20000000 20000000        0     1         __dtcm_from_ospi1_cs1$$Load = LOADADDR ( __dtcm_from_ospi1_cs1$$ )
20000000 20000000        0     1         __dtcm_from_ospi1_cs1$$Limit = .
22000000 22000000        0     1 __ram_from_ospi1_cs1$$
22000000 22000000        0     1         __ram_from_ospi1_cs1$$Base = .
22000000 22000000        0     1         __ram_from_ospi1_cs1$$Load = LOADADDR ( __ram_from_ospi1_cs1$$ )
22000000 22000000        0     1         __ram_from_ospi1_cs1$$Limit = .
78000000 78000000        0     1 __ospi1_cs1_readonly$$
78000000 78000000        0     1         __ospi1_cs1_readonly$$Base = .
78000000 78000000        0     1         __ospi1_cs1_readonly$$Limit = .
78000000 78000000        0     1 __ospi1_cs1_noinit$$
78000000 78000000        0     1         __ospi1_cs1_noinit$$Base = .
78000000 78000000        0     1         __ospi1_cs1_noinit$$Limit = .
78000000 78000000        0     1 .ospi1_cs1.endof
78000000 78000000        0     1         __ddsc_OSPI1_CS1_END = .
27000000 27000000        0     1 .data_flash.startof
27000000 27000000        0     1         __ddsc_DATA_FLASH_START = .
68000000 68000000        0     1 __sdram_from_data_flash$$
68000000 68000000        0     1         __sdram_from_data_flash$$Base = .
68000000 68000000        0     1         __sdram_from_data_flash$$Load = LOADADDR ( __sdram_from_data_flash$$ )
68000000 68000000        0     1         __sdram_from_data_flash$$Limit = .
80000000 80000000        0     1 __ospi0_cs0_from_data_flash$$
80000000 80000000        0     1         __ospi0_cs0_from_data_flash$$Base = .
80000000 80000000        0     1         __ospi0_cs0_from_data_flash$$Load = LOADADDR ( __ospi0_cs0_from_data_flash$$ )
80000000 80000000        0     1         __ospi0_cs0_from_data_flash$$Limit = .
70000000 70000000        0     1 __ospi1_cs0_from_data_flash$$
70000000 70000000        0     1         __ospi1_cs0_from_data_flash$$Base = .
70000000 70000000        0     1         __ospi1_cs0_from_data_flash$$Load = LOADADDR ( __ospi1_cs0_from_data_flash$$ )
70000000 70000000        0     1         __ospi1_cs0_from_data_flash$$Limit = .
       0        0        0     1 __itcm_from_data_flash$$
       0        0        0     1         __itcm_from_data_flash$$Base = .
       0        0        0     1         __itcm_from_data_flash$$Load = LOADADDR ( __itcm_from_data_flash$$ )
       0        0        0     1         __itcm_from_data_flash$$Limit = .
20000000 20000000        0     1 __dtcm_from_data_flash$$
20000000 20000000        0     1         __dtcm_from_data_flash$$Base = .
20000000 20000000        0     1         __dtcm_from_data_flash$$Load = LOADADDR ( __dtcm_from_data_flash$$ )
20000000 20000000        0     1         __dtcm_from_data_flash$$Limit = .
22000000 22000000        0     1 __ram_from_data_flash$$
22000000 22000000        0     1         __ram_from_data_flash$$Base = .
22000000 22000000        0     1         __ram_from_data_flash$$Load = LOADADDR ( __ram_from_data_flash$$ )
22000000 22000000        0     1         __ram_from_data_flash$$Limit = .
27000000 27000000        0     1 __data_flash_readonly$$
27000000 27000000        0     1         __data_flash_readonly$$Base = .
27000000 27000000        0     1         __data_flash_readonly$$Limit = .
27000000 27000000        0     1 __data_flash_noinit$$
27000000 27000000        0     1         __data_flash_noinit$$Base = .
27000000 27000000        0     1         __data_flash_noinit$$Limit = .
27000000 27000000        0     1 .data_flash.endof
27000000 27000000        0     1         __ddsc_DATA_FLASH_END = .
 2000000  2000000        0     1 .flash.startof
 2000000  2000000        0     1         __ddsc_FLASH_START = .
 2000000  2000000       48     4 __flash_vectors$$
 2000000  2000000        0     1         __flash_vectors$$Base = .
 2000000  2000000        0     1         _VECTORS = .
 2000000  2000000       40     4         ./ra/fsp/src/bsp/cmsis/Device/RENESAS/Source/startup.o:(.fixed_vectors)
 2000000  2000000       40     1                 __Vectors
 2000040  2000040        8     4         ./ra_gen/vector_data.o:(.application_vectors)
 2000040  2000040        8     1                 g_vector_table
 2000048  2000048        0     1         __flash_vectors$$Limit = .
 2000048  2000048       18     4 .eh_frame
 2000048  2000048       14     1         C:\Users\qnfmd\AppData\Local\Programs\Renesas\RA\e2studio_v2025-04.1_fsp_v6.0.0\toolchains\llvm_arm\LLVM-ET-Arm-18.1.3-Windows-x86_64\bin\..\lib\clang-runtimes/arm-none-eabi/armv8.1m.main_hard_fpdp_nomve_exn_rtti\lib\libc.a(strlen.S.o):(.eh_frame+0x0)
 2000060  2000060        0     1 __flash_noinit$$
 2000060  2000060        0     1         __flash_noinit$$Base = .
 2000060  2000060        0     1         __flash_noinit$$Limit = .
68000000 68000000        0     1 __sdram_from_flash$$
68000000 68000000        0     1         __sdram_from_flash$$Base = .
68000000 68000000        0     1         __sdram_from_flash$$Load = LOADADDR ( __sdram_from_flash$$ )
68000000 68000000        0     1         __sdram_from_flash$$Limit = .
68000000 68000000        0     1 __sdram_noinit_nocache$$
68000000 68000000        0     1         __sdram_noinit_nocache$$Base = .
68000000 68000000        0     1         __sdram_noinit_nocache$$Limit = .
68000000 68000000        0     1 __sdram_zero_nocache$$
68000000 68000000        0     1         __sdram_zero_nocache$$Base = .
68000000 68000000        0     1         . = ALIGN ( 32 )
68000000 68000000        0     1         __sdram_zero_nocache$$Limit = .
68000000 68000000        0     1 __sdram_noinit$$
68000000 68000000        0     1         __sdram_noinit$$Base = .
68000000 68000000        0     1         __sdram_noinit$$Limit = .
68000000 68000000        0     1 __sdram_zero$$
68000000 68000000        0     1         __sdram_zero$$Base = .
68000000 68000000        0     1         __sdram_zero$$Limit = .
68000000 68000000        0     1 .sdram.endof
68000000 68000000        0     1         __ddsc_SDRAM_END = .
80000000 80000000        0     1 __ospi0_cs0_from_flash$$
80000000 80000000        0     1         __ospi0_cs0_from_flash$$Base = .
80000000 80000000        0     1         __ospi0_cs0_from_flash$$Load = LOADADDR ( __ospi0_cs0_from_flash$$ )
80000000 80000000        0     1         __ospi0_cs0_from_flash$$Limit = .
80000000 80000000        0     1 __ospi0_cs0_noinit_nocache$$
80000000 80000000        0     1         __ospi0_cs0_noinit_nocache$$Base = .
80000000 80000000        0     1         __ospi0_cs0_noinit_nocache$$Limit = .
80000000 80000000        0     1 __ospi0_cs0_zero_nocache$$
80000000 80000000        0     1         __ospi0_cs0_zero_nocache$$Base = .
80000000 80000000        0     1         . = ALIGN ( 32 )
80000000 80000000        0     1         __ospi0_cs0_zero_nocache$$Limit = .
80000000 80000000        0     1 __ospi0_cs0_noinit$$
80000000 80000000        0     1         __ospi0_cs0_noinit$$Base = .
80000000 80000000        0     1         __ospi0_cs0_noinit$$Limit = .
80000000 80000000        0     1 __ospi0_cs0_zero$$
80000000 80000000        0     1         __ospi0_cs0_zero$$Base = .
80000000 80000000        0     1         __ospi0_cs0_zero$$Limit = .
80000000 80000000        0     1 .ospi0_cs0.endof
80000000 80000000        0     1         __ddsc_OSPI0_CS0_END = .
70000000 70000000        0     1 __ospi1_cs0_from_flash$$
70000000 70000000        0     1         __ospi1_cs0_from_flash$$Base = .
70000000 70000000        0     1         __ospi1_cs0_from_flash$$Load = LOADADDR ( __ospi1_cs0_from_flash$$ )
70000000 70000000        0     1         __ospi1_cs0_from_flash$$Limit = .
70000000 70000000        0     1 __ospi1_cs0_noinit_nocache$$
70000000 70000000        0     1         __ospi1_cs0_noinit_nocache$$Base = .
70000000 70000000        0     1         __ospi1_cs0_noinit_nocache$$Limit = .
70000000 70000000        0     1 __ospi1_cs0_zero_nocache$$
70000000 70000000        0     1         __ospi1_cs0_zero_nocache$$Base = .
70000000 70000000        0     1         . = ALIGN ( 32 )
70000000 70000000        0     1         __ospi1_cs0_zero_nocache$$Limit = .
70000000 70000000        0     1 __ospi1_cs0_noinit$$
70000000 70000000        0     1         __ospi1_cs0_noinit$$Base = .
70000000 70000000        0     1         __ospi1_cs0_noinit$$Limit = .
70000000 70000000        0     1 __ospi1_cs0_zero$$
70000000 70000000        0     1         __ospi1_cs0_zero$$Base = .
70000000 70000000        0     1         __ospi1_cs0_zero$$Limit = .
70000000 70000000        0     1 .ospi1_cs0.endof
70000000 70000000        0     1         __ddsc_OSPI1_CS0_END = .
       0        0        0     1 __itcm_from_flash$$
       0        0        0     1         __itcm_from_flash$$Base = .
       0        0        0     1         __itcm_from_flash$$Load = LOADADDR ( __itcm_from_flash$$ )
       0        0        0     1         __itcm_from_flash$$Limit = .
       0        0        0     1 __itcm_noinit$$
       0        0        0     1         __itcm_noinit$$Base = .
       0        0        0     1         __itcm_noinit$$Limit = .
       0        0        0     1 __itcm_zero$$
       0        0        0     1         __itcm_zero$$Base = .
       0        0        0     1         __itcm_zero$$Limit = .
       0        0        0     1 .itcm.endof
       0        0        0     1         __ddsc_ITCM_END = .
20000000 20000000        0     1 __dtcm_from_flash$$
20000000 20000000        0     1         __dtcm_from_flash$$Base = .
20000000 20000000        0     1         __dtcm_from_flash$$Load = LOADADDR ( __dtcm_from_flash$$ )
20000000 20000000        0     1         __dtcm_from_flash$$Limit = .
20000000 20000000        0     1 __dtcm_noinit$$
20000000 20000000        0     1         __dtcm_noinit$$Base = .
20000000 20000000        0     1         __dtcm_noinit$$Limit = .
20000000 20000000        0     1 __dtcm_zero$$
20000000 20000000        0     1         __dtcm_zero$$Base = .
20000000 20000000        0     1         __dtcm_zero$$Limit = .
20000000 20000000        0     1 .dtcm.endof
20000000 20000000        0     1         __ddsc_DTCM_END = .
22000000 22000000        0     1 __ram_from_flash$$
22000000 22000000        0     1         __ram_from_flash$$Base = .
22000000 22000000        0     1         __ram_from_flash$$Load = LOADADDR ( __ram_from_flash$$ )
22000000 22000000        0     1         __ram_from_flash$$Limit = .
22000000 22000000        0     1 __ram_noinit_nocache$$
22000000 22000000        0     1         __ram_noinit_nocache$$Base = .
22000000 22000000        0     1         __ram_noinit_nocache$$Limit = .
22000000 22000000        0     1 __ram_zero_nocache$$
22000000 22000000        0     1         __ram_zero_nocache$$Base = .
22000000 22000000        0     1         . = ALIGN ( 32 )
22000000 22000000        0     1         __ram_zero_nocache$$Limit = .
22000000 22000000      42c     8 __ram_noinit$$
22000000 22000000        0     1         __ram_noinit$$Base = .
22000000 22000000      400     8         ./ra/fsp/src/bsp/cmsis/Device/RENESAS/Source/startup.o:(.bss.g_main_stack)
22000000 22000000      400     1                 g_main_stack
22000400 22000400       2c     4         ./ra/fsp/src/bsp/mcu/all/bsp_clocks.o:(.ram_noinit)
22000400 22000400       2c     1                 g_clock_freq
2200042c 2200042c        0     1         __ram_noinit$$Limit = .
22000430 22000430      554    16 __ram_zero$$
22000430 22000430        0     1         __ram_zero$$Base = .
22000430 22000430       a8     4         ./src/SEGGER_RTT/SEGGER_RTT.o:(.bss._SEGGER_RTT)
22000430 22000430       a8     1                 _SEGGER_RTT
220004d8 220004d8      400     1         ./src/SEGGER_RTT/SEGGER_RTT.o:(.bss._acUpBuffer)
220004d8 220004d8      400     1                 _acUpBuffer
220008d8 220008d8       10     1         ./src/SEGGER_RTT/SEGGER_RTT.o:(.bss._acDownBuffer)
220008d8 220008d8       10     1                 _acDownBuffer
220008e8 220008e8        1     1         ./src/icu_ep.o:(.bss.g_sw_press)
220008e8 220008e8        1     1                 g_sw_press
220008e9 220008e9        1     1         ./src/icu_ep.o:(.bss.g_sw2_press)
220008e9 220008e9        1     1                 g_sw2_press
220008ec 220008ec       10     4         ./ra_gen/common_data.o:(.bss.g_external_irq1_ctrl)
220008ec 220008ec       10     1                 g_external_irq1_ctrl
220008fc 220008fc       10     4         ./ra_gen/common_data.o:(.bss.g_external_irq_ctrl)
220008fc 220008fc       10     1                 g_external_irq_ctrl
2200090c 2200090c        8     4         ./ra_gen/common_data.o:(.bss.g_ioport_ctrl)
2200090c 2200090c        8     1                 g_ioport_ctrl
22000914 22000914       54     4         ./ra/fsp/src/bsp/mcu/all/bsp_group_irq.o:(.bss.g_bsp_group_irq_sources)
22000914 22000914       54     1                 g_bsp_group_irq_sources
22000968 22000968        4     4         ./ra/fsp/src/bsp/mcu/all/bsp_io.o:(.bss.g_protect_pfswe_counter)
22000968 22000968        4     1                 g_protect_pfswe_counter
2200096c 2200096c        8     4         ./ra/fsp/src/bsp/mcu/all/bsp_irq.o:(.bss.gp_renesas_isr_context)
2200096c 2200096c        8     1                 gp_renesas_isr_context
22000974 22000974        8     2         ./ra/fsp/src/bsp/mcu/all/bsp_register_protection.o:(.bss.g_protect_counters)
22000974 22000974        8     1                 g_protect_counters
2200097c 2200097c        4     4         ./ra/fsp/src/bsp/cmsis/Device/RENESAS/Source/system.o:(.bss.SystemCoreClock)
2200097c 2200097c        4     1                 SystemCoreClock
22000980 22000980        4    16         C:\Users\qnfmd\AppData\Local\Programs\Renesas\RA\e2studio_v2025-04.1_fsp_v6.0.0\toolchains\llvm_arm\LLVM-ET-Arm-18.1.3-Windows-x86_64\bin\..\lib\clang-runtimes/arm-none-eabi/armv8.1m.main_hard_fpdp_nomve_exn_rtti\lib\libc.a(libc_picolib_machine_arm_read_tp.S.o):(.bss)
22000980 22000980        4     1                 __tls
22000984 22000984        0     1         __ram_zero$$Limit = .
22000984 22000984        0     1 __ram_tdata$$
22000984 22000984        0     1         __ram_tdata$$Base = .
22000984 22000984        0     1         __ram_tdata$$Load = LOADADDR ( __ram_tdata$$ )
22000984 22000984        0     1         __ram_tdata$$Limit = .
22000984 22000984        0     1 __ram_tbss$$
22000984 22000984        0     1         __ram_tbss$$Base = .
22000984 22000984        0     1         __ram_tbss$$Limit = .
22000988 22000988        0     1 __ram_thread_stack$$
22000988 22000988        0     1         __ram_thread_stack$$Base = .
22000988 22000988        0     1         __ram_thread_stack$$Limit = .
22002000 22002000        0     1 .ram.endof
22002000 22002000        0     1         __ddsc_RAM_END = .
22002000 22002000        0     1 .ram.flat_nsc
22002000 22002000        0     1         __sau_ddsc_RAM_NSC = .
 2000060  2000060     248e    16 __flash_readonly$$
 2000060  2000060        0     1         __flash_readonly$$Base = .
 2000060  2000060      186     2         ./src/SEGGER_RTT/SEGGER_RTT.o:(.text.SEGGER_RTT_WriteNoLock)
 2000060  2000060        0     1                 $t.6
 2000061  2000061      186     1                 SEGGER_RTT_WriteNoLock
 20001e6  20001e6       a6     2         ./src/SEGGER_RTT/SEGGER_RTT.o:(.text.SEGGER_RTT_Write)
 20001e6  20001e6        0     1                 $t.8
 20001e7  20001e7       a6     1                 SEGGER_RTT_Write
 200028c  200028c      488     4         ./src/SEGGER_RTT/SEGGER_RTT_printf.o:(.text.SEGGER_RTT_vprintf)
 200028c  200028c        0     1                 $t.0
 200028d  200028d      488     1                 SEGGER_RTT_vprintf
 2000326  2000326        0     1                 $d.1
 2000334  2000334        0     1                 $t.2
 20003ea  20003ea        0     1                 $d.3
 200040c  200040c        0     1                 $t.4
 2000714  2000714      180     2         ./src/SEGGER_RTT/SEGGER_RTT_printf.o:(.text._PrintUnsigned)
 2000714  2000714        0     1                 $t.5
 2000715  2000715      180     1                 _PrintUnsigned
 2000894  2000894       22     2         ./src/SEGGER_RTT/SEGGER_RTT_printf.o:(.text.SEGGER_RTT_printf)
 2000894  2000894        0     1                 $t.6
 2000895  2000895       22     1                 SEGGER_RTT_printf
 20008b6  20008b6      27a     2         ./src/hal_entry.o:(.text.hal_entry)
 20008b6  20008b6        0     1                 $t.0
 20008b7  20008b7      27a     1                 hal_entry
 2000b30  2000b30       1a     2         ./src/hal_entry.o:(.text.R_BSP_WarmStart)
 2000b30  2000b30        0     1                 $t.1
 2000b31  2000b31       1a     1                 R_BSP_WarmStart
 2000b4a  2000b4a       42     2         ./src/icu_ep.o:(.text.icu_init)
 2000b4a  2000b4a        0     1                 $t.0
 2000b4b  2000b4b       42     1                 icu_init
 2000b8c  2000b8c       42     2         ./src/icu_ep.o:(.text.icu_init1)
 2000b8c  2000b8c        0     1                 $t.1
 2000b8d  2000b8d       42     1                 icu_init1
 2000bce  2000bce       3a     2         ./src/icu_ep.o:(.text.icu_enable)
 2000bce  2000bce        0     1                 $t.2
 2000bcf  2000bcf       3a     1                 icu_enable
 2000c08  2000c08       3a     2         ./src/icu_ep.o:(.text.icu_enable1)
 2000c08  2000c08        0     1                 $t.3
 2000c09  2000c09       3a     1                 icu_enable1
 2000c42  2000c42       38     2         ./src/icu_ep.o:(.text.icu_deinit)
 2000c42  2000c42        0     1                 $t.4
 2000c43  2000c43       38     1                 icu_deinit
 2000c7a  2000c7a       38     2         ./src/icu_ep.o:(.text.icu_deinit1)
 2000c7a  2000c7a        0     1                 $t.5
 2000c7b  2000c7b       38     1                 icu_deinit1
 2000cb2  2000cb2       16     2         ./src/icu_ep.o:(.text.irq_ep_callback)
 2000cb2  2000cb2        0     1                 $t.6
 2000cb3  2000cb3       16     1                 irq_ep_callback
 2000cc8  2000cc8       16     2         ./src/icu_ep.o:(.text.irq_ep_callback1)
 2000cc8  2000cc8        0     1                 $t.7
 2000cc9  2000cc9       16     1                 irq_ep_callback1
 2000cde  2000cde        c     2         ./ra_gen/main.o:(.text.main)
 2000cde  2000cde        0     1                 $t.0
 2000cdf  2000cdf        c     1                 main
 2000cea  2000cea       18     2         ./ra/fsp/src/r_ioport/r_ioport.o:(.text.R_IOPORT_Open)
 2000cea  2000cea        0     1                 $t.0
 2000ceb  2000ceb       18     1                 R_IOPORT_Open
 2000d02  2000d02       22     2         ./ra/fsp/src/r_ioport/r_ioport.o:(.text.R_IOPORT_PinRead)
 2000d02  2000d02        0     1                 $t.6
 2000d03  2000d03       22     1                 R_IOPORT_PinRead
 2000d24  2000d24       34     2         ./ra/fsp/src/r_ioport/r_ioport.o:(.text.R_IOPORT_PinWrite)
 2000d24  2000d24        0     1                 $t.7
 2000d25  2000d25       34     1                 R_IOPORT_PinWrite
 2000d58  2000d58       ce     2         ./ra/fsp/src/r_ioport/r_ioport.o:(.text.r_ioport_pins_config)
 2000d58  2000d58        0     1                 $t.13
 2000d59  2000d59       ce     1                 r_ioport_pins_config
 2000e26  2000e26       de     2         ./ra/fsp/src/r_ioport/r_ioport.o:(.text.bsp_vbatt_init)
 2000e26  2000e26        0     1                 $t.14
 2000e27  2000e27       de     1                 bsp_vbatt_init
 2000f04  2000f04       9c     2         ./ra/fsp/src/r_icu/r_icu.o:(.text.R_ICU_ExternalIrqOpen)
 2000f04  2000f04        0     1                 $t.0
 2000f05  2000f05       9c     1                 R_ICU_ExternalIrqOpen
 2000fa0  2000fa0       44     2         ./ra/fsp/src/r_icu/r_icu.o:(.text.R_ICU_ExternalIrqEnable)
 2000fa0  2000fa0        0     1                 $t.1
 2000fa1  2000fa1       44     1                 R_ICU_ExternalIrqEnable
 2000fe4  2000fe4       48     2         ./ra/fsp/src/r_icu/r_icu.o:(.text.R_ICU_ExternalIrqClose)
 2000fe4  2000fe4        0     1                 $t.4
 2000fe5  2000fe5       48     1                 R_ICU_ExternalIrqClose
 200102c  200102c       8e     2         ./ra/fsp/src/r_icu/r_icu.o:(.text.r_icu_isr)
 200102c  200102c        0     1                 $t.5
 200102d  200102d       8e     1                 r_icu_isr
 20010bc  20010bc       aa     4         ./ra/fsp/src/bsp/mcu/all/bsp_clocks.o:(.text.SystemCoreClockUpdate)
 20010bc  20010bc        0     1                 $t.2
 20010bd  20010bd       aa     1                 SystemCoreClockUpdate
 20010d8  20010d8        0     1                 $d.3
 20010dc  20010dc        0     1                 $t.4
 2001170  2001170      610    16         ./ra/fsp/src/bsp/mcu/all/bsp_clocks.o:(.text.bsp_clock_init)
 2001170  2001170        0     1                 $t.15
 2001171  2001171      610     1                 bsp_clock_init
 20011ec  20011ec        0     1                 $d.16
 20011f0  20011f0        0     1                 $t.17
 200136c  200136c        0     1                 $d.18
 2001370  2001370        0     1                 $t.19
 20013f8  20013f8        0     1                 $d.20
 20013fc  20013fc        0     1                 $t.21
 2001760  2001760        0     1                 $d.22
 2001780  2001780        2     2         ./ra/fsp/src/bsp/mcu/all/bsp_clocks.o:(.text.R_BSP_SubClockStabilizeWaitAfterReset)
 2001780  2001780        0     1                 $t.25
 2001781  2001781        2     1                 R_BSP_SubClockStabilizeWaitAfterReset
 2001782  2001782       80     2         ./ra/fsp/src/bsp/mcu/all/bsp_clocks.o:(.text.R_BSP_Init_RTC)
 2001782  2001782        0     1                 $t.27
 2001783  2001783       80     1                 R_BSP_Init_RTC
 2001802  2001802        c     2         ./ra/fsp/src/bsp/mcu/all/bsp_common.o:(.text.R_FSP_VersionGet)
 2001802  2001802        0     1                 $t.1
 2001803  2001803        c     1                 R_FSP_VersionGet
 200180e  200180e       7c     2         ./ra/fsp/src/bsp/mcu/all/bsp_delay.o:(.text.R_BSP_SoftwareDelay)
 200180e  200180e        0     1                 $t.0
 200180f  200180f       7c     1                 R_BSP_SoftwareDelay
 2001890  2001890        8     8         ./ra/fsp/src/bsp/mcu/all/bsp_delay.o:(.text.bsp_prv_software_delay_loop)
 2001890  2001890        0     1                 sw_delay_loop
 2001890  2001890        0     1                 $t.1
 2001891  2001891        8     1                 bsp_prv_software_delay_loop
 2001898  2001898       56     2         ./ra/fsp/src/bsp/mcu/all/bsp_group_irq.o:(.text.NMI_Handler)
 2001898  2001898        0     1                 $t.1
 2001899  2001899       56     1                 NMI_Handler
 20018ee  20018ee       2e     2         ./ra/fsp/src/bsp/mcu/all/bsp_irq.o:(.text.bsp_irq_cfg)
 20018ee  20018ee        0     1                 $t.0
 20018ef  20018ef       2e     1                 bsp_irq_cfg
 200191c  200191c       54     2         ./ra/fsp/src/bsp/mcu/all/bsp_register_protection.o:(.text.R_BSP_RegisterProtectEnable)
 200191c  200191c        0     1                 $t.0
 200191d  200191d       54     1                 R_BSP_RegisterProtectEnable
 2001970  2001970       4e     2         ./ra/fsp/src/bsp/mcu/all/bsp_register_protection.o:(.text.R_BSP_RegisterProtectDisable)
 2001970  2001970        0     1                 $t.1
 2001971  2001971       4e     1                 R_BSP_RegisterProtectDisable
 20019be  20019be        e     2         ./ra/fsp/src/bsp/cmsis/Device/RENESAS/Source/startup.o:(.text.Reset_Handler)
 20019be  20019be        0     1                 $t.0
 20019bf  20019bf        e     1                 Reset_Handler
 20019cc  20019cc        4     2         ./ra/fsp/src/bsp/cmsis/Device/RENESAS/Source/startup.o:(.text.Default_Handler)
 20019cc  20019cc        0     1                 $t.1
 20019cd  20019cd        4     1                 Default_Handler
 20019cd  20019cd        4     1                 HardFault_Handler
 20019cd  20019cd        4     1                 MemManage_Handler
 20019cd  20019cd        4     1                 BusFault_Handler
 20019cd  20019cd        4     1                 UsageFault_Handler
 20019cd  20019cd        4     1                 SecureFault_Handler
 20019cd  20019cd        4     1                 SVC_Handler
 20019cd  20019cd        4     1                 DebugMon_Handler
 20019cd  20019cd        4     1                 PendSV_Handler
 20019cd  20019cd        4     1                 SysTick_Handler
 20019d0  20019d0      2c6     8         ./ra/fsp/src/bsp/cmsis/Device/RENESAS/Source/system.o:(.text.SystemInit)
 20019d0  20019d0        0     1                 $t.0
 20019d1  20019d1      2c6     1                 SystemInit
 2001ab0  2001ab0        0     1                 memset_64_loop_start_0
 2001ab8  2001ab8        0     1                 memset_64_loop_end_0
 2001ac0  2001ac0        0     1                 memset_64_loop_start_1
 2001ac8  2001ac8        0     1                 memset_64_loop_end_1
 2001c96  2001c96        2     2         ./ra/board/ra8p1_ek/board_init.o:(.text.bsp_init)
 2001c96  2001c96        0     1                 $t.0
 2001c97  2001c97        2     1                 bsp_init
 2001c98  2001c98       2c     4         C:\Users\qnfmd\AppData\Local\Programs\Renesas\RA\e2studio_v2025-04.1_fsp_v6.0.0\toolchains\llvm_arm\LLVM-ET-Arm-18.1.3-Windows-x86_64\bin\..\lib\clang-runtimes/arm-none-eabi/armv8.1m.main_hard_fpdp_nomve_exn_rtti\lib\libc.a(libc_picolib_inittls.c.o):(.text._init_tls)
 2001c98  2001c98        0     1                 $t.0
 2001c99  2001c99       2c     1                 _init_tls
 2001cb4  2001cb4        0     1                 $d.1
 2001cc4  2001cc4       14     4         C:\Users\qnfmd\AppData\Local\Programs\Renesas\RA\e2studio_v2025-04.1_fsp_v6.0.0\toolchains\llvm_arm\LLVM-ET-Arm-18.1.3-Windows-x86_64\bin\..\lib\clang-runtimes/arm-none-eabi/armv8.1m.main_hard_fpdp_nomve_exn_rtti\lib\libc.a(libc_picolib_machine_arm_tls.c.o):(.text._set_tls)
 2001cc4  2001cc4        0     1                 $t.0
 2001cc5  2001cc5       14     1                 _set_tls
 2001cd0  2001cd0        0     1                 $d.1
 2001cd8  2001cd8        8     2         C:\Users\qnfmd\AppData\Local\Programs\Renesas\RA\e2studio_v2025-04.1_fsp_v6.0.0\toolchains\llvm_arm\LLVM-ET-Arm-18.1.3-Windows-x86_64\bin\..\lib\clang-runtimes/arm-none-eabi/armv8.1m.main_hard_fpdp_nomve_exn_rtti\lib\libc.a(bzero.c.o):(.text.bzero)
 2001cd8  2001cd8        0     1                 $t.0
 2001cd9  2001cd9        8     1                 bzero
 2001cd9  2001cd9        8     1                 __aeabi_memclr4
 2001cd9  2001cd9        8     1                 __aeabi_memclr8
 2001cd9  2001cd9        8     1                 __aeabi_memclr
 2001ce0  2001ce0       14     2         C:\Users\qnfmd\AppData\Local\Programs\Renesas\RA\e2studio_v2025-04.1_fsp_v6.0.0\toolchains\llvm_arm\LLVM-ET-Arm-18.1.3-Windows-x86_64\bin\..\lib\clang-runtimes/arm-none-eabi/armv8.1m.main_hard_fpdp_nomve_exn_rtti\lib\libc.a(memcpy.c.o):(.text.memcpy)
 2001ce0  2001ce0        0     1                 $t.0
 2001ce1  2001ce1       14     1                 memcpy
 2001ce1  2001ce1       14     1                 __aeabi_memcpy4
 2001ce1  2001ce1       14     1                 __aeabi_memcpy8
 2001ce1  2001ce1       14     1                 __aeabi_memcpy
 2001cf4  2001cf4        e     2         C:\Users\qnfmd\AppData\Local\Programs\Renesas\RA\e2studio_v2025-04.1_fsp_v6.0.0\toolchains\llvm_arm\LLVM-ET-Arm-18.1.3-Windows-x86_64\bin\..\lib\clang-runtimes/arm-none-eabi/armv8.1m.main_hard_fpdp_nomve_exn_rtti\lib\libc.a(memset.c.o):(.text.memset)
 2001cf4  2001cf4        0     1                 $t.0
 2001cf5  2001cf5        e     1                 memset
 2001d02  2001d02       11     1         ./src/SEGGER_RTT/SEGGER_RTT.o:(.rodata._DoInit._aInitStr)
 2001d02  2001d02       11     1                 _DoInit._aInitStr
 2001d13  2001d13      48c     1         <internal>:(.rodata.str1.1)
 200219f  200219f       10     1         <internal>:(.rodata.cst16)
 20021af  20021af        1     1         ./ra_gen/common_data.o:(.rodata.g_external_irq1_ext_cfg)
 20021af  20021af        1     1                 g_external_irq1_ext_cfg
 20021b0  20021b0       14     4         ./ra_gen/common_data.o:(.rodata.g_external_irq1_cfg)
 20021b0  20021b0       14     1                 g_external_irq1_cfg
 20021c4  20021c4        1     1         ./ra_gen/common_data.o:(.rodata.g_external_irq_ext_cfg)
 20021c4  20021c4        1     1                 g_external_irq_ext_cfg
 20021c8  20021c8       14     4         ./ra_gen/common_data.o:(.rodata.g_external_irq_cfg)
 20021c8  20021c8       14     1                 g_external_irq_cfg
 20021dc  20021dc       48     4         ./ra_gen/pin_data.o:(.rodata.g_bsp_pin_cfg_data)
 20021dc  20021dc       48     1                 g_bsp_pin_cfg_data
 2002224  2002224        c     4         ./ra_gen/pin_data.o:(.rodata.g_bsp_pin_cfg)
 2002224  2002224        c     1                 g_bsp_pin_cfg
 2002230  2002230        4     2         ./ra_gen/vector_data.o:(.rodata.g_interrupt_event_link_select)
 2002230  2002230        4     1                 g_interrupt_event_link_select
 2002234  2002234        6     2         ./ra/fsp/src/r_ioport/r_ioport.o:(.rodata.g_vbatt_pins_input)
 2002234  2002234        6     1                 g_vbatt_pins_input
 200223c  200223c       20     4         ./ra/fsp/src/bsp/mcu/ra8p1/bsp_linker.o:(.rodata.nocache_list)
 200223c  200223c       20     1                 nocache_list
 200225c  200225c       18     4         ./ra/fsp/src/bsp/mcu/ra8p1/bsp_linker.o:(.rodata.g_init_info)
 200225c  200225c       18     1                 g_init_info
 2002274  2002274       84     4         ./ra/fsp/src/bsp/mcu/ra8p1/bsp_linker.o:(.rodata.zero_list)
 2002274  2002274       84     1                 zero_list
 20022f8  20022f8      190     4         ./ra/fsp/src/bsp/mcu/ra8p1/bsp_linker.o:(.rodata.copy_list)
 20022f8  20022f8      190     1                 copy_list
 2002488  2002488        8     2         <internal>:(.rodata.cst8)
 2002490  2002490        6     2         ./ra/board/ra8p1_ek/board_leds.o:(.rodata.g_bsp_prv_leds)
 2002490  2002490        6     1                 g_bsp_prv_leds
 2002498  2002498        8     4         ./ra/board/ra8p1_ek/board_leds.o:(.rodata.g_bsp_leds)
 2002498  2002498        8     1                 g_bsp_leds
 20024a0  20024a0       4e     4         ./ra/fsp/src/bsp/mcu/all/bsp_common.o:(.version)
 20024a0  20024a0        4     1                 g_fsp_version
 20024a4  20024a4        6     1                 g_fsp_version_string
 20024aa  20024aa       44     1                 g_fsp_version_build_string
 20024ee  20024ee        0     1         __flash_readonly$$Limit = .
 20024ee  20024ee        0     1 __flash_preinit_array$$
 20024ee  20024ee        0     1         __preinit_array_start = .
 20024ee  20024ee        0     1         __preinit_array_end = .
 20024ee  20024ee        0     1 __flash_init_array$$
 20024ee  20024ee        0     1         __init_array_start = .
 20024ee  20024ee        0     1         __init_array_end = .
 20024ee  20024ee        0     1 __flash_fini_array$$
 20024ee  20024ee        0     1         __fini_array_start = .
 20024ee  20024ee        0     1         __fini_array_end = .
 20024ee  20024ee        0     1 __flash_arm.exidx$$
 20024ee  20024ee        0     1         __exidx_start = .
 20024ee  20024ee        0     1         __exidx_end = .
 2008000  2008000        0     1 .flash.endof
 2008000  2008000        0     1         __ddsc_FLASH_END = .
 2008000  2008000        0     1 .flash.flat_nsc
 2008000  2008000        0     1         __sau_ddsc_FLASH_NSC = .
 2c9f040  2c9f040        0     1 .option_setting_ofs0.startof
 2c9f040  2c9f040        0     1         __ddsc_OPTION_SETTING_OFS0_START = .
 2c9f040  2c9f040        0     1 __option_setting_ofs0_reg$$
 2c9f040  2c9f040        0     1         __option_setting_ofs0_reg$$Base = .
 2c9f040  2c9f040        0     1         __option_setting_ofs0_reg$$Limit = .
 2c9f040  2c9f040        0     1 .option_setting_ofs0.endof
 2c9f040  2c9f040        0     1         __ddsc_OPTION_SETTING_OFS0_END = .
 2c9f044  2c9f044        0     1 .option_setting_ofs2.startof
 2c9f044  2c9f044        0     1         __ddsc_OPTION_SETTING_OFS2_START = .
 2c9f044  2c9f044        0     1 __option_setting_ofs2_reg$$
 2c9f044  2c9f044        0     1         __option_setting_ofs2_reg$$Base = .
 2c9f044  2c9f044        0     1         __option_setting_ofs2_reg$$Limit = .
 2c9f044  2c9f044        0     1 .option_setting_ofs2.endof
 2c9f044  2c9f044        0     1         __ddsc_OPTION_SETTING_OFS2_END = .
 2c9f074  2c9f074        0     1 .option_setting_sas.startof
 2c9f074  2c9f074        0     1         __ddsc_OPTION_SETTING_SAS_START = .
 2c9f074  2c9f074        0     1 __option_setting_sas_reg$$
 2c9f074  2c9f074        0     1         __option_setting_sas_reg$$Base = .
 2c9f074  2c9f074        0     1         __option_setting_sas_reg$$Limit = .
 2c9f074  2c9f074        0     1 .option_setting_sas.endof
 2c9f074  2c9f074        0     1         __ddsc_OPTION_SETTING_SAS_END = .
12c9f4c0 12c9f4c0        0     1 .option_setting_ofs1.startof
12c9f4c0 12c9f4c0        0     1         __ddsc_OPTION_SETTING_OFS1_START = .
12c9f4c0 12c9f4c0        0     1 __option_setting_ofs1_reg$$
12c9f4c0 12c9f4c0        0     1         __option_setting_ofs1_reg$$Base = .
12c9f4c0 12c9f4c0        0     1         __option_setting_ofs1_reg$$Limit = .
12c9f4c0 12c9f4c0        0     1 .option_setting_ofs1.endof
12c9f4c0 12c9f4c0        0     1         __ddsc_OPTION_SETTING_OFS1_END = .
 2c9f0c0  2c9f0c0        0     1 .option_setting_ofs1_sec.startof
 2c9f0c0  2c9f0c0        0     1         __ddsc_OPTION_SETTING_OFS1_SEC_START = .
 2c9f0c0  2c9f0c0        0     1 __option_setting_ofs1_sec_reg$$
 2c9f0c0  2c9f0c0        0     1         __option_setting_ofs1_sec_reg$$Base = .
 2c9f0c0  2c9f0c0        0     1         __option_setting_ofs1_sec_reg$$Limit = .
 2c9f0c0  2c9f0c0        0     1 .option_setting_ofs1_sec.endof
 2c9f0c0  2c9f0c0        0     1         __ddsc_OPTION_SETTING_OFS1_SEC_END = .
 2c9f120  2c9f120        0     1 .option_setting_ofs1_sel.startof
 2c9f120  2c9f120        0     1         __ddsc_OPTION_SETTING_OFS1_SEL_START = .
 2c9f120  2c9f120        0     1 __option_setting_ofs1_sel_reg$$
 2c9f120  2c9f120        0     1         __option_setting_ofs1_sel_reg$$Base = .
 2c9f120  2c9f120        0     1         __option_setting_ofs1_sel_reg$$Limit = .
 2c9f120  2c9f120        0     1 .option_setting_ofs1_sel.endof
 2c9f120  2c9f120        0     1         __ddsc_OPTION_SETTING_OFS1_SEL_END = .
12c9f4c4 12c9f4c4        0     1 .option_setting_ofs3.startof
12c9f4c4 12c9f4c4        0     1         __ddsc_OPTION_SETTING_OFS3_START = .
12c9f4c4 12c9f4c4        0     1 __option_setting_ofs3_reg$$
12c9f4c4 12c9f4c4        0     1         __option_setting_ofs3_reg$$Base = .
12c9f4c4 12c9f4c4        0     1         __option_setting_ofs3_reg$$Limit = .
12c9f4c4 12c9f4c4        0     1 .option_setting_ofs3.endof
12c9f4c4 12c9f4c4        0     1         __ddsc_OPTION_SETTING_OFS3_END = .
 2c9f0c4  2c9f0c4        0     1 .option_setting_ofs3_sec.startof
 2c9f0c4  2c9f0c4        0     1         __ddsc_OPTION_SETTING_OFS3_SEC_START = .
 2c9f0c4  2c9f0c4        0     1 __option_setting_ofs3_sec_reg$$
 2c9f0c4  2c9f0c4        0     1         __option_setting_ofs3_sec_reg$$Base = .
 2c9f0c4  2c9f0c4        0     1         __option_setting_ofs3_sec_reg$$Limit = .
 2c9f0c4  2c9f0c4        0     1 .option_setting_ofs3_sec.endof
 2c9f0c4  2c9f0c4        0     1         __ddsc_OPTION_SETTING_OFS3_SEC_END = .
 2c9f124  2c9f124        0     1 .option_setting_ofs3_sel.startof
 2c9f124  2c9f124        0     1         __ddsc_OPTION_SETTING_OFS3_SEL_START = .
 2c9f124  2c9f124        0     1 __option_setting_ofs3_sel_reg$$
 2c9f124  2c9f124        0     1         __option_setting_ofs3_sel_reg$$Base = .
 2c9f124  2c9f124        0     1         __option_setting_ofs3_sel_reg$$Limit = .
 2c9f124  2c9f124        0     1 .option_setting_ofs3_sel.endof
 2c9f124  2c9f124        0     1         __ddsc_OPTION_SETTING_OFS3_SEL_END = .
12c9f600 12c9f600        0     1 .option_setting_bps.startof
12c9f600 12c9f600        0     1         __ddsc_OPTION_SETTING_BPS_START = .
12c9f600 12c9f600        0     1 __option_setting_bps_reg$$
12c9f600 12c9f600        0     1         __option_setting_bps_reg$$Base = .
12c9f600 12c9f600        0     1         __option_setting_bps_reg$$Limit = .
12c9f600 12c9f600        0     1 .option_setting_bps.endof
12c9f600 12c9f600        0     1         __ddsc_OPTION_SETTING_BPS_END = .
 2c9f200  2c9f200        0     1 .option_setting_bps_sec.startof
 2c9f200  2c9f200        0     1         __ddsc_OPTION_SETTING_BPS_SEC_START = .
 2c9f200  2c9f200        0     1 __option_setting_bps_sec_reg$$
 2c9f200  2c9f200        0     1         __option_setting_bps_sec_reg$$Base = .
 2c9f200  2c9f200        0     1         __option_setting_bps_sec_reg$$Limit = .
 2c9f200  2c9f200        0     1 .option_setting_bps_sec.endof
 2c9f200  2c9f200        0     1         __ddsc_OPTION_SETTING_BPS_SEC_END = .
 2e07700  2e07700        0     1 .option_setting_otp_pbps_sec.startof
 2e07700  2e07700        0     1         __ddsc_OPTION_SETTING_OTP_PBPS_SEC_START = .
 2e07700  2e07700        0     1 __option_setting_otp_pbps_sec_reg$$
 2e07700  2e07700        0     1         __option_setting_otp_pbps_sec_reg$$Base = .
 2e07700  2e07700        0     1         __option_setting_otp_pbps_sec_reg$$Limit = .
 2e07700  2e07700        0     1 .option_setting_otp_pbps_sec.endof
 2e07700  2e07700        0     1         __ddsc_OPTION_SETTING_OTP_PBPS_SEC_END = .
12e07780 12e07780        0     1 .option_setting_otp_pbps.startof
12e07780 12e07780        0     1         __ddsc_OPTION_SETTING_OTP_PBPS_START = .
12e07780 12e07780        0     1 __option_setting_otp_pbps_reg$$
12e07780 12e07780        0     1         __option_setting_otp_pbps_reg$$Base = .
12e07780 12e07780        0     1         __option_setting_otp_pbps_reg$$Limit = .
12e07780 12e07780        0     1 .option_setting_otp_pbps.endof
12e07780 12e07780        0     1         __ddsc_OPTION_SETTING_OTP_PBPS_END = .
12e07780 12e07780        0     1 PROVIDE ( __tls_base = ADDR ( __ram_tdata$$ ) )
12e07780 12e07780        0     1 PROVIDE ( __tdata_source = LOADADDR ( __ram_tdata$$ ) )
12e07780 12e07780        0     1 PROVIDE ( __tdata_size = SIZEOF ( __ram_tdata$$ ) )
12e07780 12e07780        0     1 PROVIDE ( __tbss_offset = ADDR ( __ram_tbss$$ ) - ADDR ( __ram_tdata$$ ) )
12e07780 12e07780        0     1 PROVIDE ( __tbss_size = SIZEOF ( __ram_tbss$$ ) )
12e07780 12e07780        0     1 PROVIDE ( __arm32_tls_tcb_offset = 8 )
       0        0     54cf     1 .debug_loc
       0        0     2cd5     1         ./src/SEGGER_RTT/SEGGER_RTT.o:(.debug_loc)
    2cd5     2cd5      cbc     1         ./src/SEGGER_RTT/SEGGER_RTT_printf.o:(.debug_loc)
    3991     3991       bc     1         ./src/hal_entry.o:(.debug_loc)
    3a4d     3a4d      168     1         ./src/icu_ep.o:(.debug_loc)
    3bb5     3bb5      8ff     1         ./ra/fsp/src/r_ioport/r_ioport.o:(.debug_loc)
    44b4     44b4      347     1         ./ra/fsp/src/r_icu/r_icu.o:(.debug_loc)
    47fb     47fb      771     1         ./ra/fsp/src/bsp/mcu/all/bsp_clocks.o:(.debug_loc)
    4f6c     4f6c       26     1         ./ra/fsp/src/bsp/mcu/all/bsp_common.o:(.debug_loc)
    4f92     4f92      1cb     1         ./ra/fsp/src/bsp/mcu/all/bsp_delay.o:(.debug_loc)
    515d     515d       5c     1         ./ra/fsp/src/bsp/mcu/all/bsp_group_irq.o:(.debug_loc)
    51b9     51b9       a4     1         ./ra/fsp/src/bsp/mcu/all/bsp_ipc.o:(.debug_loc)
    525d     525d       13     1         ./ra/fsp/src/bsp/mcu/all/bsp_irq.o:(.debug_loc)
    5270     5270       9d     1         ./ra/fsp/src/bsp/mcu/all/bsp_register_protection.o:(.debug_loc)
    530d     530d       21     1         ./ra/fsp/src/bsp/mcu/all/bsp_sbrk.o:(.debug_loc)
    532e     532e       30     1         ./ra/fsp/src/bsp/mcu/all/bsp_sdram.o:(.debug_loc)
    535e     535e      171     1         ./ra/fsp/src/bsp/cmsis/Device/RENESAS/Source/system.o:(.debug_loc)
       0        0     23a5     1 .debug_abbrev
       0        0      20b     1         ./src/SEGGER_RTT/SEGGER_RTT.o:(.debug_abbrev)
     20b      20b      1dd     1         ./src/SEGGER_RTT/SEGGER_RTT_printf.o:(.debug_abbrev)
     3e8      3e8      145     1         ./src/hal_entry.o:(.debug_abbrev)
     52d      52d      146     1         ./src/icu_ep.o:(.debug_abbrev)
     673      673       d9     1         ./ra_gen/common_data.o:(.debug_abbrev)
     74c      74c       4b     1         ./ra_gen/hal_data.o:(.debug_abbrev)
     797      797       39     1         ./ra_gen/main.o:(.debug_abbrev)
     7d0      7d0       a8     1         ./ra_gen/pin_data.o:(.debug_abbrev)
     878      878       8e     1         ./ra_gen/vector_data.o:(.debug_abbrev)
     906      906      2d8     1         ./ra/fsp/src/r_ioport/r_ioport.o:(.debug_abbrev)
     bde      bde      301     1         ./ra/fsp/src/r_icu/r_icu.o:(.debug_abbrev)
     edf      edf       9e     1         ./ra/fsp/src/bsp/mcu/ra8p1/bsp_linker.o:(.debug_abbrev)
     f7d      f7d      2ce     1         ./ra/fsp/src/bsp/mcu/all/bsp_clocks.o:(.debug_abbrev)
    124b     124b      12f     1         ./ra/fsp/src/bsp/mcu/all/bsp_common.o:(.debug_abbrev)
    137a     137a       a7     1         ./ra/fsp/src/bsp/mcu/all/bsp_delay.o:(.debug_abbrev)
    1421     1421      1d0     1         ./ra/fsp/src/bsp/mcu/all/bsp_group_irq.o:(.debug_abbrev)
    15f1     15f1       40     1         ./ra/fsp/src/bsp/mcu/all/bsp_io.o:(.debug_abbrev)
    1631     1631      19e     1         ./ra/fsp/src/bsp/mcu/all/bsp_ipc.o:(.debug_abbrev)
    17cf     17cf      154     1         ./ra/fsp/src/bsp/mcu/all/bsp_irq.o:(.debug_abbrev)
    1923     1923      1df     1         ./ra/fsp/src/bsp/mcu/all/bsp_register_protection.o:(.debug_abbrev)
    1b02     1b02       61     1         ./ra/fsp/src/bsp/mcu/all/bsp_sbrk.o:(.debug_abbrev)
    1b63     1b63      176     1         ./ra/fsp/src/bsp/mcu/all/bsp_sdram.o:(.debug_abbrev)
    1cd9     1cd9       a2     1         ./ra/fsp/src/bsp/cmsis/Device/RENESAS/Source/startup.o:(.debug_abbrev)
    1d7b     1d7b      25e     1         ./ra/fsp/src/bsp/cmsis/Device/RENESAS/Source/system.o:(.debug_abbrev)
    1fd9     1fd9       40     1         ./ra/board/ra8p1_ek/board_init.o:(.debug_abbrev)
    2019     2019       8d     1         ./ra/board/ra8p1_ek/board_leds.o:(.debug_abbrev)
    20a6     20a6       2e     1         C:\Users\qnfmd\AppData\Local\Programs\Renesas\RA\e2studio_v2025-04.1_fsp_v6.0.0\toolchains\llvm_arm\LLVM-ET-Arm-18.1.3-Windows-x86_64\bin\..\lib\clang-runtimes/arm-none-eabi/armv8.1m.main_hard_fpdp_nomve_exn_rtti\lib\libc.a(libc_errno_errno.c.o):(.debug_abbrev)
    20d4     20d4       74     1         C:\Users\qnfmd\AppData\Local\Programs\Renesas\RA\e2studio_v2025-04.1_fsp_v6.0.0\toolchains\llvm_arm\LLVM-ET-Arm-18.1.3-Windows-x86_64\bin\..\lib\clang-runtimes/arm-none-eabi/armv8.1m.main_hard_fpdp_nomve_exn_rtti\lib\libc.a(libc_picolib_inittls.c.o):(.debug_abbrev)
    2148     2148       62     1         C:\Users\qnfmd\AppData\Local\Programs\Renesas\RA\e2studio_v2025-04.1_fsp_v6.0.0\toolchains\llvm_arm\LLVM-ET-Arm-18.1.3-Windows-x86_64\bin\..\lib\clang-runtimes/arm-none-eabi/armv8.1m.main_hard_fpdp_nomve_exn_rtti\lib\libc.a(libc_picolib_machine_arm_tls.c.o):(.debug_abbrev)
    21aa     21aa       21     1         C:\Users\qnfmd\AppData\Local\Programs\Renesas\RA\e2studio_v2025-04.1_fsp_v6.0.0\toolchains\llvm_arm\LLVM-ET-Arm-18.1.3-Windows-x86_64\bin\..\lib\clang-runtimes/arm-none-eabi/armv8.1m.main_hard_fpdp_nomve_exn_rtti\lib\libc.a(libc_picolib_machine_arm_read_tp.S.o):(.debug_abbrev)
    21cb     21cb       94     1         C:\Users\qnfmd\AppData\Local\Programs\Renesas\RA\e2studio_v2025-04.1_fsp_v6.0.0\toolchains\llvm_arm\LLVM-ET-Arm-18.1.3-Windows-x86_64\bin\..\lib\clang-runtimes/arm-none-eabi/armv8.1m.main_hard_fpdp_nomve_exn_rtti\lib\libc.a(bzero.c.o):(.debug_abbrev)
    225f     225f       a0     1         C:\Users\qnfmd\AppData\Local\Programs\Renesas\RA\e2studio_v2025-04.1_fsp_v6.0.0\toolchains\llvm_arm\LLVM-ET-Arm-18.1.3-Windows-x86_64\bin\..\lib\clang-runtimes/arm-none-eabi/armv8.1m.main_hard_fpdp_nomve_exn_rtti\lib\libc.a(memcpy.c.o):(.debug_abbrev)
    22ff     22ff       85     1         C:\Users\qnfmd\AppData\Local\Programs\Renesas\RA\e2studio_v2025-04.1_fsp_v6.0.0\toolchains\llvm_arm\LLVM-ET-Arm-18.1.3-Windows-x86_64\bin\..\lib\clang-runtimes/arm-none-eabi/armv8.1m.main_hard_fpdp_nomve_exn_rtti\lib\libc.a(memset.c.o):(.debug_abbrev)
    2384     2384       21     1         C:\Users\qnfmd\AppData\Local\Programs\Renesas\RA\e2studio_v2025-04.1_fsp_v6.0.0\toolchains\llvm_arm\LLVM-ET-Arm-18.1.3-Windows-x86_64\bin\..\lib\clang-runtimes/arm-none-eabi/armv8.1m.main_hard_fpdp_nomve_exn_rtti\lib\libc.a(strlen.S.o):(.debug_abbrev)
       0        0    36c4d     1 .debug_info
       0        0     1d34     1         ./src/SEGGER_RTT/SEGGER_RTT.o:(.debug_info)
    1d34     1d34      5d4     1         ./src/SEGGER_RTT/SEGGER_RTT_printf.o:(.debug_info)
    2308     2308     116b     1         ./src/hal_entry.o:(.debug_info)
    3473     3473      a96     1         ./src/icu_ep.o:(.debug_info)
    3f09     3f09     1504     1         ./ra_gen/common_data.o:(.debug_info)
    540d     540d       49     1         ./ra_gen/hal_data.o:(.debug_info)
    5456     5456       43     1         ./ra_gen/main.o:(.debug_info)
    5499     5499      7a8     1         ./ra_gen/pin_data.o:(.debug_info)
    5c41     5c41      e07     1         ./ra_gen/vector_data.o:(.debug_info)
    6a48     6a48     976b     1         ./ra/fsp/src/r_ioport/r_ioport.o:(.debug_info)
   101b3    101b3     21a7     1         ./ra/fsp/src/r_icu/r_icu.o:(.debug_info)
   1235a    1235a      233     1         ./ra/fsp/src/bsp/mcu/ra8p1/bsp_linker.o:(.debug_info)
   1258d    1258d     9202     1         ./ra/fsp/src/bsp/mcu/all/bsp_clocks.o:(.debug_info)
   1b78f    1b78f      8bb     1         ./ra/fsp/src/bsp/mcu/all/bsp_common.o:(.debug_info)
   1c04a    1c04a      169     1         ./ra/fsp/src/bsp/mcu/all/bsp_delay.o:(.debug_info)
   1c1b3    1c1b3     16c8     1         ./ra/fsp/src/bsp/mcu/all/bsp_group_irq.o:(.debug_info)
   1d87b    1d87b       52     1         ./ra/fsp/src/bsp/mcu/all/bsp_io.o:(.debug_info)
   1d8cd    1d8cd     1ba8     1         ./ra/fsp/src/bsp/mcu/all/bsp_ipc.o:(.debug_info)
   1f475    1f475     1c90     1         ./ra/fsp/src/bsp/mcu/all/bsp_irq.o:(.debug_info)
   21105    21105     5f12     1         ./ra/fsp/src/bsp/mcu/all/bsp_register_protection.o:(.debug_info)
   27017    27017       76     1         ./ra/fsp/src/bsp/mcu/all/bsp_sbrk.o:(.debug_info)
   2708d    2708d     7a39     1         ./ra/fsp/src/bsp/mcu/all/bsp_sdram.o:(.debug_info)
   2eac6    2eac6       dd     1         ./ra/fsp/src/bsp/cmsis/Device/RENESAS/Source/startup.o:(.debug_info)
   2eba3    2eba3     7acd     1         ./ra/fsp/src/bsp/cmsis/Device/RENESAS/Source/system.o:(.debug_info)
   36670    36670       47     1         ./ra/board/ra8p1_ek/board_init.o:(.debug_info)
   366b7    366b7       ac     1         ./ra/board/ra8p1_ek/board_leds.o:(.debug_info)
   36763    36763       2e     1         C:\Users\qnfmd\AppData\Local\Programs\Renesas\RA\e2studio_v2025-04.1_fsp_v6.0.0\toolchains\llvm_arm\LLVM-ET-Arm-18.1.3-Windows-x86_64\bin\..\lib\clang-runtimes/arm-none-eabi/armv8.1m.main_hard_fpdp_nomve_exn_rtti\lib\libc.a(libc_errno_errno.c.o):(.debug_info)
   36791    36791       64     1         C:\Users\qnfmd\AppData\Local\Programs\Renesas\RA\e2studio_v2025-04.1_fsp_v6.0.0\toolchains\llvm_arm\LLVM-ET-Arm-18.1.3-Windows-x86_64\bin\..\lib\clang-runtimes/arm-none-eabi/armv8.1m.main_hard_fpdp_nomve_exn_rtti\lib\libc.a(libc_picolib_inittls.c.o):(.debug_info)
   367f5    367f5       60     1         C:\Users\qnfmd\AppData\Local\Programs\Renesas\RA\e2studio_v2025-04.1_fsp_v6.0.0\toolchains\llvm_arm\LLVM-ET-Arm-18.1.3-Windows-x86_64\bin\..\lib\clang-runtimes/arm-none-eabi/armv8.1m.main_hard_fpdp_nomve_exn_rtti\lib\libc.a(libc_picolib_machine_arm_tls.c.o):(.debug_info)
   36855    36855      13d     1         C:\Users\qnfmd\AppData\Local\Programs\Renesas\RA\e2studio_v2025-04.1_fsp_v6.0.0\toolchains\llvm_arm\LLVM-ET-Arm-18.1.3-Windows-x86_64\bin\..\lib\clang-runtimes/arm-none-eabi/armv8.1m.main_hard_fpdp_nomve_exn_rtti\lib\libc.a(libc_picolib_machine_arm_read_tp.S.o):(.debug_info)
   36992    36992       76     1         C:\Users\qnfmd\AppData\Local\Programs\Renesas\RA\e2studio_v2025-04.1_fsp_v6.0.0\toolchains\llvm_arm\LLVM-ET-Arm-18.1.3-Windows-x86_64\bin\..\lib\clang-runtimes/arm-none-eabi/armv8.1m.main_hard_fpdp_nomve_exn_rtti\lib\libc.a(bzero.c.o):(.debug_info)
   36a08    36a08       97     1         C:\Users\qnfmd\AppData\Local\Programs\Renesas\RA\e2studio_v2025-04.1_fsp_v6.0.0\toolchains\llvm_arm\LLVM-ET-Arm-18.1.3-Windows-x86_64\bin\..\lib\clang-runtimes/arm-none-eabi/armv8.1m.main_hard_fpdp_nomve_exn_rtti\lib\libc.a(memcpy.c.o):(.debug_info)
   36a9f    36a9f       78     1         C:\Users\qnfmd\AppData\Local\Programs\Renesas\RA\e2studio_v2025-04.1_fsp_v6.0.0\toolchains\llvm_arm\LLVM-ET-Arm-18.1.3-Windows-x86_64\bin\..\lib\clang-runtimes/arm-none-eabi/armv8.1m.main_hard_fpdp_nomve_exn_rtti\lib\libc.a(memset.c.o):(.debug_info)
   36b17    36b17      136     1         C:\Users\qnfmd\AppData\Local\Programs\Renesas\RA\e2studio_v2025-04.1_fsp_v6.0.0\toolchains\llvm_arm\LLVM-ET-Arm-18.1.3-Windows-x86_64\bin\..\lib\clang-runtimes/arm-none-eabi/armv8.1m.main_hard_fpdp_nomve_exn_rtti\lib\libc.a(strlen.S.o):(.debug_info)
       0        0      850     1 .debug_ranges
       0        0      308     1         ./src/SEGGER_RTT/SEGGER_RTT.o:(.debug_ranges)
     308      308      110     1         ./src/SEGGER_RTT/SEGGER_RTT_printf.o:(.debug_ranges)
     418      418       18     1         ./src/hal_entry.o:(.debug_ranges)
     430      430       48     1         ./src/icu_ep.o:(.debug_ranges)
     478      478       d0     1         ./ra/fsp/src/r_ioport/r_ioport.o:(.debug_ranges)
     548      548       88     1         ./ra/fsp/src/r_icu/r_icu.o:(.debug_ranges)
     5d0      5d0      140     1         ./ra/fsp/src/bsp/mcu/all/bsp_clocks.o:(.debug_ranges)
     710      710       20     1         ./ra/fsp/src/bsp/mcu/all/bsp_common.o:(.debug_ranges)
     730      730       18     1         ./ra/fsp/src/bsp/mcu/all/bsp_delay.o:(.debug_ranges)
     748      748       18     1         ./ra/fsp/src/bsp/mcu/all/bsp_group_irq.o:(.debug_ranges)
     760      760       30     1         ./ra/fsp/src/bsp/mcu/all/bsp_ipc.o:(.debug_ranges)
     790      790       30     1         ./ra/fsp/src/bsp/mcu/all/bsp_register_protection.o:(.debug_ranges)
     7c0      7c0       20     1         ./ra/fsp/src/bsp/mcu/all/bsp_sdram.o:(.debug_ranges)
     7e0      7e0       18     1         ./ra/fsp/src/bsp/cmsis/Device/RENESAS/Source/startup.o:(.debug_ranges)
     7f8      7f8       58     1         ./ra/fsp/src/bsp/cmsis/Device/RENESAS/Source/system.o:(.debug_ranges)
       0        0     e215     1 .debug_str
       0        0     e215     1         <internal>:(.debug_str)
       0        0       29     1 .comment
       0        0       29     1         <internal>:(.comment)
       0        0       50     1 .ARM.attributes
       0        0       50     1         ./src/SEGGER_RTT/SEGGER_RTT.o:(.ARM.attributes)
       0        0      e0c     4 .debug_frame
       0        0      448     4         ./src/SEGGER_RTT/SEGGER_RTT.o:(.debug_frame)
     448      448       8c     4         ./src/SEGGER_RTT/SEGGER_RTT_printf.o:(.debug_frame)
     4d4      4d4       40     4         ./src/hal_entry.o:(.debug_frame)
     514      514       ec     4         ./src/icu_ep.o:(.debug_frame)
     600      600       24     4         ./ra_gen/common_data.o:(.debug_frame)
     624      624       24     4         ./ra_gen/hal_data.o:(.debug_frame)
     648      648       30     4         ./ra_gen/main.o:(.debug_frame)
     678      678      18c     4         ./ra/fsp/src/r_ioport/r_ioport.o:(.debug_frame)
     804      804       9c     4         ./ra/fsp/src/r_icu/r_icu.o:(.debug_frame)
     8a0      8a0      188     4         ./ra/fsp/src/bsp/mcu/all/bsp_clocks.o:(.debug_frame)
     a28      a28       44     4         ./ra/fsp/src/bsp/mcu/all/bsp_common.o:(.debug_frame)
     a6c      a6c       34     4         ./ra/fsp/src/bsp/mcu/all/bsp_delay.o:(.debug_frame)
     aa0      aa0       48     4         ./ra/fsp/src/bsp/mcu/all/bsp_group_irq.o:(.debug_frame)
     ae8      ae8       70     4         ./ra/fsp/src/bsp/mcu/all/bsp_ipc.o:(.debug_frame)
     b58      b58       30     4         ./ra/fsp/src/bsp/mcu/all/bsp_irq.o:(.debug_frame)
     b88      b88       44     4         ./ra/fsp/src/bsp/mcu/all/bsp_register_protection.o:(.debug_frame)
     bcc      bcc       30     4         ./ra/fsp/src/bsp/mcu/all/bsp_sbrk.o:(.debug_frame)
     bfc      bfc       68     4         ./ra/fsp/src/bsp/mcu/all/bsp_sdram.o:(.debug_frame)
     c64      c64       40     4         ./ra/fsp/src/bsp/cmsis/Device/RENESAS/Source/startup.o:(.debug_frame)
     ca4      ca4       4c     4         ./ra/fsp/src/bsp/cmsis/Device/RENESAS/Source/system.o:(.debug_frame)
     cf0      cf0       24     4         ./ra/board/ra8p1_ek/board_init.o:(.debug_frame)
     d14      d14       34     4         C:\Users\qnfmd\AppData\Local\Programs\Renesas\RA\e2studio_v2025-04.1_fsp_v6.0.0\toolchains\llvm_arm\LLVM-ET-Arm-18.1.3-Windows-x86_64\bin\..\lib\clang-runtimes/arm-none-eabi/armv8.1m.main_hard_fpdp_nomve_exn_rtti\lib\libc.a(libc_picolib_inittls.c.o):(.debug_frame)
     d48      d48       24     4         C:\Users\qnfmd\AppData\Local\Programs\Renesas\RA\e2studio_v2025-04.1_fsp_v6.0.0\toolchains\llvm_arm\LLVM-ET-Arm-18.1.3-Windows-x86_64\bin\..\lib\clang-runtimes/arm-none-eabi/armv8.1m.main_hard_fpdp_nomve_exn_rtti\lib\libc.a(libc_picolib_machine_arm_tls.c.o):(.debug_frame)
     d6c      d6c       24     4         C:\Users\qnfmd\AppData\Local\Programs\Renesas\RA\e2studio_v2025-04.1_fsp_v6.0.0\toolchains\llvm_arm\LLVM-ET-Arm-18.1.3-Windows-x86_64\bin\..\lib\clang-runtimes/arm-none-eabi/armv8.1m.main_hard_fpdp_nomve_exn_rtti\lib\libc.a(libc_picolib_machine_arm_read_tp.S.o):(.debug_frame)
     d90      d90       24     4         C:\Users\qnfmd\AppData\Local\Programs\Renesas\RA\e2studio_v2025-04.1_fsp_v6.0.0\toolchains\llvm_arm\LLVM-ET-Arm-18.1.3-Windows-x86_64\bin\..\lib\clang-runtimes/arm-none-eabi/armv8.1m.main_hard_fpdp_nomve_exn_rtti\lib\libc.a(bzero.c.o):(.debug_frame)
     db4      db4       34     4         C:\Users\qnfmd\AppData\Local\Programs\Renesas\RA\e2studio_v2025-04.1_fsp_v6.0.0\toolchains\llvm_arm\LLVM-ET-Arm-18.1.3-Windows-x86_64\bin\..\lib\clang-runtimes/arm-none-eabi/armv8.1m.main_hard_fpdp_nomve_exn_rtti\lib\libc.a(memcpy.c.o):(.debug_frame)
     de8      de8       24     4         C:\Users\qnfmd\AppData\Local\Programs\Renesas\RA\e2studio_v2025-04.1_fsp_v6.0.0\toolchains\llvm_arm\LLVM-ET-Arm-18.1.3-Windows-x86_64\bin\..\lib\clang-runtimes/arm-none-eabi/armv8.1m.main_hard_fpdp_nomve_exn_rtti\lib\libc.a(memset.c.o):(.debug_frame)
       0        0     7d10     1 .debug_line
       0        0     1874     1         ./src/SEGGER_RTT/SEGGER_RTT.o:(.debug_line)
    1874     1874      6e2     1         ./src/SEGGER_RTT/SEGGER_RTT_printf.o:(.debug_line)
    1f56     1f56      4a2     1         ./src/hal_entry.o:(.debug_line)
    23f8     23f8      435     1         ./src/icu_ep.o:(.debug_line)
    282d     282d      380     1         ./ra_gen/common_data.o:(.debug_line)
    2bad     2bad       57     1         ./ra_gen/hal_data.o:(.debug_line)
    2c04     2c04       47     1         ./ra_gen/main.o:(.debug_line)
    2c4b     2c4b      2a3     1         ./ra_gen/pin_data.o:(.debug_line)
    2eee     2eee      130     1         ./ra_gen/vector_data.o:(.debug_line)
    301e     301e      950     1         ./ra/fsp/src/r_ioport/r_ioport.o:(.debug_line)
    396e     396e      678     1         ./ra/fsp/src/r_icu/r_icu.o:(.debug_line)
    3fe6     3fe6      20d     1         ./ra/fsp/src/bsp/mcu/ra8p1/bsp_linker.o:(.debug_line)
    41f3     41f3      cf7     1         ./ra/fsp/src/bsp/mcu/all/bsp_clocks.o:(.debug_line)
    4eea     4eea      2eb     1         ./ra/fsp/src/bsp/mcu/all/bsp_common.o:(.debug_line)
    51d5     51d5      337     1         ./ra/fsp/src/bsp/mcu/all/bsp_delay.o:(.debug_line)
    550c     550c      3c2     1         ./ra/fsp/src/bsp/mcu/all/bsp_group_irq.o:(.debug_line)
    58ce     58ce      21c     1         ./ra/fsp/src/bsp/mcu/all/bsp_io.o:(.debug_line)
    5aea     5aea      415     1         ./ra/fsp/src/bsp/mcu/all/bsp_ipc.o:(.debug_line)
    5eff     5eff      36b     1         ./ra/fsp/src/bsp/mcu/all/bsp_irq.o:(.debug_line)
    626a     626a      40b     1         ./ra/fsp/src/bsp/mcu/all/bsp_register_protection.o:(.debug_line)
    6675     6675      1fb     1         ./ra/fsp/src/bsp/mcu/all/bsp_sbrk.o:(.debug_line)
    6870     6870      422     1         ./ra/fsp/src/bsp/mcu/all/bsp_sdram.o:(.debug_line)
    6c92     6c92      25c     1         ./ra/fsp/src/bsp/cmsis/Device/RENESAS/Source/startup.o:(.debug_line)
    6eee     6eee      735     1         ./ra/fsp/src/bsp/cmsis/Device/RENESAS/Source/system.o:(.debug_line)
    7623     7623       55     1         ./ra/board/ra8p1_ek/board_init.o:(.debug_line)
    7678     7678      29c     1         ./ra/board/ra8p1_ek/board_leds.o:(.debug_line)
    7914     7914       43     1         C:\Users\qnfmd\AppData\Local\Programs\Renesas\RA\e2studio_v2025-04.1_fsp_v6.0.0\toolchains\llvm_arm\LLVM-ET-Arm-18.1.3-Windows-x86_64\bin\..\lib\clang-runtimes/arm-none-eabi/armv8.1m.main_hard_fpdp_nomve_exn_rtti\lib\libc.a(libc_errno_errno.c.o):(.debug_line)
    7957     7957       a2     1         C:\Users\qnfmd\AppData\Local\Programs\Renesas\RA\e2studio_v2025-04.1_fsp_v6.0.0\toolchains\llvm_arm\LLVM-ET-Arm-18.1.3-Windows-x86_64\bin\..\lib\clang-runtimes/arm-none-eabi/armv8.1m.main_hard_fpdp_nomve_exn_rtti\lib\libc.a(libc_picolib_inittls.c.o):(.debug_line)
    79f9     79f9       ad     1         C:\Users\qnfmd\AppData\Local\Programs\Renesas\RA\e2studio_v2025-04.1_fsp_v6.0.0\toolchains\llvm_arm\LLVM-ET-Arm-18.1.3-Windows-x86_64\bin\..\lib\clang-runtimes/arm-none-eabi/armv8.1m.main_hard_fpdp_nomve_exn_rtti\lib\libc.a(libc_picolib_machine_arm_tls.c.o):(.debug_line)
    7aa6     7aa6       45     1         C:\Users\qnfmd\AppData\Local\Programs\Renesas\RA\e2studio_v2025-04.1_fsp_v6.0.0\toolchains\llvm_arm\LLVM-ET-Arm-18.1.3-Windows-x86_64\bin\..\lib\clang-runtimes/arm-none-eabi/armv8.1m.main_hard_fpdp_nomve_exn_rtti\lib\libc.a(libc_picolib_machine_arm_read_tp.S.o):(.debug_line)
    7aeb     7aeb       a1     1         C:\Users\qnfmd\AppData\Local\Programs\Renesas\RA\e2studio_v2025-04.1_fsp_v6.0.0\toolchains\llvm_arm\LLVM-ET-Arm-18.1.3-Windows-x86_64\bin\..\lib\clang-runtimes/arm-none-eabi/armv8.1m.main_hard_fpdp_nomve_exn_rtti\lib\libc.a(bzero.c.o):(.debug_line)
    7b8c     7b8c       9f     1         C:\Users\qnfmd\AppData\Local\Programs\Renesas\RA\e2studio_v2025-04.1_fsp_v6.0.0\toolchains\llvm_arm\LLVM-ET-Arm-18.1.3-Windows-x86_64\bin\..\lib\clang-runtimes/arm-none-eabi/armv8.1m.main_hard_fpdp_nomve_exn_rtti\lib\libc.a(memcpy.c.o):(.debug_line)
    7c2b     7c2b       96     1         C:\Users\qnfmd\AppData\Local\Programs\Renesas\RA\e2studio_v2025-04.1_fsp_v6.0.0\toolchains\llvm_arm\LLVM-ET-Arm-18.1.3-Windows-x86_64\bin\..\lib\clang-runtimes/arm-none-eabi/armv8.1m.main_hard_fpdp_nomve_exn_rtti\lib\libc.a(memset.c.o):(.debug_line)
    7cc1     7cc1       4f     1         C:\Users\qnfmd\AppData\Local\Programs\Renesas\RA\e2studio_v2025-04.1_fsp_v6.0.0\toolchains\llvm_arm\LLVM-ET-Arm-18.1.3-Windows-x86_64\bin\..\lib\clang-runtimes/arm-none-eabi/armv8.1m.main_hard_fpdp_nomve_exn_rtti\lib\libc.a(strlen.S.o):(.debug_line)
       0        0      120     1 .debug_str_offsets
       0        0       1c     1         C:\Users\qnfmd\AppData\Local\Programs\Renesas\RA\e2studio_v2025-04.1_fsp_v6.0.0\toolchains\llvm_arm\LLVM-ET-Arm-18.1.3-Windows-x86_64\bin\..\lib\clang-runtimes/arm-none-eabi/armv8.1m.main_hard_fpdp_nomve_exn_rtti\lib\libc.a(libc_errno_errno.c.o):(.debug_str_offsets)
      1c       1c       30     1         C:\Users\qnfmd\AppData\Local\Programs\Renesas\RA\e2studio_v2025-04.1_fsp_v6.0.0\toolchains\llvm_arm\LLVM-ET-Arm-18.1.3-Windows-x86_64\bin\..\lib\clang-runtimes/arm-none-eabi/armv8.1m.main_hard_fpdp_nomve_exn_rtti\lib\libc.a(libc_picolib_inittls.c.o):(.debug_str_offsets)
      4c       4c       30     1         C:\Users\qnfmd\AppData\Local\Programs\Renesas\RA\e2studio_v2025-04.1_fsp_v6.0.0\toolchains\llvm_arm\LLVM-ET-Arm-18.1.3-Windows-x86_64\bin\..\lib\clang-runtimes/arm-none-eabi/armv8.1m.main_hard_fpdp_nomve_exn_rtti\lib\libc.a(libc_picolib_machine_arm_tls.c.o):(.debug_str_offsets)
      7c       7c       30     1         C:\Users\qnfmd\AppData\Local\Programs\Renesas\RA\e2studio_v2025-04.1_fsp_v6.0.0\toolchains\llvm_arm\LLVM-ET-Arm-18.1.3-Windows-x86_64\bin\..\lib\clang-runtimes/arm-none-eabi/armv8.1m.main_hard_fpdp_nomve_exn_rtti\lib\libc.a(bzero.c.o):(.debug_str_offsets)
      ac       ac       3c     1         C:\Users\qnfmd\AppData\Local\Programs\Renesas\RA\e2studio_v2025-04.1_fsp_v6.0.0\toolchains\llvm_arm\LLVM-ET-Arm-18.1.3-Windows-x86_64\bin\..\lib\clang-runtimes/arm-none-eabi/armv8.1m.main_hard_fpdp_nomve_exn_rtti\lib\libc.a(memcpy.c.o):(.debug_str_offsets)
      e8       e8       38     1         C:\Users\qnfmd\AppData\Local\Programs\Renesas\RA\e2studio_v2025-04.1_fsp_v6.0.0\toolchains\llvm_arm\LLVM-ET-Arm-18.1.3-Windows-x86_64\bin\..\lib\clang-runtimes/arm-none-eabi/armv8.1m.main_hard_fpdp_nomve_exn_rtti\lib\libc.a(memset.c.o):(.debug_str_offsets)
       0        0      463     1 .debug_line_str
       0        0      463     1         <internal>:(.debug_line_str)
       0        0       fd     1 .debug_loclists
       0        0       2a     1         C:\Users\qnfmd\AppData\Local\Programs\Renesas\RA\e2studio_v2025-04.1_fsp_v6.0.0\toolchains\llvm_arm\LLVM-ET-Arm-18.1.3-Windows-x86_64\bin\..\lib\clang-runtimes/arm-none-eabi/armv8.1m.main_hard_fpdp_nomve_exn_rtti\lib\libc.a(libc_picolib_inittls.c.o):(.debug_loclists)
      2a       2a       1b     1         C:\Users\qnfmd\AppData\Local\Programs\Renesas\RA\e2studio_v2025-04.1_fsp_v6.0.0\toolchains\llvm_arm\LLVM-ET-Arm-18.1.3-Windows-x86_64\bin\..\lib\clang-runtimes/arm-none-eabi/armv8.1m.main_hard_fpdp_nomve_exn_rtti\lib\libc.a(bzero.c.o):(.debug_loclists)
      45       45       7a     1         C:\Users\qnfmd\AppData\Local\Programs\Renesas\RA\e2studio_v2025-04.1_fsp_v6.0.0\toolchains\llvm_arm\LLVM-ET-Arm-18.1.3-Windows-x86_64\bin\..\lib\clang-runtimes/arm-none-eabi/armv8.1m.main_hard_fpdp_nomve_exn_rtti\lib\libc.a(memcpy.c.o):(.debug_loclists)
      bf       bf       3e     1         C:\Users\qnfmd\AppData\Local\Programs\Renesas\RA\e2studio_v2025-04.1_fsp_v6.0.0\toolchains\llvm_arm\LLVM-ET-Arm-18.1.3-Windows-x86_64\bin\..\lib\clang-runtimes/arm-none-eabi/armv8.1m.main_hard_fpdp_nomve_exn_rtti\lib\libc.a(memset.c.o):(.debug_loclists)
       0        0       40     1 .debug_addr
       0        0        c     1         C:\Users\qnfmd\AppData\Local\Programs\Renesas\RA\e2studio_v2025-04.1_fsp_v6.0.0\toolchains\llvm_arm\LLVM-ET-Arm-18.1.3-Windows-x86_64\bin\..\lib\clang-runtimes/arm-none-eabi/armv8.1m.main_hard_fpdp_nomve_exn_rtti\lib\libc.a(libc_picolib_inittls.c.o):(.debug_addr)
       c        c        c     1         C:\Users\qnfmd\AppData\Local\Programs\Renesas\RA\e2studio_v2025-04.1_fsp_v6.0.0\toolchains\llvm_arm\LLVM-ET-Arm-18.1.3-Windows-x86_64\bin\..\lib\clang-runtimes/arm-none-eabi/armv8.1m.main_hard_fpdp_nomve_exn_rtti\lib\libc.a(libc_picolib_machine_arm_tls.c.o):(.debug_addr)
      18       18       10     1         C:\Users\qnfmd\AppData\Local\Programs\Renesas\RA\e2studio_v2025-04.1_fsp_v6.0.0\toolchains\llvm_arm\LLVM-ET-Arm-18.1.3-Windows-x86_64\bin\..\lib\clang-runtimes/arm-none-eabi/armv8.1m.main_hard_fpdp_nomve_exn_rtti\lib\libc.a(bzero.c.o):(.debug_addr)
      28       28        c     1         C:\Users\qnfmd\AppData\Local\Programs\Renesas\RA\e2studio_v2025-04.1_fsp_v6.0.0\toolchains\llvm_arm\LLVM-ET-Arm-18.1.3-Windows-x86_64\bin\..\lib\clang-runtimes/arm-none-eabi/armv8.1m.main_hard_fpdp_nomve_exn_rtti\lib\libc.a(memcpy.c.o):(.debug_addr)
      34       34        c     1         C:\Users\qnfmd\AppData\Local\Programs\Renesas\RA\e2studio_v2025-04.1_fsp_v6.0.0\toolchains\llvm_arm\LLVM-ET-Arm-18.1.3-Windows-x86_64\bin\..\lib\clang-runtimes/arm-none-eabi/armv8.1m.main_hard_fpdp_nomve_exn_rtti\lib\libc.a(memset.c.o):(.debug_addr)
       0        0       40     1 .debug_aranges
       0        0       20     1         C:\Users\qnfmd\AppData\Local\Programs\Renesas\RA\e2studio_v2025-04.1_fsp_v6.0.0\toolchains\llvm_arm\LLVM-ET-Arm-18.1.3-Windows-x86_64\bin\..\lib\clang-runtimes/arm-none-eabi/armv8.1m.main_hard_fpdp_nomve_exn_rtti\lib\libc.a(libc_picolib_machine_arm_read_tp.S.o):(.debug_aranges)
      20       20       20     1         C:\Users\qnfmd\AppData\Local\Programs\Renesas\RA\e2studio_v2025-04.1_fsp_v6.0.0\toolchains\llvm_arm\LLVM-ET-Arm-18.1.3-Windows-x86_64\bin\..\lib\clang-runtimes/arm-none-eabi/armv8.1m.main_hard_fpdp_nomve_exn_rtti\lib\libc.a(strlen.S.o):(.debug_aranges)
       0        0     1da0     4 .symtab
       0        0     1da0     4         <internal>:(.symtab)
       0        0      c15     1 .shstrtab
       0        0      c15     1         <internal>:(.shstrtab)
       0        0     25ba     1 .strtab
       0        0     25ba     1         <internal>:(.strtab)

Cross Reference Table

Symbol                                            File
_SEGGER_RTT                                       ./src/SEGGER_RTT/SEGGER_RTT.o
__aeabi_memclr4                                   C:\Users\qnfmd\AppData\Local\Programs\Renesas\RA\e2studio_v2025-04.1_fsp_v6.0.0\toolchains\llvm_arm\LLVM-ET-Arm-18.1.3-Windows-x86_64\bin\..\lib\clang-runtimes/arm-none-eabi/armv8.1m.main_hard_fpdp_nomve_exn_rtti\lib\libc.a(bzero.c.o)
                                                  ./src/SEGGER_RTT/SEGGER_RTT.o
                                                  ./ra/fsp/src/bsp/cmsis/Device/RENESAS/Source/system.o
__aeabi_memcpy                                    C:\Users\qnfmd\AppData\Local\Programs\Renesas\RA\e2studio_v2025-04.1_fsp_v6.0.0\toolchains\llvm_arm\LLVM-ET-Arm-18.1.3-Windows-x86_64\bin\..\lib\clang-runtimes/arm-none-eabi/armv8.1m.main_hard_fpdp_nomve_exn_rtti\lib\libc.a(memcpy.c.o)
                                                  ./src/SEGGER_RTT/SEGGER_RTT.o
                                                  C:\Users\qnfmd\AppData\Local\Programs\Renesas\RA\e2studio_v2025-04.1_fsp_v6.0.0\toolchains\llvm_arm\LLVM-ET-Arm-18.1.3-Windows-x86_64\bin\..\lib\clang-runtimes/arm-none-eabi/armv8.1m.main_hard_fpdp_nomve_exn_rtti\lib\libc.a(libc_picolib_inittls.c.o)
SEGGER_RTT_WriteNoLock                            ./src/SEGGER_RTT/SEGGER_RTT.o
SEGGER_RTT_Write                                  ./src/SEGGER_RTT/SEGGER_RTT.o
                                                  ./src/SEGGER_RTT/SEGGER_RTT_printf.o
SEGGER_RTT_vprintf                                ./src/SEGGER_RTT/SEGGER_RTT_printf.o
SEGGER_RTT_printf                                 ./src/SEGGER_RTT/SEGGER_RTT_printf.o
                                                  ./src/hal_entry.o
                                                  ./src/icu_ep.o
hal_entry                                         ./src/hal_entry.o
                                                  ./ra_gen/main.o
g_bsp_leds                                        ./ra/board/ra8p1_ek/board_leds.o
                                                  ./src/hal_entry.o
R_FSP_VersionGet                                  ./ra/fsp/src/bsp/mcu/all/bsp_common.o
                                                  ./src/hal_entry.o
icu_init                                          ./src/icu_ep.o
                                                  ./src/hal_entry.o
icu_enable                                        ./src/icu_ep.o
                                                  ./src/hal_entry.o
icu_deinit                                        ./src/icu_ep.o
                                                  ./src/hal_entry.o
icu_init1                                         ./src/icu_ep.o
                                                  ./src/hal_entry.o
icu_enable1                                       ./src/icu_ep.o
                                                  ./src/hal_entry.o
g_sw_press                                        ./src/icu_ep.o
                                                  ./src/hal_entry.o
g_sw2_press                                       ./src/icu_ep.o
                                                  ./src/hal_entry.o
g_ioport_ctrl                                     ./ra_gen/common_data.o
                                                  ./src/hal_entry.o
R_IOPORT_PinRead                                  ./ra/fsp/src/r_ioport/r_ioport.o
                                                  ./src/hal_entry.o
R_IOPORT_PinWrite                                 ./ra/fsp/src/r_ioport/r_ioport.o
                                                  ./src/hal_entry.o
icu_deinit1                                       ./src/icu_ep.o
                                                  ./src/hal_entry.o
R_BSP_WarmStart                                   ./src/hal_entry.o
                                                  ./ra/fsp/src/bsp/cmsis/Device/RENESAS/Source/system.o
g_bsp_pin_cfg                                     ./ra_gen/pin_data.o
                                                  ./src/hal_entry.o
                                                  ./ra_gen/common_data.o
R_IOPORT_Open                                     ./ra/fsp/src/r_ioport/r_ioport.o
                                                  ./src/hal_entry.o
g_external_irq_ctrl                               ./ra_gen/common_data.o
                                                  ./src/icu_ep.o
g_external_irq_cfg                                ./ra_gen/common_data.o
                                                  ./src/icu_ep.o
R_ICU_ExternalIrqOpen                             ./ra/fsp/src/r_icu/r_icu.o
                                                  ./src/icu_ep.o
g_external_irq1_ctrl                              ./ra_gen/common_data.o
                                                  ./src/icu_ep.o
g_external_irq1_cfg                               ./ra_gen/common_data.o
                                                  ./src/icu_ep.o
R_ICU_ExternalIrqEnable                           ./ra/fsp/src/r_icu/r_icu.o
                                                  ./src/icu_ep.o
R_ICU_ExternalIrqClose                            ./ra/fsp/src/r_icu/r_icu.o
                                                  ./src/icu_ep.o
irq_ep_callback                                   ./src/icu_ep.o
                                                  ./ra_gen/common_data.o
irq_ep_callback1                                  ./src/icu_ep.o
                                                  ./ra_gen/common_data.o
g_external_irq1_ext_cfg                           ./ra_gen/common_data.o
g_external_irq_ext_cfg                            ./ra_gen/common_data.o
main                                              ./ra_gen/main.o
[...]
__ospi0_cs0_from_ospi0_cs1$$Base                  fsp_gen.lld:65
                                                  ./ra/fsp/src/bsp/mcu/ra8p1/bsp_linker.o
__ospi0_cs0_from_ospi0_cs1$$Limit                 fsp_gen.lld:70
                                                  ./ra/fsp/src/bsp/mcu/ra8p1/bsp_linker.o
__ospi0_cs0_from_ospi0_cs1$$Load                  fsp_gen.lld:65
                                                  ./ra/fsp/src/bsp/mcu/ra8p1/bsp_linker.o
__ospi0_cs0_from_ospi1_cs1$$Base                  fsp_gen.lld:191
                                                  ./ra/fsp/src/bsp/mcu/ra8p1/bsp_linker.o
__ospi0_cs0_from_ospi1_cs1$$Limit                 fsp_gen.lld:196
                                                  ./ra/fsp/src/bsp/mcu/ra8p1/bsp_linker.o
__ospi0_cs0_from_ospi1_cs1$$Load                  fsp_gen.lld:191
                                                  ./ra/fsp/src/bsp/mcu/ra8p1/bsp_linker.o
__ospi0_cs0_from_data_flash$$Base                 fsp_gen.lld:291
                                                  ./ra/fsp/src/bsp/mcu/ra8p1/bsp_linker.o
__ospi0_cs0_from_data_flash$$Limit                fsp_gen.lld:296
                                                  ./ra/fsp/src/bsp/mcu/ra8p1/bsp_linker.o
__ospi0_cs0_from_data_flash$$Load                 fsp_gen.lld:291
                                                  ./ra/fsp/src/bsp/mcu/ra8p1/bsp_linker.o
__ospi0_cs0_from_flash$$Base                      fsp_gen.lld:444
                                                  ./ra/fsp/src/bsp/mcu/ra8p1/bsp_linker.o
__ospi0_cs0_from_flash$$Limit                     fsp_gen.lld:449
                                                  ./ra/fsp/src/bsp/mcu/ra8p1/bsp_linker.o
__ospi0_cs0_from_flash$$Load                      fsp_gen.lld:444
                                                  ./ra/fsp/src/bsp/mcu/ra8p1/bsp_linker.o
__ospi1_cs0_from_ospi0_cs1$$Base                  fsp_gen.lld:82
                                                  ./ra/fsp/src/bsp/mcu/ra8p1/bsp_linker.o
__ospi1_cs0_from_ospi0_cs1$$Limit                 fsp_gen.lld:87
                                                  ./ra/fsp/src/bsp/mcu/ra8p1/bsp_linker.o
__ospi1_cs0_from_ospi0_cs1$$Load                  fsp_gen.lld:82
                                                  ./ra/fsp/src/bsp/mcu/ra8p1/bsp_linker.o
__ospi1_cs0_from_ospi1_cs1$$Base                  fsp_gen.lld:203
                                                  ./ra/fsp/src/bsp/mcu/ra8p1/bsp_linker.o
__ospi1_cs0_from_ospi1_cs1$$Limit                 fsp_gen.lld:208
                                                  ./ra/fsp/src/bsp/mcu/ra8p1/bsp_linker.o
__ospi1_cs0_from_ospi1_cs1$$Load                  fsp_gen.lld:203
                                                  ./ra/fsp/src/bsp/mcu/ra8p1/bsp_linker.o
__ospi1_cs0_from_data_flash$$Base                 fsp_gen.lld:303
                                                  ./ra/fsp/src/bsp/mcu/ra8p1/bsp_linker.o
__ospi1_cs0_from_data_flash$$Limit                fsp_gen.lld:308
                                                  ./ra/fsp/src/bsp/mcu/ra8p1/bsp_linker.o
__ospi1_cs0_from_data_flash$$Load                 fsp_gen.lld:303
                                                  ./ra/fsp/src/bsp/mcu/ra8p1/bsp_linker.o
__ospi1_cs0_from_flash$$Base                      fsp_gen.lld:494
                                                  ./ra/fsp/src/bsp/mcu/ra8p1/bsp_linker.o
__ospi1_cs0_from_flash$$Limit                     fsp_gen.lld:499
                                                  ./ra/fsp/src/bsp/mcu/ra8p1/bsp_linker.o
__ospi1_cs0_from_flash$$Load                      fsp_gen.lld:494
                                                  ./ra/fsp/src/bsp/mcu/ra8p1/bsp_linker.o
__itcm_from_ospi0_cs1$$Base                       fsp_gen.lld:99
                                                  ./ra/fsp/src/bsp/mcu/ra8p1/bsp_linker.o
__itcm_from_ospi0_cs1$$Limit                      fsp_gen.lld:104
                                                  ./ra/fsp/src/bsp/mcu/ra8p1/bsp_linker.o
__itcm_from_ospi0_cs1$$Load                       fsp_gen.lld:99
                                                  ./ra/fsp/src/bsp/mcu/ra8p1/bsp_linker.o
__itcm_from_ospi1_cs1$$Base                       fsp_gen.lld:215
                                                  ./ra/fsp/src/bsp/mcu/ra8p1/bsp_linker.o
__itcm_from_ospi1_cs1$$Limit                      fsp_gen.lld:220
                                                  ./ra/fsp/src/bsp/mcu/ra8p1/bsp_linker.o
__itcm_from_ospi1_cs1$$Load                       fsp_gen.lld:215
                                                  ./ra/fsp/src/bsp/mcu/ra8p1/bsp_linker.o
__itcm_from_data_flash$$Base                      fsp_gen.lld:315
                                                  ./ra/fsp/src/bsp/mcu/ra8p1/bsp_linker.o
__itcm_from_data_flash$$Limit                     fsp_gen.lld:320
                                                  ./ra/fsp/src/bsp/mcu/ra8p1/bsp_linker.o
__itcm_from_data_flash$$Load                      fsp_gen.lld:315
                                                  ./ra/fsp/src/bsp/mcu/ra8p1/bsp_linker.o
__itcm_from_flash$$Base                           fsp_gen.lld:544
                                                  ./ra/fsp/src/bsp/mcu/ra8p1/bsp_linker.o
__itcm_from_flash$$Limit                          fsp_gen.lld:549
                                                  ./ra/fsp/src/bsp/mcu/ra8p1/bsp_linker.o
__itcm_from_flash$$Load                           fsp_gen.lld:544
                                                  ./ra/fsp/src/bsp/mcu/ra8p1/bsp_linker.o
__dtcm_from_ospi0_cs1$$Base                       fsp_gen.lld:116
                                                  ./ra/fsp/src/bsp/mcu/ra8p1/bsp_linker.o
__dtcm_from_ospi0_cs1$$Limit                      fsp_gen.lld:121
                                                  ./ra/fsp/src/bsp/mcu/ra8p1/bsp_linker.o
__dtcm_from_ospi0_cs1$$Load                       fsp_gen.lld:116
                                                  ./ra/fsp/src/bsp/mcu/ra8p1/bsp_linker.o
__dtcm_from_ospi1_cs1$$Base                       fsp_gen.lld:227
                                                  ./ra/fsp/src/bsp/mcu/ra8p1/bsp_linker.o
__dtcm_from_ospi1_cs1$$Limit                      fsp_gen.lld:232
                                                  ./ra/fsp/src/bsp/mcu/ra8p1/bsp_linker.o
__dtcm_from_ospi1_cs1$$Load                       fsp_gen.lld:227
                                                  ./ra/fsp/src/bsp/mcu/ra8p1/bsp_linker.o
__dtcm_from_data_flash$$Base                      fsp_gen.lld:327
                                                  ./ra/fsp/src/bsp/mcu/ra8p1/bsp_linker.o
__dtcm_from_data_flash$$Limit                     fsp_gen.lld:332
                                                  ./ra/fsp/src/bsp/mcu/ra8p1/bsp_linker.o
__dtcm_from_data_flash$$Load                      fsp_gen.lld:327
                                                  ./ra/fsp/src/bsp/mcu/ra8p1/bsp_linker.o
__dtcm_from_flash$$Base                           fsp_gen.lld:577
                                                  ./ra/fsp/src/bsp/mcu/ra8p1/bsp_linker.o
__dtcm_from_flash$$Limit                          fsp_gen.lld:582
                                                  ./ra/fsp/src/bsp/mcu/ra8p1/bsp_linker.o
__dtcm_from_flash$$Load                           fsp_gen.lld:577
                                                  ./ra/fsp/src/bsp/mcu/ra8p1/bsp_linker.o
__ram_from_ospi0_cs1$$Base                        fsp_gen.lld:139
                                                  ./ra/fsp/src/bsp/mcu/ra8p1/bsp_linker.o
__ram_from_ospi0_cs1$$Limit                       fsp_gen.lld:144
                                                  ./ra/fsp/src/bsp/mcu/ra8p1/bsp_linker.o
__ram_from_ospi0_cs1$$Load                        fsp_gen.lld:139
                                                  ./ra/fsp/src/bsp/mcu/ra8p1/bsp_linker.o
__ram_from_ospi1_cs1$$Base                        fsp_gen.lld:239
                                                  ./ra/fsp/src/bsp/mcu/ra8p1/bsp_linker.o
__ram_from_ospi1_cs1$$Limit                       fsp_gen.lld:244
                                                  ./ra/fsp/src/bsp/mcu/ra8p1/bsp_linker.o
__ram_from_ospi1_cs1$$Load                        fsp_gen.lld:239
                                                  ./ra/fsp/src/bsp/mcu/ra8p1/bsp_linker.o
__ram_from_data_flash$$Base                       fsp_gen.lld:339
                                                  ./ra/fsp/src/bsp/mcu/ra8p1/bsp_linker.o
__ram_from_data_flash$$Limit                      fsp_gen.lld:344
                                                  ./ra/fsp/src/bsp/mcu/ra8p1/bsp_linker.o
__ram_from_data_flash$$Load                       fsp_gen.lld:339
                                                  ./ra/fsp/src/bsp/mcu/ra8p1/bsp_linker.o
__ram_from_flash$$Base                            fsp_gen.lld:610
                                                  ./ra/fsp/src/bsp/mcu/ra8p1/bsp_linker.o
__ram_from_flash$$Limit                           fsp_gen.lld:617
                                                  ./ra/fsp/src/bsp/mcu/ra8p1/bsp_linker.o
__ram_from_flash$$Load                            fsp_gen.lld:610
                                                  ./ra/fsp/src/bsp/mcu/ra8p1/bsp_linker.o
__ram_tdata$$Base                                 fsp_gen.lld:659
                                                  ./ra/fsp/src/bsp/mcu/ra8p1/bsp_linker.o
__ram_tdata$$Limit                                fsp_gen.lld:663
                                                  ./ra/fsp/src/bsp/mcu/ra8p1/bsp_linker.o
__ram_tdata$$Load                                 fsp_gen.lld:659
                                                  ./ra/fsp/src/bsp/mcu/ra8p1/bsp_linker.o
SystemCoreClockUpdate                             ./ra/fsp/src/bsp/mcu/all/bsp_clocks.o
                                                  ./ra/fsp/src/bsp/cmsis/Device/RENESAS/Source/system.o
SystemCoreClock                                   ./ra/fsp/src/bsp/cmsis/Device/RENESAS/Source/system.o
                                                  ./ra/fsp/src/bsp/mcu/all/bsp_clocks.o
                                                  ./ra/fsp/src/bsp/mcu/all/bsp_delay.o
bsp_clock_init                                    ./ra/fsp/src/bsp/mcu/all/bsp_clocks.o
                                                  ./ra/fsp/src/bsp/cmsis/Device/RENESAS/Source/system.o
R_BSP_SubClockStabilizeWaitAfterReset             ./ra/fsp/src/bsp/mcu/all/bsp_clocks.o
R_BSP_Init_RTC                                    ./ra/fsp/src/bsp/mcu/all/bsp_clocks.o
                                                  ./ra/fsp/src/bsp/cmsis/Device/RENESAS/Source/system.o
bsp_init                                          ./ra/board/ra8p1_ek/board_init.o
                                                  ./ra/fsp/src/bsp/mcu/all/bsp_common.o
                                                  ./ra/fsp/src/bsp/cmsis/Device/RENESAS/Source/system.o
bsp_prv_software_delay_loop                       ./ra/fsp/src/bsp/mcu/all/bsp_delay.o
g_bsp_group_irq_sources                           ./ra/fsp/src/bsp/mcu/all/bsp_group_irq.o
NMI_Handler                                       ./ra/fsp/src/bsp/mcu/all/bsp_group_irq.o
                                                  ./ra/fsp/src/bsp/cmsis/Device/RENESAS/Source/startup.o
bsp_irq_cfg                                       ./ra/fsp/src/bsp/mcu/all/bsp_irq.o
                                                  ./ra/fsp/src/bsp/cmsis/Device/RENESAS/Source/system.o
g_protect_counters                                ./ra/fsp/src/bsp/mcu/all/bsp_register_protection.o
Reset_Handler                                     ./ra/fsp/src/bsp/cmsis/Device/RENESAS/Source/startup.o
SystemInit                                        ./ra/fsp/src/bsp/cmsis/Device/RENESAS/Source/system.o
                                                  ./ra/fsp/src/bsp/cmsis/Device/RENESAS/Source/startup.o
Default_Handler                                   ./ra/fsp/src/bsp/cmsis/Device/RENESAS/Source/startup.o
g_main_stack                                      ./ra/fsp/src/bsp/cmsis/Device/RENESAS/Source/startup.o
                                                  ./ra/fsp/src/bsp/cmsis/Device/RENESAS/Source/system.o
__Vectors                                         ./ra/fsp/src/bsp/cmsis/Device/RENESAS/Source/startup.o
                                                  ./ra/fsp/src/bsp/cmsis/Device/RENESAS/Source/system.o
HardFault_Handler                                 ./ra/fsp/src/bsp/cmsis/Device/RENESAS/Source/startup.o
MemManage_Handler                                 ./ra/fsp/src/bsp/cmsis/Device/RENESAS/Source/startup.o
BusFault_Handler                                  ./ra/fsp/src/bsp/cmsis/Device/RENESAS/Source/startup.o
UsageFault_Handler                                ./ra/fsp/src/bsp/cmsis/Device/RENESAS/Source/startup.o
SecureFault_Handler                               ./ra/fsp/src/bsp/cmsis/Device/RENESAS/Source/startup.o
SVC_Handler                                       ./ra/fsp/src/bsp/cmsis/Device/RENESAS/Source/startup.o
DebugMon_Handler                                  ./ra/fsp/src/bsp/cmsis/Device/RENESAS/Source/startup.o
PendSV_Handler                                    ./ra/fsp/src/bsp/cmsis/Device/RENESAS/Source/startup.o
SysTick_Handler                                   ./ra/fsp/src/bsp/cmsis/Device/RENESAS/Source/startup.o
__aeabi_memcpy4                                   C:\Users\qnfmd\AppData\Local\Programs\Renesas\RA\e2studio_v2025-04.1_fsp_v6.0.0\toolchains\llvm_arm\LLVM-ET-Arm-18.1.3-Windows-x86_64\bin\..\lib\clang-runtimes/arm-none-eabi/armv8.1m.main_hard_fpdp_nomve_exn_rtti\lib\libc.a(memcpy.c.o)
                                                  ./ra/fsp/src/bsp/cmsis/Device/RENESAS/Source/system.o
__tls_base                                        fsp_gen.lld:1024
                                                  ./ra/fsp/src/bsp/cmsis/Device/RENESAS/Source/system.o
_init_tls                                         C:\Users\qnfmd\AppData\Local\Programs\Renesas\RA\e2studio_v2025-04.1_fsp_v6.0.0\toolchains\llvm_arm\LLVM-ET-Arm-18.1.3-Windows-x86_64\bin\..\lib\clang-runtimes/arm-none-eabi/armv8.1m.main_hard_fpdp_nomve_exn_rtti\lib\libc.a(libc_picolib_inittls.c.o)
                                                  ./ra/fsp/src/bsp/cmsis/Device/RENESAS/Source/system.o
_set_tls                                          C:\Users\qnfmd\AppData\Local\Programs\Renesas\RA\e2studio_v2025-04.1_fsp_v6.0.0\toolchains\llvm_arm\LLVM-ET-Arm-18.1.3-Windows-x86_64\bin\..\lib\clang-runtimes/arm-none-eabi/armv8.1m.main_hard_fpdp_nomve_exn_rtti\lib\libc.a(libc_picolib_machine_arm_tls.c.o)
                                                  ./ra/fsp/src/bsp/cmsis/Device/RENESAS/Source/system.o
__init_array_end                                  fsp_gen.lld:739
                                                  ./ra/fsp/src/bsp/cmsis/Device/RENESAS/Source/system.o
__init_array_start                                fsp_gen.lld:736
                                                  ./ra/fsp/src/bsp/cmsis/Device/RENESAS/Source/system.o
__aeabi_memclr                                    C:\Users\qnfmd\AppData\Local\Programs\Renesas\RA\e2studio_v2025-04.1_fsp_v6.0.0\toolchains\llvm_arm\LLVM-ET-Arm-18.1.3-Windows-x86_64\bin\..\lib\clang-runtimes/arm-none-eabi/armv8.1m.main_hard_fpdp_nomve_exn_rtti\lib\libc.a(bzero.c.o)
                                                  C:\Users\qnfmd\AppData\Local\Programs\Renesas\RA\e2studio_v2025-04.1_fsp_v6.0.0\toolchains\llvm_arm\LLVM-ET-Arm-18.1.3-Windows-x86_64\bin\..\lib\clang-runtimes/arm-none-eabi/armv8.1m.main_hard_fpdp_nomve_exn_rtti\lib\libc.a(libc_picolib_inittls.c.o)
__tdata_source                                    fsp_gen.lld:1025
                                                  C:\Users\qnfmd\AppData\Local\Programs\Renesas\RA\e2studio_v2025-04.1_fsp_v6.0.0\toolchains\llvm_arm\LLVM-ET-Arm-18.1.3-Windows-x86_64\bin\..\lib\clang-runtimes/arm-none-eabi/armv8.1m.main_hard_fpdp_nomve_exn_rtti\lib\libc.a(libc_picolib_inittls.c.o)
__tdata_size                                      fsp_gen.lld:1026
                                                  C:\Users\qnfmd\AppData\Local\Programs\Renesas\RA\e2studio_v2025-04.1_fsp_v6.0.0\toolchains\llvm_arm\LLVM-ET-Arm-18.1.3-Windows-x86_64\bin\..\lib\clang-runtimes/arm-none-eabi/armv8.1m.main_hard_fpdp_nomve_exn_rtti\lib\libc.a(libc_picolib_inittls.c.o)
__tbss_offset                                     fsp_gen.lld:1027
                                                  C:\Users\qnfmd\AppData\Local\Programs\Renesas\RA\e2studio_v2025-04.1_fsp_v6.0.0\toolchains\llvm_arm\LLVM-ET-Arm-18.1.3-Windows-x86_64\bin\..\lib\clang-runtimes/arm-none-eabi/armv8.1m.main_hard_fpdp_nomve_exn_rtti\lib\libc.a(libc_picolib_inittls.c.o)
__tbss_size                                       fsp_gen.lld:1028
                                                  C:\Users\qnfmd\AppData\Local\Programs\Renesas\RA\e2studio_v2025-04.1_fsp_v6.0.0\toolchains\llvm_arm\LLVM-ET-Arm-18.1.3-Windows-x86_64\bin\..\lib\clang-runtimes/arm-none-eabi/armv8.1m.main_hard_fpdp_nomve_exn_rtti\lib\libc.a(libc_picolib_inittls.c.o)
__arm32_tls_tcb_offset                            fsp_gen.lld:1029
                                                  C:\Users\qnfmd\AppData\Local\Programs\Renesas\RA\e2studio_v2025-04.1_fsp_v6.0.0\toolchains\llvm_arm\LLVM-ET-Arm-18.1.3-Windows-x86_64\bin\..\lib\clang-runtimes/arm-none-eabi/armv8.1m.main_hard_fpdp_nomve_exn_rtti\lib\libc.a(libc_picolib_machine_arm_tls.c.o)
__tls                                             C:\Users\qnfmd\AppData\Local\Programs\Renesas\RA\e2studio_v2025-04.1_fsp_v6.0.0\toolchains\llvm_arm\LLVM-ET-Arm-18.1.3-Windows-x86_64\bin\..\lib\clang-runtimes/arm-none-eabi/armv8.1m.main_hard_fpdp_nomve_exn_rtti\lib\libc.a(libc_picolib_machine_arm_read_tp.S.o)
                                                  C:\Users\qnfmd\AppData\Local\Programs\Renesas\RA\e2studio_v2025-04.1_fsp_v6.0.0\toolchains\llvm_arm\LLVM-ET-Arm-18.1.3-Windows-x86_64\bin\..\lib\clang-runtimes/arm-none-eabi/armv8.1m.main_hard_fpdp_nomve_exn_rtti\lib\libc.a(libc_picolib_machine_arm_tls.c.o)
bzero                                             C:\Users\qnfmd\AppData\Local\Programs\Renesas\RA\e2studio_v2025-04.1_fsp_v6.0.0\toolchains\llvm_arm\LLVM-ET-Arm-18.1.3-Windows-x86_64\bin\..\lib\clang-runtimes/arm-none-eabi/armv8.1m.main_hard_fpdp_nomve_exn_rtti\lib\libc.a(bzero.c.o)
memset                                            C:\Users\qnfmd\AppData\Local\Programs\Renesas\RA\e2studio_v2025-04.1_fsp_v6.0.0\toolchains\llvm_arm\LLVM-ET-Arm-18.1.3-Windows-x86_64\bin\..\lib\clang-runtimes/arm-none-eabi/armv8.1m.main_hard_fpdp_nomve_exn_rtti\lib\libc.a(memset.c.o)
                                                  C:\Users\qnfmd\AppData\Local\Programs\Renesas\RA\e2studio_v2025-04.1_fsp_v6.0.0\toolchains\llvm_arm\LLVM-ET-Arm-18.1.3-Windows-x86_64\bin\..\lib\clang-runtimes/arm-none-eabi/armv8.1m.main_hard_fpdp_nomve_exn_rtti\lib\libc.a(bzero.c.o)
__aeabi_memclr8                                   C:\Users\qnfmd\AppData\Local\Programs\Renesas\RA\e2studio_v2025-04.1_fsp_v6.0.0\toolchains\llvm_arm\LLVM-ET-Arm-18.1.3-Windows-x86_64\bin\..\lib\clang-runtimes/arm-none-eabi/armv8.1m.main_hard_fpdp_nomve_exn_rtti\lib\libc.a(bzero.c.o)
memcpy                                            C:\Users\qnfmd\AppData\Local\Programs\Renesas\RA\e2studio_v2025-04.1_fsp_v6.0.0\toolchains\llvm_arm\LLVM-ET-Arm-18.1.3-Windows-x86_64\bin\..\lib\clang-runtimes/arm-none-eabi/armv8.1m.main_hard_fpdp_nomve_exn_rtti\lib\libc.a(memcpy.c.o)
__aeabi_memcpy8                                   C:\Users\qnfmd\AppData\Local\Programs\Renesas\RA\e2studio_v2025-04.1_fsp_v6.0.0\toolchains\llvm_arm\LLVM-ET-Arm-18.1.3-Windows-x86_64\bin\..\lib\clang-runtimes/arm-none-eabi/armv8.1m.main_hard_fpdp_nomve_exn_rtti\lib\libc.a(memcpy.c.o)
