     VMA      LMA     Size Align Out     In      Symbol
       0        0        0     1 RAM_START = 0x22000000
       0        0        0     1 RAM_LENGTH = 0x001d4000
       0        0        0     1 FLASH_START = 0x02000000
       0        0        0     1 FLASH_LENGTH = 0x00100000
       0        0        0     1 DATA_FLASH_START = 0x27000000
       0        0        0     1 DATA_FLASH_LENGTH = 0x00000000
       0        0        0     1 SDRAM_START = 0x68000000
       0        0        0     1 SDRAM_LENGTH = 0x08000000
       0        0        0     1 OSPI0_CS0_START = 0x80000000
       0        0        0     1 OSPI0_CS0_LENGTH = 0x10000000
       0        0        0     1 OSPI0_CS1_START = 0x90000000
       0        0        0     1 OSPI0_CS1_LENGTH = 0x10000000
       0        0        0     1 OSPI1_CS0_START = 0x70000000
       0        0        0     1 OSPI1_CS0_LENGTH = 0x08000000
       0        0        0     1 OSPI1_CS1_START = 0x78000000
       0        0        0     1 OSPI1_CS1_LENGTH = 0x08000000
       0        0        0     1 OPTION_SETTING_OFS0_START = 0x02c9f040
       0        0        0     1 OPTION_SETTING_OFS0_LENGTH = 0x00000004
       0        0        0     1 OPTION_SETTING_OFS2_START = 0x02c9f044
       0        0        0     1 OPTION_SETTING_OFS2_LENGTH = 0x00000004
       0        0        0     1 OPTION_SETTING_SAS_START = 0x02c9f074
       0        0        0     1 OPTION_SETTING_SAS_LENGTH = 0x00000004
       0        0        0     1 OPTION_SETTING_OFS1_START = 0x12c9f4c0
       0        0        0     1 OPTION_SETTING_OFS1_LENGTH = 0x00000004
       0        0        0     1 OPTION_SETTING_OFS1_SEC_START = 0x02c9f0c0
       0        0        0     1 OPTION_SETTING_OFS1_SEC_LENGTH = 0x00000004
       0        0        0     1 OPTION_SETTING_OFS1_SEL_START = 0x02c9f120
       0        0        0     1 OPTION_SETTING_OFS1_SEL_LENGTH = 0x00000004
       0        0        0     1 OPTION_SETTING_OFS3_START = 0x12c9f4c4
       0        0        0     1 OPTION_SETTING_OFS3_LENGTH = 0x00000004
       0        0        0     1 OPTION_SETTING_OFS3_SEC_START = 0x02c9f0c4
       0        0        0     1 OPTION_SETTING_OFS3_SEC_LENGTH = 0x00000004
       0        0        0     1 OPTION_SETTING_OFS3_SEL_START = 0x02c9f124
       0        0        0     1 OPTION_SETTING_OFS3_SEL_LENGTH = 0x00000004
       0        0        0     1 OPTION_SETTING_BPS_START = 0x12c9f600
       0        0        0     1 OPTION_SETTING_BPS_LENGTH = 0x00000080
       0        0        0     1 OPTION_SETTING_BPS_SEC_START = 0x02c9f200
       0        0        0     1 OPTION_SETTING_BPS_SEC_LENGTH = 0x00000080
       0        0        0     1 OPTION_SETTING_OTP_PBPS_SEC_START = 0x02e07700
       0        0        0     1 OPTION_SETTING_OTP_PBPS_SEC_LENGTH = 0x00000080
       0        0        0     1 OPTION_SETTING_OTP_PBPS_START = 0x12e07780
       0        0        0     1 OPTION_SETTING_OTP_PBPS_LENGTH = 0x00000080
       0        0        0     1 ITCM_START = 0x00000000
       0        0        0     1 ITCM_LENGTH = 0x00020000
       0        0        0     1 DTCM_START = 0x20000000
       0        0        0     1 DTCM_LENGTH = 0x00020000
90000000 90000000        0     1 .ospi0_cs1.startof
90000000 90000000        0     1         __ddsc_OSPI0_CS1_START = .
68000000 68000000        0     1 .sdram.startof
68000000 68000000        0     1         __ddsc_SDRAM_START = .
68000000 68000000        0     1 __sdram_from_ospi0_cs1$$
68000000 68000000        0     1         __sdram_from_ospi0_cs1$$Base = .
68000000 68000000        0     1         __sdram_from_ospi0_cs1$$Load = LOADADDR ( __sdram_from_ospi0_cs1$$ )
68000000 68000000        0     1         __sdram_from_ospi0_cs1$$Limit = .
80000000 80000000        0     1 .ospi0_cs0.startof
80000000 80000000        0     1         __ddsc_OSPI0_CS0_START = .
80000000 80000000        0     1 __ospi0_cs0_from_ospi0_cs1$$
80000000 80000000        0     1         __ospi0_cs0_from_ospi0_cs1$$Base = .
80000000 80000000        0     1         __ospi0_cs0_from_ospi0_cs1$$Load = LOADADDR ( __ospi0_cs0_from_ospi0_cs1$$ )
80000000 80000000        0     1         __ospi0_cs0_from_ospi0_cs1$$Limit = .
70000000 70000000        0     1 .ospi1_cs0.startof
70000000 70000000        0     1         __ddsc_OSPI1_CS0_START = .
70000000 70000000        0     1 __ospi1_cs0_from_ospi0_cs1$$
70000000 70000000        0     1         __ospi1_cs0_from_ospi0_cs1$$Base = .
70000000 70000000        0     1         __ospi1_cs0_from_ospi0_cs1$$Load = LOADADDR ( __ospi1_cs0_from_ospi0_cs1$$ )
70000000 70000000        0     1         __ospi1_cs0_from_ospi0_cs1$$Limit = .
       0        0        0     1 .itcm.startof
       0        0        0     1         __ddsc_ITCM_START = .
       0        0        0     1 __itcm_from_ospi0_cs1$$
       0        0        0     1         __itcm_from_ospi0_cs1$$Base = .
       0        0        0     1         __itcm_from_ospi0_cs1$$Load = LOADADDR ( __itcm_from_ospi0_cs1$$ )
       0        0        0     1         __itcm_from_ospi0_cs1$$Limit = .
20000000 20000000        0     1 .dtcm.startof
20000000 20000000        0     1         __ddsc_DTCM_START = .
20000000 20000000        0     1 __dtcm_from_ospi0_cs1$$
20000000 20000000        0     1         __dtcm_from_ospi0_cs1$$Base = .
20000000 20000000        0     1         __dtcm_from_ospi0_cs1$$Load = LOADADDR ( __dtcm_from_ospi0_cs1$$ )
20000000 20000000        0     1         __dtcm_from_ospi0_cs1$$Limit = .
22000000 22000000        0     1 .ram.startof
22000000 22000000        0     1         __ddsc_RAM_START = .
22000000 22000000       24  1024 __ram_dtc_vector$$
22000000 22000000        0     1         __ram_dtc_vector$$Base = .
22000000 22000000       24  1024         ./ra/fsp/src/r_dtc/r_dtc.o:(.fsp_dtc_vector_table)
22000000 22000000       24     1                 gp_dtc_vector_table
22000024 22000024        0     1         __ram_dtc_vector$$Limit = .
22000024 22000024        0     1 __ram_from_ospi0_cs1$$
22000024 22000024        0     1         __ram_from_ospi0_cs1$$Base = .
22000024 22000024        0     1         __ram_from_ospi0_cs1$$Load = LOADADDR ( __ram_from_ospi0_cs1$$ )
22000024 22000024        0     1         __ram_from_ospi0_cs1$$Limit = .
90000000 90000000        0     1 __ospi0_cs1_readonly$$
90000000 90000000        0     1         __ospi0_cs1_readonly$$Base = .
90000000 90000000        0     1         __ospi0_cs1_readonly$$Limit = .
90000000 90000000        0     1 __ospi0_cs1_noinit$$
90000000 90000000        0     1         __ospi0_cs1_noinit$$Base = .
90000000 90000000        0     1         __ospi0_cs1_noinit$$Limit = .
90000000 90000000        0     1 .ospi0_cs1.endof
90000000 90000000        0     1         __ddsc_OSPI0_CS1_END = .
78000000 78000000        0     1 .ospi1_cs1.startof
78000000 78000000        0     1         __ddsc_OSPI1_CS1_START = .
68000000 68000000        0     1 __sdram_from_ospi1_cs1$$
68000000 68000000        0     1         __sdram_from_ospi1_cs1$$Base = .
68000000 68000000        0     1         __sdram_from_ospi1_cs1$$Load = LOADADDR ( __sdram_from_ospi1_cs1$$ )
68000000 68000000        0     1         __sdram_from_ospi1_cs1$$Limit = .
80000000 80000000        0     1 __ospi0_cs0_from_ospi1_cs1$$
80000000 80000000        0     1         __ospi0_cs0_from_ospi1_cs1$$Base = .
80000000 80000000        0     1         __ospi0_cs0_from_ospi1_cs1$$Load = LOADADDR ( __ospi0_cs0_from_ospi1_cs1$$ )
80000000 80000000        0     1         __ospi0_cs0_from_ospi1_cs1$$Limit = .
70000000 70000000        0     1 __ospi1_cs0_from_ospi1_cs1$$
70000000 70000000        0     1         __ospi1_cs0_from_ospi1_cs1$$Base = .
70000000 70000000        0     1         __ospi1_cs0_from_ospi1_cs1$$Load = LOADADDR ( __ospi1_cs0_from_ospi1_cs1$$ )
70000000 70000000        0     1         __ospi1_cs0_from_ospi1_cs1$$Limit = .
       0        0        0     1 __itcm_from_ospi1_cs1$$
       0        0        0     1         __itcm_from_ospi1_cs1$$Base = .
       0        0        0     1         __itcm_from_ospi1_cs1$$Load = LOADADDR ( __itcm_from_ospi1_cs1$$ )
       0        0        0     1         __itcm_from_ospi1_cs1$$Limit = .
20000000 20000000        0     1 __dtcm_from_ospi1_cs1$$
20000000 20000000        0     1         __dtcm_from_ospi1_cs1$$Base = .
20000000 20000000        0     1         __dtcm_from_ospi1_cs1$$Load = LOADADDR ( __dtcm_from_ospi1_cs1$$ )
20000000 20000000        0     1         __dtcm_from_ospi1_cs1$$Limit = .
22000024 22000024        0     1 __ram_from_ospi1_cs1$$
22000024 22000024        0     1         __ram_from_ospi1_cs1$$Base = .
22000024 22000024        0     1         __ram_from_ospi1_cs1$$Load = LOADADDR ( __ram_from_ospi1_cs1$$ )
22000024 22000024        0     1         __ram_from_ospi1_cs1$$Limit = .
78000000 78000000        0     1 __ospi1_cs1_readonly$$
78000000 78000000        0     1         __ospi1_cs1_readonly$$Base = .
78000000 78000000        0     1         __ospi1_cs1_readonly$$Limit = .
78000000 78000000        0     1 __ospi1_cs1_noinit$$
78000000 78000000        0     1         __ospi1_cs1_noinit$$Base = .
78000000 78000000        0     1         __ospi1_cs1_noinit$$Limit = .
78000000 78000000        0     1 .ospi1_cs1.endof
78000000 78000000        0     1         __ddsc_OSPI1_CS1_END = .
27000000 27000000        0     1 .data_flash.startof
27000000 27000000        0     1         __ddsc_DATA_FLASH_START = .
68000000 68000000        0     1 __sdram_from_data_flash$$
68000000 68000000        0     1         __sdram_from_data_flash$$Base = .
68000000 68000000        0     1         __sdram_from_data_flash$$Load = LOADADDR ( __sdram_from_data_flash$$ )
68000000 68000000        0     1         __sdram_from_data_flash$$Limit = .
80000000 80000000        0     1 __ospi0_cs0_from_data_flash$$
80000000 80000000        0     1         __ospi0_cs0_from_data_flash$$Base = .
80000000 80000000        0     1         __ospi0_cs0_from_data_flash$$Load = LOADADDR ( __ospi0_cs0_from_data_flash$$ )
80000000 80000000        0     1         __ospi0_cs0_from_data_flash$$Limit = .
70000000 70000000        0     1 __ospi1_cs0_from_data_flash$$
70000000 70000000        0     1         __ospi1_cs0_from_data_flash$$Base = .
70000000 70000000        0     1         __ospi1_cs0_from_data_flash$$Load = LOADADDR ( __ospi1_cs0_from_data_flash$$ )
70000000 70000000        0     1         __ospi1_cs0_from_data_flash$$Limit = .
       0        0        0     1 __itcm_from_data_flash$$
       0        0        0     1         __itcm_from_data_flash$$Base = .
       0        0        0     1         __itcm_from_data_flash$$Load = LOADADDR ( __itcm_from_data_flash$$ )
       0        0        0     1         __itcm_from_data_flash$$Limit = .
20000000 20000000        0     1 __dtcm_from_data_flash$$
20000000 20000000        0     1         __dtcm_from_data_flash$$Base = .
20000000 20000000        0     1         __dtcm_from_data_flash$$Load = LOADADDR ( __dtcm_from_data_flash$$ )
20000000 20000000        0     1         __dtcm_from_data_flash$$Limit = .
22000024 22000024        0     1 __ram_from_data_flash$$
22000024 22000024        0     1         __ram_from_data_flash$$Base = .
22000024 22000024        0     1         __ram_from_data_flash$$Load = LOADADDR ( __ram_from_data_flash$$ )
22000024 22000024        0     1         __ram_from_data_flash$$Limit = .
27000000 27000000        0     1 __data_flash_readonly$$
27000000 27000000        0     1         __data_flash_readonly$$Base = .
27000000 27000000        0     1         __data_flash_readonly$$Limit = .
27000000 27000000        0     1 __data_flash_noinit$$
27000000 27000000        0     1         __data_flash_noinit$$Base = .
27000000 27000000        0     1         __data_flash_noinit$$Limit = .
27000000 27000000        0     1 .data_flash.endof
27000000 27000000        0     1         __ddsc_DATA_FLASH_END = .
 2000000  2000000        0     1 .flash.startof
 2000000  2000000        0     1         __ddsc_FLASH_START = .
 2000000  2000000       64     4 __flash_vectors$$
 2000000  2000000        0     1         __flash_vectors$$Base = .
 2000000  2000000        0     1         _VECTORS = .
 2000000  2000000       40     4         ./ra/fsp/src/bsp/cmsis/Device/RENESAS/Source/startup.o:(.fixed_vectors)
 2000000  2000000       40     1                 __Vectors
 2000040  2000040       24     4         ./ra_gen/vector_data.o:(.application_vectors)
 2000040  2000040       24     1                 g_vector_table
 2000064  2000064        0     1         __flash_vectors$$Limit = .
 2000064  2000064       18     4 .eh_frame
 2000064  2000064       14     1         C:\Users\qnfmd\AppData\Local\Programs\Renesas\RA\e2studio_v2025-04.1_fsp_v6.0.0\toolchains\llvm_arm\LLVM-ET-Arm-18.1.3-Windows-x86_64\bin\..\lib\clang-runtimes/arm-none-eabi/armv8.1m.main_hard_fpdp_nomve_exn_rtti\lib\libc.a(strlen.S.o):(.eh_frame+0x0)
 200007c  200007c        0     1 __flash_noinit$$
 200007c  200007c        0     1         __flash_noinit$$Base = .
 200007c  200007c        0     1         __flash_noinit$$Limit = .
68000000 68000000        0     1 __sdram_from_flash$$
68000000 68000000        0     1         __sdram_from_flash$$Base = .
68000000 68000000        0     1         __sdram_from_flash$$Load = LOADADDR ( __sdram_from_flash$$ )
68000000 68000000        0     1         __sdram_from_flash$$Limit = .
68000000 68000000        0     1 __sdram_noinit_nocache$$
68000000 68000000        0     1         __sdram_noinit_nocache$$Base = .
68000000 68000000        0     1         __sdram_noinit_nocache$$Limit = .
68000000 68000000        0     1 __sdram_zero_nocache$$
68000000 68000000        0     1         __sdram_zero_nocache$$Base = .
68000000 68000000        0     1         . = ALIGN ( 32 )
68000000 68000000        0     1         __sdram_zero_nocache$$Limit = .
68000000 68000000        0     1 __sdram_noinit$$
68000000 68000000        0     1         __sdram_noinit$$Base = .
68000000 68000000        0     1         __sdram_noinit$$Limit = .
68000000 68000000        0     1 __sdram_zero$$
68000000 68000000        0     1         __sdram_zero$$Base = .
68000000 68000000        0     1         __sdram_zero$$Limit = .
68000000 68000000        0     1 .sdram.endof
68000000 68000000        0     1         __ddsc_SDRAM_END = .
80000000 80000000        0     1 __ospi0_cs0_from_flash$$
80000000 80000000        0     1         __ospi0_cs0_from_flash$$Base = .
80000000 80000000        0     1         __ospi0_cs0_from_flash$$Load = LOADADDR ( __ospi0_cs0_from_flash$$ )
80000000 80000000        0     1         __ospi0_cs0_from_flash$$Limit = .
80000000 80000000        0     1 __ospi0_cs0_noinit_nocache$$
80000000 80000000        0     1         __ospi0_cs0_noinit_nocache$$Base = .
80000000 80000000        0     1         __ospi0_cs0_noinit_nocache$$Limit = .
80000000 80000000        0     1 __ospi0_cs0_zero_nocache$$
80000000 80000000        0     1         __ospi0_cs0_zero_nocache$$Base = .
80000000 80000000        0     1         . = ALIGN ( 32 )
80000000 80000000        0     1         __ospi0_cs0_zero_nocache$$Limit = .
80000000 80000000        0     1 __ospi0_cs0_noinit$$
80000000 80000000        0     1         __ospi0_cs0_noinit$$Base = .
80000000 80000000        0     1         __ospi0_cs0_noinit$$Limit = .
80000000 80000000        0     1 __ospi0_cs0_zero$$
80000000 80000000        0     1         __ospi0_cs0_zero$$Base = .
80000000 80000000        0     1         __ospi0_cs0_zero$$Limit = .
80000000 80000000        0     1 .ospi0_cs0.endof
80000000 80000000        0     1         __ddsc_OSPI0_CS0_END = .
70000000 70000000        0     1 __ospi1_cs0_from_flash$$
70000000 70000000        0     1         __ospi1_cs0_from_flash$$Base = .
70000000 70000000        0     1         __ospi1_cs0_from_flash$$Load = LOADADDR ( __ospi1_cs0_from_flash$$ )
70000000 70000000        0     1         __ospi1_cs0_from_flash$$Limit = .
70000000 70000000        0     1 __ospi1_cs0_noinit_nocache$$
70000000 70000000        0     1         __ospi1_cs0_noinit_nocache$$Base = .
70000000 70000000        0     1         __ospi1_cs0_noinit_nocache$$Limit = .
70000000 70000000        0     1 __ospi1_cs0_zero_nocache$$
70000000 70000000        0     1         __ospi1_cs0_zero_nocache$$Base = .
70000000 70000000        0     1         . = ALIGN ( 32 )
70000000 70000000        0     1         __ospi1_cs0_zero_nocache$$Limit = .
70000000 70000000        0     1 __ospi1_cs0_noinit$$
70000000 70000000        0     1         __ospi1_cs0_noinit$$Base = .
70000000 70000000        0     1         __ospi1_cs0_noinit$$Limit = .
70000000 70000000        0     1 __ospi1_cs0_zero$$
70000000 70000000        0     1         __ospi1_cs0_zero$$Base = .
70000000 70000000        0     1         __ospi1_cs0_zero$$Limit = .
70000000 70000000        0     1 .ospi1_cs0.endof
70000000 70000000        0     1         __ddsc_OSPI1_CS0_END = .
       0        0        0     1 __itcm_from_flash$$
       0        0        0     1         __itcm_from_flash$$Base = .
       0        0        0     1         __itcm_from_flash$$Load = LOADADDR ( __itcm_from_flash$$ )
       0        0        0     1         __itcm_from_flash$$Limit = .
       0        0        0     1 __itcm_noinit$$
       0        0        0     1         __itcm_noinit$$Base = .
       0        0        0     1         __itcm_noinit$$Limit = .
       0        0        0     1 __itcm_zero$$
       0        0        0     1         __itcm_zero$$Base = .
       0        0        0     1         __itcm_zero$$Limit = .
       0        0        0     1 .itcm.endof
       0        0        0     1         __ddsc_ITCM_END = .
20000000 20000000        0     1 __dtcm_from_flash$$
20000000 20000000        0     1         __dtcm_from_flash$$Base = .
20000000 20000000        0     1         __dtcm_from_flash$$Load = LOADADDR ( __dtcm_from_flash$$ )
20000000 20000000        0     1         __dtcm_from_flash$$Limit = .
20000000 20000000        0     1 __dtcm_noinit$$
20000000 20000000        0     1         __dtcm_noinit$$Base = .
20000000 20000000        0     1         __dtcm_noinit$$Limit = .
20000000 20000000        0     1 __dtcm_zero$$
20000000 20000000        0     1         __dtcm_zero$$Base = .
20000000 20000000        0     1         __dtcm_zero$$Limit = .
20000000 20000000        0     1 .dtcm.endof
20000000 20000000        0     1         __ddsc_DTCM_END = .
22000030  2000090       20    16 __ram_from_flash$$
22000030  2000090        0     1         __ram_from_flash$$Base = .
22000030  2000090        0     1         __ram_from_flash$$Load = LOADADDR ( __ram_from_flash$$ )
22000030  2000090       10    16         ./ra_gen/hal_data.o:(.data.g_transfer1_info)
22000030  2000090       10     1                 g_transfer1_info
22000040  20000a0       10    16         ./ra_gen/hal_data.o:(.data.g_transfer0_info)
22000040  20000a0       10     1                 g_transfer0_info
22000050  20000b0        0     1         __ram_from_flash$$Limit = .
22000060 22000060        0     1 __ram_noinit_nocache$$
22000060 22000060        0     1         __ram_noinit_nocache$$Base = .
22000060 22000060        0     1         __ram_noinit_nocache$$Limit = .
22000060 22000060        0     1 __ram_zero_nocache$$
22000060 22000060        0     1         __ram_zero_nocache$$Base = .
22000060 22000060        0     1         . = ALIGN ( 32 )
22000060 22000060        0     1         __ram_zero_nocache$$Limit = .
22000060 22000060      42c     8 __ram_noinit$$
22000060 22000060        0     1         __ram_noinit$$Base = .
22000060 22000060      400     8         ./ra/fsp/src/bsp/cmsis/Device/RENESAS/Source/startup.o:(.bss.g_main_stack)
22000060 22000060      400     1                 g_main_stack
22000460 22000460       2c     4         ./ra/fsp/src/bsp/mcu/all/bsp_clocks.o:(.ram_noinit)
22000460 22000460       2c     1                 g_clock_freq
2200048c 2200048c        0     1         __ram_noinit$$Limit = .
22000490 22000490     1224    16 __ram_zero$$
22000490 22000490        0     1         __ram_zero$$Base = .
22000490 22000490       a8     4         ./src/SEGGER_RTT/SEGGER_RTT.o:(.bss._SEGGER_RTT)
22000490 22000490       a8     1                 _SEGGER_RTT
22000538 22000538      800     1         ./src/SEGGER_RTT/SEGGER_RTT.o:(.bss._acUpBuffer)
22000538 22000538      800     1                 _acUpBuffer
22000d38 22000d38       10     1         ./src/SEGGER_RTT/SEGGER_RTT.o:(.bss._acDownBuffer)
22000d38 22000d38       10     1                 _acDownBuffer
22000d48 22000d48        1     1         ./src/ssi_ep.o:(.bss.led_level)
22000d48 22000d48        1     1                 led_level
22000d49 22000d49        1     1         ./src/ssi_ep.o:(.bss.g_play_button_pressed)
22000d49 22000d49        1     1                 g_play_button_pressed
22000d4a 22000d4a        1     1         ./src/ssi_ep.o:(.bss.g_stop_button_pressed)
22000d4a 22000d4a        1     1                 g_stop_button_pressed
22000d4b 22000d4b        1     1         ./src/ssi_ep.o:(.bss.g_i2c_callback_event)
22000d4b 22000d4b        1     1                 g_i2c_callback_event
22000d4c 22000d4c      800     4         ./src/ssi_ep.o:(.bss.g_src_buff)
22000d4c 22000d4c      800     1                 g_src_buff
2200154c 2200154c        1     1         ./src/ssi_ep.o:(.bss.g_buffer_index)
2200154c 2200154c        1     1                 g_buffer_index
22001550 22001550        4     4         ./src/ssi_ep.o:(.bss.audio_data_calculate.t)
22001550 22001550        4     1                 audio_data_calculate.t
22001554 22001554        4     4         ./src/ssi_ep.o:(.bss.g_samples_played_for_note)
22001554 22001554        4     1                 g_samples_played_for_note
22001558 22001558        4     4         ./src/ssi_ep.o:(.bss.g_current_note_index)
22001558 22001558        4     1                 g_current_note_index
2200155c 2200155c       10     4         ./ra_gen/common_data.o:(.bss.g_external_irq1_ctrl)
2200155c 2200155c       10     1                 g_external_irq1_ctrl
2200156c 2200156c       10     4         ./ra_gen/common_data.o:(.bss.g_external_irq0_ctrl)
2200156c 2200156c       10     1                 g_external_irq0_ctrl
2200157c 2200157c        8     4         ./ra_gen/common_data.o:(.bss.g_ioport_ctrl)
2200157c 2200157c        8     1                 g_ioport_ctrl
22001584 22001584       40     4         ./ra_gen/hal_data.o:(.bss.g_i2c_master0_ctrl)
22001584 22001584       40     1                 g_i2c_master0_ctrl
220015c4 220015c4       20     4         ./ra_gen/hal_data.o:(.bss.g_timer_ctrl)
220015c4 220015c4       20     1                 g_timer_ctrl
220015e4 220015e4        8     4         ./ra_gen/hal_data.o:(.bss.g_transfer1_ctrl)
220015e4 220015e4        8     1                 g_transfer1_ctrl
220015ec 220015ec        8     4         ./ra_gen/hal_data.o:(.bss.g_transfer0_ctrl)
220015ec 220015ec        8     1                 g_transfer0_ctrl
220015f4 220015f4       2c     4         ./ra_gen/hal_data.o:(.bss.g_i2s_ctrl)
220015f4 220015f4       2c     1                 g_i2s_ctrl
22001620 22001620        1     1         ./ra/fsp/src/r_dtc/r_dtc.o:(.bss.r_dtc_state_initialize.g_dtc_state_initialized)
22001620 22001620        1     1                 r_dtc_state_initialize.g_dtc_state_initialized
22001624 22001624       54     4         ./ra/fsp/src/bsp/mcu/all/bsp_group_irq.o:(.bss.g_bsp_group_irq_sources)
22001624 22001624       54     1                 g_bsp_group_irq_sources
22001678 22001678        4     4         ./ra/fsp/src/bsp/mcu/all/bsp_io.o:(.bss.g_protect_pfswe_counter)
22001678 22001678        4     1                 g_protect_pfswe_counter
2200167c 2200167c       24     4         ./ra/fsp/src/bsp/mcu/all/bsp_irq.o:(.bss.gp_renesas_isr_context)
2200167c 2200167c       24     1                 gp_renesas_isr_context
220016a0 220016a0        8     2         ./ra/fsp/src/bsp/mcu/all/bsp_register_protection.o:(.bss.g_protect_counters)
220016a0 220016a0        8     1                 g_protect_counters
220016a8 220016a8        4     4         ./ra/fsp/src/bsp/cmsis/Device/RENESAS/Source/system.o:(.bss.SystemCoreClock)
220016a8 220016a8        4     1                 SystemCoreClock
220016b0 220016b0        4    16         C:\Users\qnfmd\AppData\Local\Programs\Renesas\RA\e2studio_v2025-04.1_fsp_v6.0.0\toolchains\llvm_arm\LLVM-ET-Arm-18.1.3-Windows-x86_64\bin\..\lib\clang-runtimes/arm-none-eabi/armv8.1m.main_hard_fpdp_nomve_exn_rtti\lib\libc.a(libc_picolib_machine_arm_read_tp.S.o):(.bss)
220016b0 220016b0        4     1                 __tls
220016b4 220016b4        0     1         __ram_zero$$Limit = .
220016b4 220016b4        0     1 __ram_tdata$$
220016b4 220016b4        0     1         __ram_tdata$$Base = .
220016b4 220016b4        0     1         __ram_tdata$$Load = LOADADDR ( __ram_tdata$$ )
220016b4 220016b4        0     1         __ram_tdata$$Limit = .
220016b4 220016b4        0     1 __ram_tbss$$
220016b4 220016b4        0     1         __ram_tbss$$Base = .
220016b4 220016b4        0     1         __ram_tbss$$Limit = .
220016b8 220016b8        0     1 __ram_thread_stack$$
220016b8 220016b8        0     1         __ram_thread_stack$$Base = .
220016b8 220016b8        0     1         __ram_thread_stack$$Limit = .
22002000 22002000        0     1 .ram.endof
22002000 22002000        0     1         __ddsc_RAM_END = .
22002000 22002000        0     1 .ram.flat_nsc
22002000 22002000        0     1         __sau_ddsc_RAM_NSC = .
 20000b0  20000b0     558a    16 __flash_readonly$$
 20000b0  20000b0        0     1         __flash_readonly$$Base = .
 20000b0  20000b0      186     2         ./src/SEGGER_RTT/SEGGER_RTT.o:(.text.SEGGER_RTT_WriteNoLock)
 20000b0  20000b0        0     1                 $t.6
 20000b1  20000b1      186     1                 SEGGER_RTT_WriteNoLock
 2000236  2000236       a6     2         ./src/SEGGER_RTT/SEGGER_RTT.o:(.text.SEGGER_RTT_Write)
 2000236  2000236        0     1                 $t.8
 2000237  2000237       a6     1                 SEGGER_RTT_Write
 20002dc  20002dc      488     4         ./src/SEGGER_RTT/SEGGER_RTT_printf.o:(.text.SEGGER_RTT_vprintf)
 20002dc  20002dc        0     1                 $t.0
 20002dd  20002dd      488     1                 SEGGER_RTT_vprintf
 2000376  2000376        0     1                 $d.1
 2000384  2000384        0     1                 $t.2
 200043a  200043a        0     1                 $d.3
 200045c  200045c        0     1                 $t.4
 2000764  2000764      180     2         ./src/SEGGER_RTT/SEGGER_RTT_printf.o:(.text._PrintUnsigned)
 2000764  2000764        0     1                 $t.5
 2000765  2000765      180     1                 _PrintUnsigned
 20008e4  20008e4       22     2         ./src/SEGGER_RTT/SEGGER_RTT_printf.o:(.text.SEGGER_RTT_printf)
 20008e4  20008e4        0     1                 $t.6
 20008e5  20008e5       22     1                 SEGGER_RTT_printf
 2000906  2000906        4     2         ./src/hal_entry.o:(.text.hal_entry)
 2000906  2000906        0     1                 $t.0
 2000907  2000907        4     1                 hal_entry
 200090a  200090a       1a     2         ./src/hal_entry.o:(.text.R_BSP_WarmStart)
 200090a  200090a        0     1                 $t.1
 200090b  200090b       1a     1                 R_BSP_WarmStart
 2000924  2000924      462     2         ./src/ssi_ep.o:(.text.ssi_entry)
 2000924  2000924        0     1                 $t.0
 2000925  2000925      462     1                 ssi_entry
 2000d86  2000d86        e     2         ./src/ssi_ep.o:(.text.i2c_callback)
 2000d86  2000d86        0     1                 $t.1
 2000d87  2000d87        e     1                 i2c_callback
 2000d94  2000d94      8a0     2         ./src/ssi_ep.o:(.text.da7212_init)
 2000d94  2000d94        0     1                 $t.2
 2000d95  2000d95      8a0     1                 da7212_init
 2001638  2001638      12c     8         ./src/ssi_ep.o:(.text.audio_data_calculate)
 2001638  2001638        0     1                 $t.3
 2001639  2001639      12c     1                 audio_data_calculate
 2001750  2001750        0     1                 $d.4
 2001764  2001764       68     2         ./src/ssi_ep.o:(.text.i2s_callback)
 2001764  2001764        0     1                 $t.5
 2001765  2001765       68     1                 i2s_callback
 20017cc  20017cc        e     2         ./src/ssi_ep.o:(.text.switch_callback1)
 20017cc  20017cc        0     1                 $t.6
 20017cd  20017cd        e     1                 switch_callback1
 20017da  20017da        e     2         ./src/ssi_ep.o:(.text.switch_callback2)
 20017da  20017da        0     1                 $t.7
 20017db  20017db        e     1                 switch_callback2
 20017e8  20017e8        c     2         ./ra_gen/main.o:(.text.main)
 20017e8  20017e8        0     1                 $t.0
 20017e9  20017e9        c     1                 main
 20017f4  20017f4      244     2         ./ra/fsp/src/r_ssi/r_ssi.o:(.text.R_SSI_Open)
 20017f4  20017f4        0     1                 $t.0
 20017f5  20017f5      244     1                 R_SSI_Open
 2001a38  2001a38       7a     2         ./ra/fsp/src/r_ssi/r_ssi.o:(.text.R_SSI_Write)
 2001a38  2001a38        0     1                 $t.3
 2001a39  2001a39       7a     1                 R_SSI_Write
 2001ab2  2001ab2        c     2         ./ra/fsp/src/r_ssi/r_ssi.o:(.text.R_SSI_CallbackSet)
 2001ab2  2001ab2        0     1                 $t.8
 2001ab3  2001ab3        c     1                 R_SSI_CallbackSet
 2001abe  2001abe       fe     2         ./ra/fsp/src/r_ssi/r_ssi.o:(.text.ssi_txi_isr)
 2001abe  2001abe        0     1                 $t.11
 2001abf  2001abf       fe     1                 ssi_txi_isr
 2001bbc  2001bbc       70     2         ./ra/fsp/src/r_ssi/r_ssi.o:(.text.ssi_rxi_isr)
 2001bbc  2001bbc        0     1                 $t.12
 2001bbd  2001bbd       70     1                 ssi_rxi_isr
 2001c2c  2001c2c       92     2         ./ra/fsp/src/r_ssi/r_ssi.o:(.text.r_ssi_fifo_read)
 2001c2c  2001c2c        0     1                 $t.13
 2001c2d  2001c2d       92     1                 r_ssi_fifo_read
 2001cbe  2001cbe       d6     2         ./ra/fsp/src/r_ssi/r_ssi.o:(.text.ssi_int_isr)
 2001cbe  2001cbe        0     1                 $t.14
 2001cbf  2001cbf       d6     1                 ssi_int_isr
 2001d94  2001d94       18     2         ./ra/fsp/src/r_ioport/r_ioport.o:(.text.R_IOPORT_Open)
 2001d94  2001d94        0     1                 $t.0
 2001d95  2001d95       18     1                 R_IOPORT_Open
 2001dac  2001dac       ce     2         ./ra/fsp/src/r_ioport/r_ioport.o:(.text.r_ioport_pins_config)
 2001dac  2001dac        0     1                 $t.13
 2001dad  2001dad       ce     1                 r_ioport_pins_config
 2001e7a  2001e7a       de     2         ./ra/fsp/src/r_ioport/r_ioport.o:(.text.bsp_vbatt_init)
 2001e7a  2001e7a        0     1                 $t.14
 2001e7b  2001e7b       de     1                 bsp_vbatt_init
 2001f58  2001f58       94     2         ./ra/fsp/src/r_iic_master/r_iic_master.o:(.text.R_IIC_MASTER_Open)
 2001f58  2001f58        0     1                 $t.0
 2001f59  2001f59       94     1                 R_IIC_MASTER_Open
 2001fec  2001fec        c     2         ./ra/fsp/src/r_iic_master/r_iic_master.o:(.text.R_IIC_MASTER_Read)
 2001fec  2001fec        0     1                 $t.1
 2001fed  2001fed        c     1                 R_IIC_MASTER_Read
 2001ff8  2001ff8        c     2         ./ra/fsp/src/r_iic_master/r_iic_master.o:(.text.R_IIC_MASTER_Write)
 2001ff8  2001ff8        0     1                 $t.2
 2001ff9  2001ff9        c     1                 R_IIC_MASTER_Write
 2002004  2002004        c     2         ./ra/fsp/src/r_iic_master/r_iic_master.o:(.text.R_IIC_MASTER_CallbackSet)
 2002004  2002004        0     1                 $t.5
 2002005  2002005        c     1                 R_IIC_MASTER_CallbackSet
 2002010  2002010      1d6     2         ./ra/fsp/src/r_iic_master/r_iic_master.o:(.text.iic_master_open_hw_master)
 2002010  2002010        0     1                 $t.8
 2002011  2002011      1d6     1                 iic_master_open_hw_master
 20021e6  20021e6      156     2         ./ra/fsp/src/r_iic_master/r_iic_master.o:(.text.iic_master_read_write)
 20021e6  20021e6        0     1                 $t.9
 20021e7  20021e7      156     1                 iic_master_read_write
 200233c  200233c      1ea     2         ./ra/fsp/src/r_iic_master/r_iic_master.o:(.text.iic_master_rxi_isr)
 200233c  200233c        0     1                 $t.10
 200233d  200233d      1ea     1                 iic_master_rxi_isr
 2002526  2002526      14a     2         ./ra/fsp/src/r_iic_master/r_iic_master.o:(.text.iic_master_txi_isr)
 2002526  2002526        0     1                 $t.11
 2002527  2002527      14a     1                 iic_master_txi_isr
 2002670  2002670      10c     2         ./ra/fsp/src/r_iic_master/r_iic_master.o:(.text.iic_master_tei_isr)
 2002670  2002670        0     1                 $t.12
 2002671  2002671      10c     1                 iic_master_tei_isr
 200277c  200277c      1b6     2         ./ra/fsp/src/r_iic_master/r_iic_master.o:(.text.iic_master_eri_isr)
 200277c  200277c        0     1                 $t.13
 200277d  200277d      1b6     1                 iic_master_eri_isr
 2002932  2002932       9c     2         ./ra/fsp/src/r_icu/r_icu.o:(.text.R_ICU_ExternalIrqOpen)
 2002932  2002932        0     1                 $t.0
 2002933  2002933       9c     1                 R_ICU_ExternalIrqOpen
 20029ce  20029ce       44     2         ./ra/fsp/src/r_icu/r_icu.o:(.text.R_ICU_ExternalIrqEnable)
 20029ce  20029ce        0     1                 $t.1
 20029cf  20029cf       44     1                 R_ICU_ExternalIrqEnable
 2002a12  2002a12       8e     2         ./ra/fsp/src/r_icu/r_icu.o:(.text.r_icu_isr)
 2002a12  2002a12        0     1                 $t.5
 2002a13  2002a13       8e     1                 r_icu_isr
 2002aa0  2002aa0      2e4     2         ./ra/fsp/src/r_gpt/r_gpt.o:(.text.R_GPT_Open)
 2002aa0  2002aa0        0     1                 $t.0
 2002aa1  2002aa1      2e4     1                 R_GPT_Open
 2002d84  2002d84        a     2         ./ra/fsp/src/r_gpt/r_gpt.o:(.text.R_GPT_Start)
 2002d84  2002d84        0     1                 $t.1
 2002d85  2002d85        a     1                 R_GPT_Start
 2002d8e  2002d8e       64     2         ./ra/fsp/src/r_gpt/r_gpt.o:(.text.r_gpt_enable_irq)
 2002d8e  2002d8e        0     1                 $t.23
 2002d8f  2002d8f       64     1                 r_gpt_enable_irq
 2002df2  2002df2       dc     2         ./ra/fsp/src/r_dtc/r_dtc.o:(.text.R_DTC_Open)
 2002df2  2002df2        0     1                 $t.0
 2002df3  2002df3       dc     1                 R_DTC_Open
 2002ece  2002ece       8a     2         ./ra/fsp/src/r_dtc/r_dtc.o:(.text.R_DTC_Reconfigure)
 2002ece  2002ece        0     1                 $t.1
 2002ecf  2002ecf       8a     1                 R_DTC_Reconfigure
 2002f58  2002f58       9c     2         ./ra/fsp/src/r_dtc/r_dtc.o:(.text.R_DTC_Reset)
 2002f58  2002f58        0     1                 $t.2
 2002f59  2002f59       9c     1                 R_DTC_Reset
 2002ff4  2002ff4       1c     2         ./ra/fsp/src/r_dtc/r_dtc.o:(.text.R_DTC_Enable)
 2002ff4  2002ff4        0     1                 $t.3
 2002ff5  2002ff5       1c     1                 R_DTC_Enable
 2003010  2003010       1c     2         ./ra/fsp/src/r_dtc/r_dtc.o:(.text.R_DTC_Disable)
 2003010  2003010        0     1                 $t.4
 2003011  2003011       1c     1                 R_DTC_Disable
 200302c  200302c        4     2         ./ra/fsp/src/r_dtc/r_dtc.o:(.text.R_DTC_SoftwareStart)
 200302c  200302c        0     1                 $t.5
 200302d  200302d        4     1                 R_DTC_SoftwareStart
 2003030  2003030        4     2         ./ra/fsp/src/r_dtc/r_dtc.o:(.text.R_DTC_SoftwareStop)
 2003030  2003030        0     1                 $t.6
 2003031  2003031        4     1                 R_DTC_SoftwareStop
 2003034  2003034       52     2         ./ra/fsp/src/r_dtc/r_dtc.o:(.text.R_DTC_InfoGet)
 2003034  2003034        0     1                 $t.7
 2003035  2003035       52     1                 R_DTC_InfoGet
 2003086  2003086       2e     2         ./ra/fsp/src/r_dtc/r_dtc.o:(.text.R_DTC_Close)
 2003086  2003086        0     1                 $t.8
 2003087  2003087       2e     1                 R_DTC_Close
 20030b4  20030b4        4     2         ./ra/fsp/src/r_dtc/r_dtc.o:(.text.R_DTC_Reload)
 20030b4  20030b4        0     1                 $t.9
 20030b5  20030b5        4     1                 R_DTC_Reload
 20030b8  20030b8        4     2         ./ra/fsp/src/r_dtc/r_dtc.o:(.text.R_DTC_CallbackSet)
 20030b8  20030b8        0     1                 $t.10
 20030b9  20030b9        4     1                 R_DTC_CallbackSet
 20030bc  20030bc       aa     4         ./ra/fsp/src/bsp/mcu/all/bsp_clocks.o:(.text.SystemCoreClockUpdate)
 20030bc  20030bc        0     1                 $t.2
 20030bd  20030bd       aa     1                 SystemCoreClockUpdate
 20030d8  20030d8        0     1                 $d.3
 20030dc  20030dc        0     1                 $t.4
 2003170  2003170      610    16         ./ra/fsp/src/bsp/mcu/all/bsp_clocks.o:(.text.bsp_clock_init)
 2003170  2003170        0     1                 $t.15
 2003171  2003171      610     1                 bsp_clock_init
 20031ec  20031ec        0     1                 $d.16
 20031f0  20031f0        0     1                 $t.17
 200336c  200336c        0     1                 $d.18
 2003370  2003370        0     1                 $t.19
 20033f8  20033f8        0     1                 $d.20
 20033fc  20033fc        0     1                 $t.21
 2003760  2003760        0     1                 $d.22
 2003780  2003780        2     2         ./ra/fsp/src/bsp/mcu/all/bsp_clocks.o:(.text.R_BSP_SubClockStabilizeWaitAfterReset)
 2003780  2003780        0     1                 $t.25
 2003781  2003781        2     1                 R_BSP_SubClockStabilizeWaitAfterReset
 2003782  2003782       80     2         ./ra/fsp/src/bsp/mcu/all/bsp_clocks.o:(.text.R_BSP_Init_RTC)
 2003782  2003782        0     1                 $t.27
 2003783  2003783       80     1                 R_BSP_Init_RTC
 2003802  2003802       7c     2         ./ra/fsp/src/bsp/mcu/all/bsp_delay.o:(.text.R_BSP_SoftwareDelay)
 2003802  2003802        0     1                 $t.0
 2003803  2003803       7c     1                 R_BSP_SoftwareDelay
 2003880  2003880        8     8         ./ra/fsp/src/bsp/mcu/all/bsp_delay.o:(.text.bsp_prv_software_delay_loop)
 2003880  2003880        0     1                 sw_delay_loop
 2003880  2003880        0     1                 $t.1
 2003881  2003881        8     1                 bsp_prv_software_delay_loop
 2003888  2003888       56     2         ./ra/fsp/src/bsp/mcu/all/bsp_group_irq.o:(.text.NMI_Handler)
 2003888  2003888        0     1                 $t.1
 2003889  2003889       56     1                 NMI_Handler
 20038de  20038de       2a     2         ./ra/fsp/src/bsp/mcu/all/bsp_irq.o:(.text.bsp_irq_cfg)
 20038de  20038de        0     1                 $t.0
 20038df  20038df       2a     1                 bsp_irq_cfg
 2003908  2003908       54     2         ./ra/fsp/src/bsp/mcu/all/bsp_register_protection.o:(.text.R_BSP_RegisterProtectEnable)
 2003908  2003908        0     1                 $t.0
 2003909  2003909       54     1                 R_BSP_RegisterProtectEnable
 200395c  200395c       4e     2         ./ra/fsp/src/bsp/mcu/all/bsp_register_protection.o:(.text.R_BSP_RegisterProtectDisable)
 200395c  200395c        0     1                 $t.1
 200395d  200395d       4e     1                 R_BSP_RegisterProtectDisable
 20039aa  20039aa        e     2         ./ra/fsp/src/bsp/cmsis/Device/RENESAS/Source/startup.o:(.text.Reset_Handler)
 20039aa  20039aa        0     1                 $t.0
 20039ab  20039ab        e     1                 Reset_Handler
 20039b8  20039b8        4     2         ./ra/fsp/src/bsp/cmsis/Device/RENESAS/Source/startup.o:(.text.Default_Handler)
 20039b8  20039b8        0     1                 $t.1
 20039b9  20039b9        4     1                 Default_Handler
 20039b9  20039b9        4     1                 HardFault_Handler
 20039b9  20039b9        4     1                 MemManage_Handler
 20039b9  20039b9        4     1                 BusFault_Handler
 20039b9  20039b9        4     1                 UsageFault_Handler
 20039b9  20039b9        4     1                 SecureFault_Handler
 20039b9  20039b9        4     1                 SVC_Handler
 20039b9  20039b9        4     1                 DebugMon_Handler
 20039b9  20039b9        4     1                 PendSV_Handler
 20039b9  20039b9        4     1                 SysTick_Handler
 20039c0  20039c0      2c6     8         ./ra/fsp/src/bsp/cmsis/Device/RENESAS/Source/system.o:(.text.SystemInit)
 20039c0  20039c0        0     1                 $t.0
 20039c1  20039c1      2c6     1                 SystemInit
 2003aa0  2003aa0        0     1                 memset_64_loop_start_0
 2003aa8  2003aa8        0     1                 memset_64_loop_end_0
 2003ab0  2003ab0        0     1                 memset_64_loop_start_1
 2003ab8  2003ab8        0     1                 memset_64_loop_end_1
 2003c86  2003c86        2     2         ./ra/board/ra8p1_ek/board_init.o:(.text.bsp_init)
 2003c86  2003c86        0     1                 $t.0
 2003c87  2003c87        2     1                 bsp_init
 2003c88  2003c88       2c     4         C:\Users\qnfmd\AppData\Local\Programs\Renesas\RA\e2studio_v2025-04.1_fsp_v6.0.0\toolchains\llvm_arm\LLVM-ET-Arm-18.1.3-Windows-x86_64\bin\..\lib\clang-runtimes/arm-none-eabi/armv8.1m.main_hard_fpdp_nomve_exn_rtti\lib\libc.a(libc_picolib_inittls.c.o):(.text._init_tls)
 2003c88  2003c88        0     1                 $t.0
 2003c89  2003c89       2c     1                 _init_tls
 2003ca4  2003ca4        0     1                 $d.1
 2003cb4  2003cb4       14     4         C:\Users\qnfmd\AppData\Local\Programs\Renesas\RA\e2studio_v2025-04.1_fsp_v6.0.0\toolchains\llvm_arm\LLVM-ET-Arm-18.1.3-Windows-x86_64\bin\..\lib\clang-runtimes/arm-none-eabi/armv8.1m.main_hard_fpdp_nomve_exn_rtti\lib\libc.a(libc_picolib_machine_arm_tls.c.o):(.text._set_tls)
 2003cb4  2003cb4        0     1                 $t.0
 2003cb5  2003cb5       14     1                 _set_tls
 2003cc0  2003cc0        0     1                 $d.1
 2003cc8  2003cc8       68     4         C:\Users\qnfmd\AppData\Local\Programs\Renesas\RA\e2studio_v2025-04.1_fsp_v6.0.0\toolchains\llvm_arm\LLVM-ET-Arm-18.1.3-Windows-x86_64\bin\..\lib\clang-runtimes/arm-none-eabi/armv8.1m.main_hard_fpdp_nomve_exn_rtti\lib\libc.a(libm_math_sf_sin.c.o):(.text.sinf)
 2003cc8  2003cc8        0     1                 $t.0
 2003cc9  2003cc9       68     1                 sinf
 2003cc9  2003cc9       68     1                 _sinf
 2003d28  2003d28        0     1                 $d.1
 2003d30  2003d30       88     4         C:\Users\qnfmd\AppData\Local\Programs\Renesas\RA\e2studio_v2025-04.1_fsp_v6.0.0\toolchains\llvm_arm\LLVM-ET-Arm-18.1.3-Windows-x86_64\bin\..\lib\clang-runtimes/arm-none-eabi/armv8.1m.main_hard_fpdp_nomve_exn_rtti\lib\libc.a(libm_math_kf_sin.c.o):(.text.__kernel_sinf)
 2003d30  2003d30        0     1                 $t.0
 2003d31  2003d31       88     1                 __kernel_sinf
 2003d9c  2003d9c        0     1                 $d.1
 2003db8  2003db8      24c     4         C:\Users\qnfmd\AppData\Local\Programs\Renesas\RA\e2studio_v2025-04.1_fsp_v6.0.0\toolchains\llvm_arm\LLVM-ET-Arm-18.1.3-Windows-x86_64\bin\..\lib\clang-runtimes/arm-none-eabi/armv8.1m.main_hard_fpdp_nomve_exn_rtti\lib\libc.a(libm_math_sf_rem_pio2.c.o):(.text.__rem_pio2f)
 2003db8  2003db8        0     1                 $t.0
 2003db9  2003db9      24c     1                 __rem_pio2f
 2003fb8  2003fb8        0     1                 $d.1
 2004004  2004004        e     2         C:\Users\qnfmd\AppData\Local\Programs\Renesas\RA\e2studio_v2025-04.1_fsp_v6.0.0\toolchains\llvm_arm\LLVM-ET-Arm-18.1.3-Windows-x86_64\bin\..\lib\clang-runtimes/arm-none-eabi/armv8.1m.main_hard_fpdp_nomve_exn_rtti\lib\libc.a(libm_math_sf_rem_pio2.c.o):(.text.OUTLINED_FUNCTION_0)
 2004004  2004004        0     1                 $t.2
 2004005  2004005        e     1                 OUTLINED_FUNCTION_0
 2004014  2004014      4d8     4         C:\Users\qnfmd\AppData\Local\Programs\Renesas\RA\e2studio_v2025-04.1_fsp_v6.0.0\toolchains\llvm_arm\LLVM-ET-Arm-18.1.3-Windows-x86_64\bin\..\lib\clang-runtimes/arm-none-eabi/armv8.1m.main_hard_fpdp_nomve_exn_rtti\lib\libc.a(libm_math_kf_rem_pio2.c.o):(.text.__kernel_rem_pio2f)
 2004014  2004014        0     1                 $t.0
 2004015  2004015      4d8     1                 __kernel_rem_pio2f
 20043c4  20043c4        0     1                 $d.1
 20043d0  20043d0        0     1                 $t.2
 20044dc  20044dc        0     1                 $d.3
 20044ec  20044ec       22     2         C:\Users\qnfmd\AppData\Local\Programs\Renesas\RA\e2studio_v2025-04.1_fsp_v6.0.0\toolchains\llvm_arm\LLVM-ET-Arm-18.1.3-Windows-x86_64\bin\..\lib\clang-runtimes/arm-none-eabi/armv8.1m.main_hard_fpdp_nomve_exn_rtti\lib\libc.a(libm_math_kf_rem_pio2.c.o):(.text.OUTLINED_FUNCTION_0)
 20044ec  20044ec        0     1                 $t.4
 20044ed  20044ed       22     1                 OUTLINED_FUNCTION_0
 200450e  200450e        e     2         C:\Users\qnfmd\AppData\Local\Programs\Renesas\RA\e2studio_v2025-04.1_fsp_v6.0.0\toolchains\llvm_arm\LLVM-ET-Arm-18.1.3-Windows-x86_64\bin\..\lib\clang-runtimes/arm-none-eabi/armv8.1m.main_hard_fpdp_nomve_exn_rtti\lib\libc.a(libm_math_kf_rem_pio2.c.o):(.text.OUTLINED_FUNCTION_1)
 200450e  200450e        0     1                 $t.5
 200450f  200450f        e     1                 OUTLINED_FUNCTION_1
 200451c  200451c       c0     4         C:\Users\qnfmd\AppData\Local\Programs\Renesas\RA\e2studio_v2025-04.1_fsp_v6.0.0\toolchains\llvm_arm\LLVM-ET-Arm-18.1.3-Windows-x86_64\bin\..\lib\clang-runtimes/arm-none-eabi/armv8.1m.main_hard_fpdp_nomve_exn_rtti\lib\libc.a(libm_math_kf_cos.c.o):(.text.__kernel_cosf)
 200451c  200451c        0     1                 $t.0
 200451d  200451d       c0     1                 __kernel_cosf
 20045bc  20045bc        0     1                 $d.1
 20045dc  20045dc       20     4         C:\Users\qnfmd\AppData\Local\Programs\Renesas\RA\e2studio_v2025-04.1_fsp_v6.0.0\toolchains\llvm_arm\LLVM-ET-Arm-18.1.3-Windows-x86_64\bin\..\lib\clang-runtimes/arm-none-eabi/armv8.1m.main_hard_fpdp_nomve_exn_rtti\lib\libc.a(libm_common_math_inexactf.c.o):(.text.__math_inexactf)
 20045dc  20045dc        0     1                 $t.2
 20045dd  20045dd       20     1                 __math_inexactf
 20045f8  20045f8        0     1                 $d.3
 20045fc  20045fc       88     4         C:\Users\qnfmd\AppData\Local\Programs\Renesas\RA\e2studio_v2025-04.1_fsp_v6.0.0\toolchains\llvm_arm\LLVM-ET-Arm-18.1.3-Windows-x86_64\bin\..\lib\clang-runtimes/arm-none-eabi/armv8.1m.main_hard_fpdp_nomve_exn_rtti\lib\libc.a(libm_common_sf_scalbn.c.o):(.text.scalbnf)
 20045fc  20045fc        0     1                 $t.0
 20045fd  20045fd       88     1                 scalbnf
 20045fd  20045fd       88     1                 ldexpf
 2004678  2004678        0     1                 $d.1
 2004684  2004684       20     4         C:\Users\qnfmd\AppData\Local\Programs\Renesas\RA\e2studio_v2025-04.1_fsp_v6.0.0\toolchains\llvm_arm\LLVM-ET-Arm-18.1.3-Windows-x86_64\bin\..\lib\clang-runtimes/arm-none-eabi/armv8.1m.main_hard_fpdp_nomve_exn_rtti\lib\libc.a(libm_common_math_errf_uflowf.c.o):(.text.__math_uflowf)
 2004684  2004684        0     1                 $t.0
 2004685  2004685       20     1                 __math_uflowf
 20046a0  20046a0        0     1                 $d.1
 20046a4  20046a4       20     4         C:\Users\qnfmd\AppData\Local\Programs\Renesas\RA\e2studio_v2025-04.1_fsp_v6.0.0\toolchains\llvm_arm\LLVM-ET-Arm-18.1.3-Windows-x86_64\bin\..\lib\clang-runtimes/arm-none-eabi/armv8.1m.main_hard_fpdp_nomve_exn_rtti\lib\libc.a(libm_common_math_errf_oflowf.c.o):(.text.__math_oflowf)
 20046a4  20046a4        0     1                 $t.0
 20046a5  20046a5       20     1                 __math_oflowf
 20046c0  20046c0        0     1                 $d.1
 20046c4  20046c4       30     4         C:\Users\qnfmd\AppData\Local\Programs\Renesas\RA\e2studio_v2025-04.1_fsp_v6.0.0\toolchains\llvm_arm\LLVM-ET-Arm-18.1.3-Windows-x86_64\bin\..\lib\clang-runtimes/arm-none-eabi/armv8.1m.main_hard_fpdp_nomve_exn_rtti\lib\libc.a(libm_common_math_errf_invalidf.c.o):(.text.__math_invalidf)
 20046c4  20046c4        0     1                 $t.0
 20046c5  20046c5       30     1                 __math_invalidf
 20046f0  20046f0        0     1                 $d.1
 20046f4  20046f4       50     4         C:\Users\qnfmd\AppData\Local\Programs\Renesas\RA\e2studio_v2025-04.1_fsp_v6.0.0\toolchains\llvm_arm\LLVM-ET-Arm-18.1.3-Windows-x86_64\bin\..\lib\clang-runtimes/arm-none-eabi/armv8.1m.main_hard_fpdp_nomve_exn_rtti\lib\libc.a(libm_common_sf_fpclassify.c.o):(.text.__fpclassifyf)
 20046f4  20046f4        0     1                 $t.0
 20046f5  20046f5       50     1                 __fpclassifyf
 2004740  2004740        0     1                 $d.1
 2004744  2004744        8     2         C:\Users\qnfmd\AppData\Local\Programs\Renesas\RA\e2studio_v2025-04.1_fsp_v6.0.0\toolchains\llvm_arm\LLVM-ET-Arm-18.1.3-Windows-x86_64\bin\..\lib\clang-runtimes/arm-none-eabi/armv8.1m.main_hard_fpdp_nomve_exn_rtti\lib\libc.a(bzero.c.o):(.text.bzero)
 2004744  2004744        0     1                 $t.0
 2004745  2004745        8     1                 bzero
 2004745  2004745        8     1                 __aeabi_memclr4
 2004745  2004745        8     1                 __aeabi_memclr8
 2004745  2004745        8     1                 __aeabi_memclr
 200474c  200474c       14     2         C:\Users\qnfmd\AppData\Local\Programs\Renesas\RA\e2studio_v2025-04.1_fsp_v6.0.0\toolchains\llvm_arm\LLVM-ET-Arm-18.1.3-Windows-x86_64\bin\..\lib\clang-runtimes/arm-none-eabi/armv8.1m.main_hard_fpdp_nomve_exn_rtti\lib\libc.a(memcpy.c.o):(.text.memcpy)
 200474c  200474c        0     1                 $t.0
 200474d  200474d       14     1                 memcpy
 200474d  200474d       14     1                 __aeabi_memcpy4
 200474d  200474d       14     1                 __aeabi_memcpy8
 200474d  200474d       14     1                 __aeabi_memcpy
 2004760  2004760        e     2         C:\Users\qnfmd\AppData\Local\Programs\Renesas\RA\e2studio_v2025-04.1_fsp_v6.0.0\toolchains\llvm_arm\LLVM-ET-Arm-18.1.3-Windows-x86_64\bin\..\lib\clang-runtimes/arm-none-eabi/armv8.1m.main_hard_fpdp_nomve_exn_rtti\lib\libc.a(memset.c.o):(.text.memset)
 2004760  2004760        0     1                 $t.0
 2004761  2004761        e     1                 memset
 200476e  200476e       11     1         ./src/SEGGER_RTT/SEGGER_RTT.o:(.rodata._DoInit._aInitStr)
 200476e  200476e       11     1                 _DoInit._aInitStr
 200477f  200477f      37b     1         <internal>:(.rodata.str1.1)
 2004afa  2004afa       10     1         <internal>:(.rodata.cst16)
 2004b0c  2004b0c       10     4         ./src/ssi_ep.o:(.rodata.g_song_melody)
 2004b0c  2004b0c       10     1                 g_song_melody
 2004b1c  2004b1c       20     1         <internal>:(.rodata.cst32)
 2004b3c  2004b3c        1     1         ./ra_gen/common_data.o:(.rodata.g_external_irq1_ext_cfg)
 2004b3c  2004b3c        1     1                 g_external_irq1_ext_cfg
 2004b40  2004b40       14     4         ./ra_gen/common_data.o:(.rodata.g_external_irq1_cfg)
 2004b40  2004b40       14     1                 g_external_irq1_cfg
 2004b54  2004b54        1     1         ./ra_gen/common_data.o:(.rodata.g_external_irq0_ext_cfg)
 2004b54  2004b54        1     1                 g_external_irq0_ext_cfg
 2004b58  2004b58       14     4         ./ra_gen/common_data.o:(.rodata.g_external_irq0_cfg)
 2004b58  2004b58       14     1                 g_external_irq0_cfg
 2004b6c  2004b6c        8     1         ./ra_gen/hal_data.o:(.rodata.g_i2c_master0_extend)
 2004b6c  2004b6c        8     1                 g_i2c_master0_extend
 2004b74  2004b74       28     4         ./ra_gen/hal_data.o:(.rodata.g_i2c_master0_cfg)
 2004b74  2004b74       28     1                 g_i2c_master0_cfg
 2004b9c  2004b9c       3c     4         ./ra_gen/hal_data.o:(.rodata.g_timer_extend)
 2004b9c  2004b9c       3c     1                 g_timer_extend
 2004bd8  2004bd8       20     4         ./ra_gen/hal_data.o:(.rodata.g_timer_cfg)
 2004bd8  2004bd8       20     1                 g_timer_cfg
 2004bf8  2004bf8        1     1         ./ra_gen/hal_data.o:(.rodata.g_transfer1_cfg_extend)
 2004bf8  2004bf8        1     1                 g_transfer1_cfg_extend
 2004bfc  2004bfc        8     4         ./ra_gen/hal_data.o:(.rodata.g_transfer1_cfg)
 2004bfc  2004bfc        8     1                 g_transfer1_cfg
 2004c04  2004c04        c     4         ./ra_gen/hal_data.o:(.rodata.g_transfer1)
 2004c04  2004c04        c     1                 g_transfer1
 2004c10  2004c10        1     1         ./ra_gen/hal_data.o:(.rodata.g_transfer0_cfg_extend)
 2004c10  2004c10        1     1                 g_transfer0_cfg_extend
 2004c14  2004c14        8     4         ./ra_gen/hal_data.o:(.rodata.g_transfer0_cfg)
 2004c14  2004c14        8     1                 g_transfer0_cfg
 2004c1c  2004c1c        c     4         ./ra_gen/hal_data.o:(.rodata.g_transfer0)
 2004c1c  2004c1c        c     1                 g_transfer0
 2004c28  2004c28        2     1         ./ra_gen/hal_data.o:(.rodata.g_i2s_cfg_extend)
 2004c28  2004c28        2     1                 g_i2s_cfg_extend
 2004c2c  2004c2c       24     4         ./ra_gen/hal_data.o:(.rodata.g_i2s_cfg)
 2004c2c  2004c2c       24     1                 g_i2s_cfg
 2004c50  2004c50      318     4         ./ra_gen/pin_data.o:(.rodata.g_bsp_pin_cfg_data)
 2004c50  2004c50      318     1                 g_bsp_pin_cfg_data
 2004f68  2004f68        c     4         ./ra_gen/pin_data.o:(.rodata.g_bsp_pin_cfg)
 2004f68  2004f68        c     1                 g_bsp_pin_cfg
 2004f74  2004f74       12     2         ./ra_gen/vector_data.o:(.rodata.g_interrupt_event_link_select)
 2004f74  2004f74       12     1                 g_interrupt_event_link_select
 2004f86  2004f86        6     2         ./ra/fsp/src/r_ioport/r_ioport.o:(.rodata.g_vbatt_pins_input)
 2004f86  2004f86        6     1                 g_vbatt_pins_input
 2004f8c  2004f8c       2c     4         ./ra/fsp/src/r_dtc/r_dtc.o:(.rodata.g_transfer_on_dtc)
 2004f8c  2004f8c       2c     1                 g_transfer_on_dtc
 2004fb8  2004fb8       20     4         ./ra/fsp/src/bsp/mcu/ra8p1/bsp_linker.o:(.rodata.nocache_list)
 2004fb8  2004fb8       20     1                 nocache_list
 2004fd8  2004fd8       18     4         ./ra/fsp/src/bsp/mcu/ra8p1/bsp_linker.o:(.rodata.g_init_info)
 2004fd8  2004fd8       18     1                 g_init_info
 2004ff0  2004ff0       84     4         ./ra/fsp/src/bsp/mcu/ra8p1/bsp_linker.o:(.rodata.zero_list)
 2004ff0  2004ff0       84     1                 zero_list
 2005074  2005074      190     4         ./ra/fsp/src/bsp/mcu/ra8p1/bsp_linker.o:(.rodata.copy_list)
 2005074  2005074      190     1                 copy_list
 2005204  2005204        8     2         <internal>:(.rodata.cst8)
 200520c  200520c      398     4         C:\Users\qnfmd\AppData\Local\Programs\Renesas\RA\e2studio_v2025-04.1_fsp_v6.0.0\toolchains\llvm_arm\LLVM-ET-Arm-18.1.3-Windows-x86_64\bin\..\lib\clang-runtimes/arm-none-eabi/armv8.1m.main_hard_fpdp_nomve_exn_rtti\lib\libc.a(libm_math_sf_rem_pio2.c.o):(.rodata)
 200520c  200520c       80     1                 npio2_hw
 200528c  200528c      318     1                 two_over_pi
 20055a4  20055a4       38     4         C:\Users\qnfmd\AppData\Local\Programs\Renesas\RA\e2studio_v2025-04.1_fsp_v6.0.0\toolchains\llvm_arm\LLVM-ET-Arm-18.1.3-Windows-x86_64\bin\..\lib\clang-runtimes/arm-none-eabi/armv8.1m.main_hard_fpdp_nomve_exn_rtti\lib\libc.a(libm_math_kf_rem_pio2.c.o):(.rodata)
 20055a4  20055a4        c     1                 init_jk
 20055b0  20055b0       2c     1                 PIo2
 20055dc  20055dc        4     4         C:\Users\qnfmd\AppData\Local\Programs\Renesas\RA\e2studio_v2025-04.1_fsp_v6.0.0\toolchains\llvm_arm\LLVM-ET-Arm-18.1.3-Windows-x86_64\bin\..\lib\clang-runtimes/arm-none-eabi/armv8.1m.main_hard_fpdp_nomve_exn_rtti\lib\libc.a(libm_common_math_inexactf.c.o):(.rodata)
 20055dc  20055dc        4     1                 VAL
 20055e0  20055e0        4     4         C:\Users\qnfmd\AppData\Local\Programs\Renesas\RA\e2studio_v2025-04.1_fsp_v6.0.0\toolchains\llvm_arm\LLVM-ET-Arm-18.1.3-Windows-x86_64\bin\..\lib\clang-runtimes/arm-none-eabi/armv8.1m.main_hard_fpdp_nomve_exn_rtti\lib\libc.a(libm_common_math_errf_uflowf.c.o):(.rodata)
 20055e0  20055e0        4     1                 VAL
 20055e4  20055e4        4     4         C:\Users\qnfmd\AppData\Local\Programs\Renesas\RA\e2studio_v2025-04.1_fsp_v6.0.0\toolchains\llvm_arm\LLVM-ET-Arm-18.1.3-Windows-x86_64\bin\..\lib\clang-runtimes/arm-none-eabi/armv8.1m.main_hard_fpdp_nomve_exn_rtti\lib\libc.a(libm_common_math_errf_oflowf.c.o):(.rodata)
 20055e4  20055e4        4     1                 VAL
 20055e8  20055e8        4     4         C:\Users\qnfmd\AppData\Local\Programs\Renesas\RA\e2studio_v2025-04.1_fsp_v6.0.0\toolchains\llvm_arm\LLVM-ET-Arm-18.1.3-Windows-x86_64\bin\..\lib\clang-runtimes/arm-none-eabi/armv8.1m.main_hard_fpdp_nomve_exn_rtti\lib\libc.a(libm_common_math_errf_invalidf.c.o):(.rodata)
 20055e8  20055e8        4     1                 VAL
 20055ec  20055ec       4e     4         ./ra/fsp/src/bsp/mcu/all/bsp_common.o:(.version)
 20055ec  20055ec        4     1                 g_fsp_version
 20055f0  20055f0        6     1                 g_fsp_version_string
 20055f6  20055f6       44     1                 g_fsp_version_build_string
 200563a  200563a        0     1         __flash_readonly$$Limit = .
 200563a  200563a        0     1 __flash_preinit_array$$
 200563a  200563a        0     1         __preinit_array_start = .
 200563a  200563a        0     1         __preinit_array_end = .
 200563a  200563a        0     1 __flash_init_array$$
 200563a  200563a        0     1         __init_array_start = .
 200563a  200563a        0     1         __init_array_end = .
 200563a  200563a        0     1 __flash_fini_array$$
 200563a  200563a        0     1         __fini_array_start = .
 200563a  200563a        0     1         __fini_array_end = .
 200563a  200563a        0     1 __flash_arm.exidx$$
 200563a  200563a        0     1         __exidx_start = .
 200563a  200563a        0     1         __exidx_end = .
 2008000  2008000        0     1 .flash.endof
 2008000  2008000        0     1         __ddsc_FLASH_END = .
 2008000  2008000        0     1 .flash.flat_nsc
 2008000  2008000        0     1         __sau_ddsc_FLASH_NSC = .
 2c9f040  2c9f040        0     1 .option_setting_ofs0.startof
 2c9f040  2c9f040        0     1         __ddsc_OPTION_SETTING_OFS0_START = .
 2c9f040  2c9f040        0     1 __option_setting_ofs0_reg$$
 2c9f040  2c9f040        0     1         __option_setting_ofs0_reg$$Base = .
 2c9f040  2c9f040        0     1         __option_setting_ofs0_reg$$Limit = .
 2c9f040  2c9f040        0     1 .option_setting_ofs0.endof
 2c9f040  2c9f040        0     1         __ddsc_OPTION_SETTING_OFS0_END = .
 2c9f044  2c9f044        0     1 .option_setting_ofs2.startof
 2c9f044  2c9f044        0     1         __ddsc_OPTION_SETTING_OFS2_START = .
 2c9f044  2c9f044        0     1 __option_setting_ofs2_reg$$
 2c9f044  2c9f044        0     1         __option_setting_ofs2_reg$$Base = .
 2c9f044  2c9f044        0     1         __option_setting_ofs2_reg$$Limit = .
 2c9f044  2c9f044        0     1 .option_setting_ofs2.endof
 2c9f044  2c9f044        0     1         __ddsc_OPTION_SETTING_OFS2_END = .
 2c9f074  2c9f074        0     1 .option_setting_sas.startof
 2c9f074  2c9f074        0     1         __ddsc_OPTION_SETTING_SAS_START = .
 2c9f074  2c9f074        0     1 __option_setting_sas_reg$$
 2c9f074  2c9f074        0     1         __option_setting_sas_reg$$Base = .
 2c9f074  2c9f074        0     1         __option_setting_sas_reg$$Limit = .
 2c9f074  2c9f074        0     1 .option_setting_sas.endof
 2c9f074  2c9f074        0     1         __ddsc_OPTION_SETTING_SAS_END = .
12c9f4c0 12c9f4c0        0     1 .option_setting_ofs1.startof
12c9f4c0 12c9f4c0        0     1         __ddsc_OPTION_SETTING_OFS1_START = .
12c9f4c0 12c9f4c0        0     1 __option_setting_ofs1_reg$$
12c9f4c0 12c9f4c0        0     1         __option_setting_ofs1_reg$$Base = .
12c9f4c0 12c9f4c0        0     1         __option_setting_ofs1_reg$$Limit = .
12c9f4c0 12c9f4c0        0     1 .option_setting_ofs1.endof
12c9f4c0 12c9f4c0        0     1         __ddsc_OPTION_SETTING_OFS1_END = .
 2c9f0c0  2c9f0c0        0     1 .option_setting_ofs1_sec.startof
 2c9f0c0  2c9f0c0        0     1         __ddsc_OPTION_SETTING_OFS1_SEC_START = .
 2c9f0c0  2c9f0c0        0     1 __option_setting_ofs1_sec_reg$$
 2c9f0c0  2c9f0c0        0     1         __option_setting_ofs1_sec_reg$$Base = .
 2c9f0c0  2c9f0c0        0     1         __option_setting_ofs1_sec_reg$$Limit = .
 2c9f0c0  2c9f0c0        0     1 .option_setting_ofs1_sec.endof
 2c9f0c0  2c9f0c0        0     1         __ddsc_OPTION_SETTING_OFS1_SEC_END = .
 2c9f120  2c9f120        0     1 .option_setting_ofs1_sel.startof
 2c9f120  2c9f120        0     1         __ddsc_OPTION_SETTING_OFS1_SEL_START = .
 2c9f120  2c9f120        0     1 __option_setting_ofs1_sel_reg$$
 2c9f120  2c9f120        0     1         __option_setting_ofs1_sel_reg$$Base = .
 2c9f120  2c9f120        0     1         __option_setting_ofs1_sel_reg$$Limit = .
 2c9f120  2c9f120        0     1 .option_setting_ofs1_sel.endof
 2c9f120  2c9f120        0     1         __ddsc_OPTION_SETTING_OFS1_SEL_END = .
12c9f4c4 12c9f4c4        0     1 .option_setting_ofs3.startof
12c9f4c4 12c9f4c4        0     1         __ddsc_OPTION_SETTING_OFS3_START = .
12c9f4c4 12c9f4c4        0     1 __option_setting_ofs3_reg$$
12c9f4c4 12c9f4c4        0     1         __option_setting_ofs3_reg$$Base = .
12c9f4c4 12c9f4c4        0     1         __option_setting_ofs3_reg$$Limit = .
12c9f4c4 12c9f4c4        0     1 .option_setting_ofs3.endof
12c9f4c4 12c9f4c4        0     1         __ddsc_OPTION_SETTING_OFS3_END = .
 2c9f0c4  2c9f0c4        0     1 .option_setting_ofs3_sec.startof
 2c9f0c4  2c9f0c4        0     1         __ddsc_OPTION_SETTING_OFS3_SEC_START = .
 2c9f0c4  2c9f0c4        0     1 __option_setting_ofs3_sec_reg$$
 2c9f0c4  2c9f0c4        0     1         __option_setting_ofs3_sec_reg$$Base = .
 2c9f0c4  2c9f0c4        0     1         __option_setting_ofs3_sec_reg$$Limit = .
 2c9f0c4  2c9f0c4        0     1 .option_setting_ofs3_sec.endof
 2c9f0c4  2c9f0c4        0     1         __ddsc_OPTION_SETTING_OFS3_SEC_END = .
 2c9f124  2c9f124        0     1 .option_setting_ofs3_sel.startof
 2c9f124  2c9f124        0     1         __ddsc_OPTION_SETTING_OFS3_SEL_START = .
 2c9f124  2c9f124        0     1 __option_setting_ofs3_sel_reg$$
 2c9f124  2c9f124        0     1         __option_setting_ofs3_sel_reg$$Base = .
 2c9f124  2c9f124        0     1         __option_setting_ofs3_sel_reg$$Limit = .
 2c9f124  2c9f124        0     1 .option_setting_ofs3_sel.endof
 2c9f124  2c9f124        0     1         __ddsc_OPTION_SETTING_OFS3_SEL_END = .
12c9f600 12c9f600        0     1 .option_setting_bps.startof
12c9f600 12c9f600        0     1         __ddsc_OPTION_SETTING_BPS_START = .
12c9f600 12c9f600        0     1 __option_setting_bps_reg$$
12c9f600 12c9f600        0     1         __option_setting_bps_reg$$Base = .
12c9f600 12c9f600        0     1         __option_setting_bps_reg$$Limit = .
12c9f600 12c9f600        0     1 .option_setting_bps.endof
12c9f600 12c9f600        0     1         __ddsc_OPTION_SETTING_BPS_END = .
 2c9f200  2c9f200        0     1 .option_setting_bps_sec.startof
 2c9f200  2c9f200        0     1         __ddsc_OPTION_SETTING_BPS_SEC_START = .
 2c9f200  2c9f200        0     1 __option_setting_bps_sec_reg$$
 2c9f200  2c9f200        0     1         __option_setting_bps_sec_reg$$Base = .
 2c9f200  2c9f200        0     1         __option_setting_bps_sec_reg$$Limit = .
 2c9f200  2c9f200        0     1 .option_setting_bps_sec.endof
 2c9f200  2c9f200        0     1         __ddsc_OPTION_SETTING_BPS_SEC_END = .
 2e07700  2e07700        0     1 .option_setting_otp_pbps_sec.startof
 2e07700  2e07700        0     1         __ddsc_OPTION_SETTING_OTP_PBPS_SEC_START = .
 2e07700  2e07700        0     1 __option_setting_otp_pbps_sec_reg$$
 2e07700  2e07700        0     1         __option_setting_otp_pbps_sec_reg$$Base = .
 2e07700  2e07700        0     1         __option_setting_otp_pbps_sec_reg$$Limit = .
 2e07700  2e07700        0     1 .option_setting_otp_pbps_sec.endof
 2e07700  2e07700        0     1         __ddsc_OPTION_SETTING_OTP_PBPS_SEC_END = .
12e07780 12e07780        0     1 .option_setting_otp_pbps.startof
12e07780 12e07780        0     1         __ddsc_OPTION_SETTING_OTP_PBPS_START = .
12e07780 12e07780        0     1 __option_setting_otp_pbps_reg$$
12e07780 12e07780        0     1         __option_setting_otp_pbps_reg$$Base = .
12e07780 12e07780        0     1         __option_setting_otp_pbps_reg$$Limit = .
12e07780 12e07780        0     1 .option_setting_otp_pbps.endof
12e07780 12e07780        0     1         __ddsc_OPTION_SETTING_OTP_PBPS_END = .
12e07780 12e07780        0     1 PROVIDE ( __tls_base = ADDR ( __ram_tdata$$ ) )
12e07780 12e07780        0     1 PROVIDE ( __tdata_source = LOADADDR ( __ram_tdata$$ ) )
12e07780 12e07780        0     1 PROVIDE ( __tdata_size = SIZEOF ( __ram_tdata$$ ) )
12e07780 12e07780        0     1 PROVIDE ( __tbss_offset = ADDR ( __ram_tbss$$ ) - ADDR ( __ram_tdata$$ ) )
12e07780 12e07780        0     1 PROVIDE ( __tbss_size = SIZEOF ( __ram_tbss$$ ) )
12e07780 12e07780        0     1 PROVIDE ( __arm32_tls_tcb_offset = 8 )
       0        0     ad62     1 .debug_loc
       0        0     2cd5     1         ./src/SEGGER_RTT/SEGGER_RTT.o:(.debug_loc)
    2cd5     2cd5      cbc     1         ./src/SEGGER_RTT/SEGGER_RTT_printf.o:(.debug_loc)
    3991     3991       29     1         ./src/hal_entry.o:(.debug_loc)
    39ba     39ba     18b6     1         ./src/ssi_ep.o:(.debug_loc)
    5270     5270     1852     1         ./ra/fsp/src/r_ssi/r_ssi.o:(.debug_loc)
    6ac2     6ac2      8ff     1         ./ra/fsp/src/r_ioport/r_ioport.o:(.debug_loc)
    73c1     73c1      f26     1         ./ra/fsp/src/r_iic_master/r_iic_master.o:(.debug_loc)
    82e7     82e7      347     1         ./ra/fsp/src/r_icu/r_icu.o:(.debug_loc)
    862e     862e     158b     1         ./ra/fsp/src/r_gpt/r_gpt.o:(.debug_loc)
    9bb9     9bb9      4b7     1         ./ra/fsp/src/r_dtc/r_dtc.o:(.debug_loc)
    a070     a070      771     1         ./ra/fsp/src/bsp/mcu/all/bsp_clocks.o:(.debug_loc)
    a7e1     a7e1       26     1         ./ra/fsp/src/bsp/mcu/all/bsp_common.o:(.debug_loc)
    a807     a807      1cb     1         ./ra/fsp/src/bsp/mcu/all/bsp_delay.o:(.debug_loc)
    a9d2     a9d2       5c     1         ./ra/fsp/src/bsp/mcu/all/bsp_group_irq.o:(.debug_loc)
    aa2e     aa2e       a4     1         ./ra/fsp/src/bsp/mcu/all/bsp_ipc.o:(.debug_loc)
    aad2     aad2       9d     1         ./ra/fsp/src/bsp/mcu/all/bsp_register_protection.o:(.debug_loc)
    ab6f     ab6f       52     1         ./ra/fsp/src/bsp/mcu/all/bsp_sbrk.o:(.debug_loc)
    abc1     abc1       30     1         ./ra/fsp/src/bsp/mcu/all/bsp_sdram.o:(.debug_loc)
    abf1     abf1      171     1         ./ra/fsp/src/bsp/cmsis/Device/RENESAS/Source/system.o:(.debug_loc)
       0        0     3ece     1 .debug_abbrev
       0        0      20b     1         ./src/SEGGER_RTT/SEGGER_RTT.o:(.debug_abbrev)
     20b      20b      1dd     1         ./src/SEGGER_RTT/SEGGER_RTT_printf.o:(.debug_abbrev)
     3e8      3e8       fa     1         ./src/hal_entry.o:(.debug_abbrev)
     4e2      4e2      305     1         ./src/ssi_ep.o:(.debug_abbrev)
     7e7      7e7       d9     1         ./ra_gen/common_data.o:(.debug_abbrev)
     8c0      8c0      1d2     1         ./ra_gen/hal_data.o:(.debug_abbrev)
     a92      a92       39     1         ./ra_gen/main.o:(.debug_abbrev)
     acb      acb       a8     1         ./ra_gen/pin_data.o:(.debug_abbrev)
     b73      b73       8e     1         ./ra_gen/vector_data.o:(.debug_abbrev)
     c01      c01      3b6     1         ./ra/fsp/src/r_ssi/r_ssi.o:(.debug_abbrev)
     fb7      fb7      2d8     1         ./ra/fsp/src/r_ioport/r_ioport.o:(.debug_abbrev)
    128f     128f      3e5     1         ./ra/fsp/src/r_iic_master/r_iic_master.o:(.debug_abbrev)
    1674     1674      301     1         ./ra/fsp/src/r_icu/r_icu.o:(.debug_abbrev)
    1975     1975      3a0     1         ./ra/fsp/src/r_gpt/r_gpt.o:(.debug_abbrev)
    1d15     1d15      35c     1         ./ra/fsp/src/r_dtc/r_dtc.o:(.debug_abbrev)
    2071     2071       9e     1         ./ra/fsp/src/bsp/mcu/ra8p1/bsp_linker.o:(.debug_abbrev)
    210f     210f      2ce     1         ./ra/fsp/src/bsp/mcu/all/bsp_clocks.o:(.debug_abbrev)
    23dd     23dd      12f     1         ./ra/fsp/src/bsp/mcu/all/bsp_common.o:(.debug_abbrev)
    250c     250c       a7     1         ./ra/fsp/src/bsp/mcu/all/bsp_delay.o:(.debug_abbrev)
    25b3     25b3      1d0     1         ./ra/fsp/src/bsp/mcu/all/bsp_group_irq.o:(.debug_abbrev)
    2783     2783       40     1         ./ra/fsp/src/bsp/mcu/all/bsp_io.o:(.debug_abbrev)
    27c3     27c3      19e     1         ./ra/fsp/src/bsp/mcu/all/bsp_ipc.o:(.debug_abbrev)
    2961     2961      152     1         ./ra/fsp/src/bsp/mcu/all/bsp_irq.o:(.debug_abbrev)
    2ab3     2ab3      1df     1         ./ra/fsp/src/bsp/mcu/all/bsp_register_protection.o:(.debug_abbrev)
    2c92     2c92       7f     1         ./ra/fsp/src/bsp/mcu/all/bsp_sbrk.o:(.debug_abbrev)
    2d11     2d11      176     1         ./ra/fsp/src/bsp/mcu/all/bsp_sdram.o:(.debug_abbrev)
    2e87     2e87       a2     1         ./ra/fsp/src/bsp/cmsis/Device/RENESAS/Source/startup.o:(.debug_abbrev)
    2f29     2f29      25e     1         ./ra/fsp/src/bsp/cmsis/Device/RENESAS/Source/system.o:(.debug_abbrev)
    3187     3187       40     1         ./ra/board/ra8p1_ek/board_init.o:(.debug_abbrev)
    31c7     31c7       8d     1         ./ra/board/ra8p1_ek/board_leds.o:(.debug_abbrev)
    3254     3254       2e     1         C:\Users\qnfmd\AppData\Local\Programs\Renesas\RA\e2studio_v2025-04.1_fsp_v6.0.0\toolchains\llvm_arm\LLVM-ET-Arm-18.1.3-Windows-x86_64\bin\..\lib\clang-runtimes/arm-none-eabi/armv8.1m.main_hard_fpdp_nomve_exn_rtti\lib\libc.a(libc_errno_errno.c.o):(.debug_abbrev)
    3282     3282       74     1         C:\Users\qnfmd\AppData\Local\Programs\Renesas\RA\e2studio_v2025-04.1_fsp_v6.0.0\toolchains\llvm_arm\LLVM-ET-Arm-18.1.3-Windows-x86_64\bin\..\lib\clang-runtimes/arm-none-eabi/armv8.1m.main_hard_fpdp_nomve_exn_rtti\lib\libc.a(libc_picolib_inittls.c.o):(.debug_abbrev)
    32f6     32f6       62     1         C:\Users\qnfmd\AppData\Local\Programs\Renesas\RA\e2studio_v2025-04.1_fsp_v6.0.0\toolchains\llvm_arm\LLVM-ET-Arm-18.1.3-Windows-x86_64\bin\..\lib\clang-runtimes/arm-none-eabi/armv8.1m.main_hard_fpdp_nomve_exn_rtti\lib\libc.a(libc_picolib_machine_arm_tls.c.o):(.debug_abbrev)
    3358     3358       21     1         C:\Users\qnfmd\AppData\Local\Programs\Renesas\RA\e2studio_v2025-04.1_fsp_v6.0.0\toolchains\llvm_arm\LLVM-ET-Arm-18.1.3-Windows-x86_64\bin\..\lib\clang-runtimes/arm-none-eabi/armv8.1m.main_hard_fpdp_nomve_exn_rtti\lib\libc.a(libc_picolib_machine_arm_read_tp.S.o):(.debug_abbrev)
    3379     3379       dd     1         C:\Users\qnfmd\AppData\Local\Programs\Renesas\RA\e2studio_v2025-04.1_fsp_v6.0.0\toolchains\llvm_arm\LLVM-ET-Arm-18.1.3-Windows-x86_64\bin\..\lib\clang-runtimes/arm-none-eabi/armv8.1m.main_hard_fpdp_nomve_exn_rtti\lib\libc.a(libm_math_sf_sin.c.o):(.debug_abbrev)
    3456     3456      110     1         C:\Users\qnfmd\AppData\Local\Programs\Renesas\RA\e2studio_v2025-04.1_fsp_v6.0.0\toolchains\llvm_arm\LLVM-ET-Arm-18.1.3-Windows-x86_64\bin\..\lib\clang-runtimes/arm-none-eabi/armv8.1m.main_hard_fpdp_nomve_exn_rtti\lib\libc.a(libm_math_kf_sin.c.o):(.debug_abbrev)
    3566     3566      147     1         C:\Users\qnfmd\AppData\Local\Programs\Renesas\RA\e2studio_v2025-04.1_fsp_v6.0.0\toolchains\llvm_arm\LLVM-ET-Arm-18.1.3-Windows-x86_64\bin\..\lib\clang-runtimes/arm-none-eabi/armv8.1m.main_hard_fpdp_nomve_exn_rtti\lib\libc.a(libm_math_sf_rem_pio2.c.o):(.debug_abbrev)
    36ad     36ad      128     1         C:\Users\qnfmd\AppData\Local\Programs\Renesas\RA\e2studio_v2025-04.1_fsp_v6.0.0\toolchains\llvm_arm\LLVM-ET-Arm-18.1.3-Windows-x86_64\bin\..\lib\clang-runtimes/arm-none-eabi/armv8.1m.main_hard_fpdp_nomve_exn_rtti\lib\libc.a(libm_math_kf_rem_pio2.c.o):(.debug_abbrev)
    37d5     37d5       8f     1         C:\Users\qnfmd\AppData\Local\Programs\Renesas\RA\e2studio_v2025-04.1_fsp_v6.0.0\toolchains\llvm_arm\LLVM-ET-Arm-18.1.3-Windows-x86_64\bin\..\lib\clang-runtimes/arm-none-eabi/armv8.1m.main_hard_fpdp_nomve_exn_rtti\lib\libc.a(libm_math_kf_cos.c.o):(.debug_abbrev)
    3864     3864       ce     1         C:\Users\qnfmd\AppData\Local\Programs\Renesas\RA\e2studio_v2025-04.1_fsp_v6.0.0\toolchains\llvm_arm\LLVM-ET-Arm-18.1.3-Windows-x86_64\bin\..\lib\clang-runtimes/arm-none-eabi/armv8.1m.main_hard_fpdp_nomve_exn_rtti\lib\libc.a(libm_common_math_inexactf.c.o):(.debug_abbrev)
    3932     3932      110     1         C:\Users\qnfmd\AppData\Local\Programs\Renesas\RA\e2studio_v2025-04.1_fsp_v6.0.0\toolchains\llvm_arm\LLVM-ET-Arm-18.1.3-Windows-x86_64\bin\..\lib\clang-runtimes/arm-none-eabi/armv8.1m.main_hard_fpdp_nomve_exn_rtti\lib\libc.a(libm_common_sf_scalbn.c.o):(.debug_abbrev)
    3a42     3a42       87     1         C:\Users\qnfmd\AppData\Local\Programs\Renesas\RA\e2studio_v2025-04.1_fsp_v6.0.0\toolchains\llvm_arm\LLVM-ET-Arm-18.1.3-Windows-x86_64\bin\..\lib\clang-runtimes/arm-none-eabi/armv8.1m.main_hard_fpdp_nomve_exn_rtti\lib\libc.a(libm_common_math_errf_uflowf.c.o):(.debug_abbrev)
    3ac9     3ac9       87     1         C:\Users\qnfmd\AppData\Local\Programs\Renesas\RA\e2studio_v2025-04.1_fsp_v6.0.0\toolchains\llvm_arm\LLVM-ET-Arm-18.1.3-Windows-x86_64\bin\..\lib\clang-runtimes/arm-none-eabi/armv8.1m.main_hard_fpdp_nomve_exn_rtti\lib\libc.a(libm_common_math_errf_oflowf.c.o):(.debug_abbrev)
    3b50     3b50       d1     1         C:\Users\qnfmd\AppData\Local\Programs\Renesas\RA\e2studio_v2025-04.1_fsp_v6.0.0\toolchains\llvm_arm\LLVM-ET-Arm-18.1.3-Windows-x86_64\bin\..\lib\clang-runtimes/arm-none-eabi/armv8.1m.main_hard_fpdp_nomve_exn_rtti\lib\libc.a(libm_common_math_errf_invalidf.c.o):(.debug_abbrev)
    3c21     3c21       d3     1         C:\Users\qnfmd\AppData\Local\Programs\Renesas\RA\e2studio_v2025-04.1_fsp_v6.0.0\toolchains\llvm_arm\LLVM-ET-Arm-18.1.3-Windows-x86_64\bin\..\lib\clang-runtimes/arm-none-eabi/armv8.1m.main_hard_fpdp_nomve_exn_rtti\lib\libc.a(libm_common_sf_fpclassify.c.o):(.debug_abbrev)
    3cf4     3cf4       94     1         C:\Users\qnfmd\AppData\Local\Programs\Renesas\RA\e2studio_v2025-04.1_fsp_v6.0.0\toolchains\llvm_arm\LLVM-ET-Arm-18.1.3-Windows-x86_64\bin\..\lib\clang-runtimes/arm-none-eabi/armv8.1m.main_hard_fpdp_nomve_exn_rtti\lib\libc.a(bzero.c.o):(.debug_abbrev)
    3d88     3d88       a0     1         C:\Users\qnfmd\AppData\Local\Programs\Renesas\RA\e2studio_v2025-04.1_fsp_v6.0.0\toolchains\llvm_arm\LLVM-ET-Arm-18.1.3-Windows-x86_64\bin\..\lib\clang-runtimes/arm-none-eabi/armv8.1m.main_hard_fpdp_nomve_exn_rtti\lib\libc.a(memcpy.c.o):(.debug_abbrev)
    3e28     3e28       85     1         C:\Users\qnfmd\AppData\Local\Programs\Renesas\RA\e2studio_v2025-04.1_fsp_v6.0.0\toolchains\llvm_arm\LLVM-ET-Arm-18.1.3-Windows-x86_64\bin\..\lib\clang-runtimes/arm-none-eabi/armv8.1m.main_hard_fpdp_nomve_exn_rtti\lib\libc.a(memset.c.o):(.debug_abbrev)
    3ead     3ead       21     1         C:\Users\qnfmd\AppData\Local\Programs\Renesas\RA\e2studio_v2025-04.1_fsp_v6.0.0\toolchains\llvm_arm\LLVM-ET-Arm-18.1.3-Windows-x86_64\bin\..\lib\clang-runtimes/arm-none-eabi/armv8.1m.main_hard_fpdp_nomve_exn_rtti\lib\libc.a(strlen.S.o):(.debug_abbrev)
       0        0    5cd7a     1 .debug_info
       0        0     1d34     1         ./src/SEGGER_RTT/SEGGER_RTT.o:(.debug_info)
    1d34     1d34      5d4     1         ./src/SEGGER_RTT/SEGGER_RTT_printf.o:(.debug_info)
    2308     2308      f10     1         ./src/hal_entry.o:(.debug_info)
    3218     3218     2320     1         ./src/ssi_ep.o:(.debug_info)
    5538     5538     1504     1         ./ra_gen/common_data.o:(.debug_info)
    6a3c     6a3c     571a     1         ./ra_gen/hal_data.o:(.debug_info)
    c156     c156       43     1         ./ra_gen/main.o:(.debug_info)
    c199     c199      7a8     1         ./ra_gen/pin_data.o:(.debug_info)
    c941     c941      e07     1         ./ra_gen/vector_data.o:(.debug_info)
    d748     d748     47ee     1         ./ra/fsp/src/r_ssi/r_ssi.o:(.debug_info)
   11f36    11f36     976b     1         ./ra/fsp/src/r_ioport/r_ioport.o:(.debug_info)
   1b6a1    1b6a1     a57e     1         ./ra/fsp/src/r_iic_master/r_iic_master.o:(.debug_info)
   25c1f    25c1f     21a7     1         ./ra/fsp/src/r_icu/r_icu.o:(.debug_info)
   27dc6    27dc6     cbd5     1         ./ra/fsp/src/r_gpt/r_gpt.o:(.debug_info)
   3499b    3499b     2eaa     1         ./ra/fsp/src/r_dtc/r_dtc.o:(.debug_info)
   37845    37845      233     1         ./ra/fsp/src/bsp/mcu/ra8p1/bsp_linker.o:(.debug_info)
   37a78    37a78     9202     1         ./ra/fsp/src/bsp/mcu/all/bsp_clocks.o:(.debug_info)
   40c7a    40c7a      8bb     1         ./ra/fsp/src/bsp/mcu/all/bsp_common.o:(.debug_info)
   41535    41535      169     1         ./ra/fsp/src/bsp/mcu/all/bsp_delay.o:(.debug_info)
   4169e    4169e     16c8     1         ./ra/fsp/src/bsp/mcu/all/bsp_group_irq.o:(.debug_info)
   42d66    42d66       52     1         ./ra/fsp/src/bsp/mcu/all/bsp_io.o:(.debug_info)
   42db8    42db8     1ba8     1         ./ra/fsp/src/bsp/mcu/all/bsp_ipc.o:(.debug_info)
   44960    44960     1c8c     1         ./ra/fsp/src/bsp/mcu/all/bsp_irq.o:(.debug_info)
   465ec    465ec     5f12     1         ./ra/fsp/src/bsp/mcu/all/bsp_register_protection.o:(.debug_info)
   4c4fe    4c4fe       c2     1         ./ra/fsp/src/bsp/mcu/all/bsp_sbrk.o:(.debug_info)
   4c5c0    4c5c0     7a39     1         ./ra/fsp/src/bsp/mcu/all/bsp_sdram.o:(.debug_info)
   53ff9    53ff9       d1     1         ./ra/fsp/src/bsp/cmsis/Device/RENESAS/Source/startup.o:(.debug_info)
   540ca    540ca     7acd     1         ./ra/fsp/src/bsp/cmsis/Device/RENESAS/Source/system.o:(.debug_info)
   5bb97    5bb97       47     1         ./ra/board/ra8p1_ek/board_init.o:(.debug_info)
   5bbde    5bbde       ac     1         ./ra/board/ra8p1_ek/board_leds.o:(.debug_info)
   5bc8a    5bc8a       2e     1         C:\Users\qnfmd\AppData\Local\Programs\Renesas\RA\e2studio_v2025-04.1_fsp_v6.0.0\toolchains\llvm_arm\LLVM-ET-Arm-18.1.3-Windows-x86_64\bin\..\lib\clang-runtimes/arm-none-eabi/armv8.1m.main_hard_fpdp_nomve_exn_rtti\lib\libc.a(libc_errno_errno.c.o):(.debug_info)
   5bcb8    5bcb8       64     1         C:\Users\qnfmd\AppData\Local\Programs\Renesas\RA\e2studio_v2025-04.1_fsp_v6.0.0\toolchains\llvm_arm\LLVM-ET-Arm-18.1.3-Windows-x86_64\bin\..\lib\clang-runtimes/arm-none-eabi/armv8.1m.main_hard_fpdp_nomve_exn_rtti\lib\libc.a(libc_picolib_inittls.c.o):(.debug_info)
[...]
                                                  ./ra/fsp/src/bsp/mcu/ra8p1/bsp_linker.o
__itcm_from_ospi0_cs1$$Base                       fsp_gen.lld:99
                                                  ./ra/fsp/src/bsp/mcu/ra8p1/bsp_linker.o
__itcm_from_ospi0_cs1$$Limit                      fsp_gen.lld:104
                                                  ./ra/fsp/src/bsp/mcu/ra8p1/bsp_linker.o
__itcm_from_ospi0_cs1$$Load                       fsp_gen.lld:99
                                                  ./ra/fsp/src/bsp/mcu/ra8p1/bsp_linker.o
__itcm_from_ospi1_cs1$$Base                       fsp_gen.lld:215
                                                  ./ra/fsp/src/bsp/mcu/ra8p1/bsp_linker.o
__itcm_from_ospi1_cs1$$Limit                      fsp_gen.lld:220
                                                  ./ra/fsp/src/bsp/mcu/ra8p1/bsp_linker.o
__itcm_from_ospi1_cs1$$Load                       fsp_gen.lld:215
                                                  ./ra/fsp/src/bsp/mcu/ra8p1/bsp_linker.o
__itcm_from_data_flash$$Base                      fsp_gen.lld:315
                                                  ./ra/fsp/src/bsp/mcu/ra8p1/bsp_linker.o
__itcm_from_data_flash$$Limit                     fsp_gen.lld:320
                                                  ./ra/fsp/src/bsp/mcu/ra8p1/bsp_linker.o
__itcm_from_data_flash$$Load                      fsp_gen.lld:315
                                                  ./ra/fsp/src/bsp/mcu/ra8p1/bsp_linker.o
__itcm_from_flash$$Base                           fsp_gen.lld:544
                                                  ./ra/fsp/src/bsp/mcu/ra8p1/bsp_linker.o
__itcm_from_flash$$Limit                          fsp_gen.lld:549
                                                  ./ra/fsp/src/bsp/mcu/ra8p1/bsp_linker.o
__itcm_from_flash$$Load                           fsp_gen.lld:544
                                                  ./ra/fsp/src/bsp/mcu/ra8p1/bsp_linker.o
__dtcm_from_ospi0_cs1$$Base                       fsp_gen.lld:116
                                                  ./ra/fsp/src/bsp/mcu/ra8p1/bsp_linker.o
__dtcm_from_ospi0_cs1$$Limit                      fsp_gen.lld:121
                                                  ./ra/fsp/src/bsp/mcu/ra8p1/bsp_linker.o
__dtcm_from_ospi0_cs1$$Load                       fsp_gen.lld:116
                                                  ./ra/fsp/src/bsp/mcu/ra8p1/bsp_linker.o
__dtcm_from_ospi1_cs1$$Base                       fsp_gen.lld:227
                                                  ./ra/fsp/src/bsp/mcu/ra8p1/bsp_linker.o
__dtcm_from_ospi1_cs1$$Limit                      fsp_gen.lld:232
                                                  ./ra/fsp/src/bsp/mcu/ra8p1/bsp_linker.o
__dtcm_from_ospi1_cs1$$Load                       fsp_gen.lld:227
                                                  ./ra/fsp/src/bsp/mcu/ra8p1/bsp_linker.o
__dtcm_from_data_flash$$Base                      fsp_gen.lld:327
                                                  ./ra/fsp/src/bsp/mcu/ra8p1/bsp_linker.o
__dtcm_from_data_flash$$Limit                     fsp_gen.lld:332
                                                  ./ra/fsp/src/bsp/mcu/ra8p1/bsp_linker.o
__dtcm_from_data_flash$$Load                      fsp_gen.lld:327
                                                  ./ra/fsp/src/bsp/mcu/ra8p1/bsp_linker.o
__dtcm_from_flash$$Base                           fsp_gen.lld:577
                                                  ./ra/fsp/src/bsp/mcu/ra8p1/bsp_linker.o
__dtcm_from_flash$$Limit                          fsp_gen.lld:582
                                                  ./ra/fsp/src/bsp/mcu/ra8p1/bsp_linker.o
__dtcm_from_flash$$Load                           fsp_gen.lld:577
                                                  ./ra/fsp/src/bsp/mcu/ra8p1/bsp_linker.o
__ram_from_ospi0_cs1$$Base                        fsp_gen.lld:139
                                                  ./ra/fsp/src/bsp/mcu/ra8p1/bsp_linker.o
__ram_from_ospi0_cs1$$Limit                       fsp_gen.lld:144
                                                  ./ra/fsp/src/bsp/mcu/ra8p1/bsp_linker.o
__ram_from_ospi0_cs1$$Load                        fsp_gen.lld:139
                                                  ./ra/fsp/src/bsp/mcu/ra8p1/bsp_linker.o
__ram_from_ospi1_cs1$$Base                        fsp_gen.lld:239
                                                  ./ra/fsp/src/bsp/mcu/ra8p1/bsp_linker.o
__ram_from_ospi1_cs1$$Limit                       fsp_gen.lld:244
                                                  ./ra/fsp/src/bsp/mcu/ra8p1/bsp_linker.o
__ram_from_ospi1_cs1$$Load                        fsp_gen.lld:239
                                                  ./ra/fsp/src/bsp/mcu/ra8p1/bsp_linker.o
__ram_from_data_flash$$Base                       fsp_gen.lld:339
                                                  ./ra/fsp/src/bsp/mcu/ra8p1/bsp_linker.o
__ram_from_data_flash$$Limit                      fsp_gen.lld:344
                                                  ./ra/fsp/src/bsp/mcu/ra8p1/bsp_linker.o
__ram_from_data_flash$$Load                       fsp_gen.lld:339
                                                  ./ra/fsp/src/bsp/mcu/ra8p1/bsp_linker.o
__ram_from_flash$$Base                            fsp_gen.lld:610
                                                  ./ra/fsp/src/bsp/mcu/ra8p1/bsp_linker.o
__ram_from_flash$$Limit                           fsp_gen.lld:617
                                                  ./ra/fsp/src/bsp/mcu/ra8p1/bsp_linker.o
__ram_from_flash$$Load                            fsp_gen.lld:610
                                                  ./ra/fsp/src/bsp/mcu/ra8p1/bsp_linker.o
__ram_tdata$$Base                                 fsp_gen.lld:659
                                                  ./ra/fsp/src/bsp/mcu/ra8p1/bsp_linker.o
__ram_tdata$$Limit                                fsp_gen.lld:663
                                                  ./ra/fsp/src/bsp/mcu/ra8p1/bsp_linker.o
__ram_tdata$$Load                                 fsp_gen.lld:659
                                                  ./ra/fsp/src/bsp/mcu/ra8p1/bsp_linker.o
SystemCoreClockUpdate                             ./ra/fsp/src/bsp/mcu/all/bsp_clocks.o
                                                  ./ra/fsp/src/bsp/cmsis/Device/RENESAS/Source/system.o
bsp_clock_init                                    ./ra/fsp/src/bsp/mcu/all/bsp_clocks.o
                                                  ./ra/fsp/src/bsp/cmsis/Device/RENESAS/Source/system.o
R_BSP_SubClockStabilizeWaitAfterReset             ./ra/fsp/src/bsp/mcu/all/bsp_clocks.o
R_BSP_Init_RTC                                    ./ra/fsp/src/bsp/mcu/all/bsp_clocks.o
                                                  ./ra/fsp/src/bsp/cmsis/Device/RENESAS/Source/system.o
bsp_init                                          ./ra/board/ra8p1_ek/board_init.o
                                                  ./ra/fsp/src/bsp/mcu/all/bsp_common.o
                                                  ./ra/fsp/src/bsp/cmsis/Device/RENESAS/Source/system.o
bsp_prv_software_delay_loop                       ./ra/fsp/src/bsp/mcu/all/bsp_delay.o
g_bsp_group_irq_sources                           ./ra/fsp/src/bsp/mcu/all/bsp_group_irq.o
NMI_Handler                                       ./ra/fsp/src/bsp/mcu/all/bsp_group_irq.o
                                                  ./ra/fsp/src/bsp/cmsis/Device/RENESAS/Source/startup.o
bsp_irq_cfg                                       ./ra/fsp/src/bsp/mcu/all/bsp_irq.o
                                                  ./ra/fsp/src/bsp/cmsis/Device/RENESAS/Source/system.o
g_protect_counters                                ./ra/fsp/src/bsp/mcu/all/bsp_register_protection.o
Reset_Handler                                     ./ra/fsp/src/bsp/cmsis/Device/RENESAS/Source/startup.o
SystemInit                                        ./ra/fsp/src/bsp/cmsis/Device/RENESAS/Source/system.o
                                                  ./ra/fsp/src/bsp/cmsis/Device/RENESAS/Source/startup.o
Default_Handler                                   ./ra/fsp/src/bsp/cmsis/Device/RENESAS/Source/startup.o
g_main_stack                                      ./ra/fsp/src/bsp/cmsis/Device/RENESAS/Source/startup.o
                                                  ./ra/fsp/src/bsp/cmsis/Device/RENESAS/Source/system.o
__Vectors                                         ./ra/fsp/src/bsp/cmsis/Device/RENESAS/Source/startup.o
                                                  ./ra/fsp/src/bsp/cmsis/Device/RENESAS/Source/system.o
HardFault_Handler                                 ./ra/fsp/src/bsp/cmsis/Device/RENESAS/Source/startup.o
MemManage_Handler                                 ./ra/fsp/src/bsp/cmsis/Device/RENESAS/Source/startup.o
BusFault_Handler                                  ./ra/fsp/src/bsp/cmsis/Device/RENESAS/Source/startup.o
UsageFault_Handler                                ./ra/fsp/src/bsp/cmsis/Device/RENESAS/Source/startup.o
SecureFault_Handler                               ./ra/fsp/src/bsp/cmsis/Device/RENESAS/Source/startup.o
SVC_Handler                                       ./ra/fsp/src/bsp/cmsis/Device/RENESAS/Source/startup.o
DebugMon_Handler                                  ./ra/fsp/src/bsp/cmsis/Device/RENESAS/Source/startup.o
PendSV_Handler                                    ./ra/fsp/src/bsp/cmsis/Device/RENESAS/Source/startup.o
SysTick_Handler                                   ./ra/fsp/src/bsp/cmsis/Device/RENESAS/Source/startup.o
__aeabi_memcpy4                                   C:\Users\qnfmd\AppData\Local\Programs\Renesas\RA\e2studio_v2025-04.1_fsp_v6.0.0\toolchains\llvm_arm\LLVM-ET-Arm-18.1.3-Windows-x86_64\bin\..\lib\clang-runtimes/arm-none-eabi/armv8.1m.main_hard_fpdp_nomve_exn_rtti\lib\libc.a(memcpy.c.o)
                                                  ./ra/fsp/src/bsp/cmsis/Device/RENESAS/Source/system.o
__tls_base                                        fsp_gen.lld:1024
                                                  ./ra/fsp/src/bsp/cmsis/Device/RENESAS/Source/system.o
_init_tls                                         C:\Users\qnfmd\AppData\Local\Programs\Renesas\RA\e2studio_v2025-04.1_fsp_v6.0.0\toolchains\llvm_arm\LLVM-ET-Arm-18.1.3-Windows-x86_64\bin\..\lib\clang-runtimes/arm-none-eabi/armv8.1m.main_hard_fpdp_nomve_exn_rtti\lib\libc.a(libc_picolib_inittls.c.o)
                                                  ./ra/fsp/src/bsp/cmsis/Device/RENESAS/Source/system.o
_set_tls                                          C:\Users\qnfmd\AppData\Local\Programs\Renesas\RA\e2studio_v2025-04.1_fsp_v6.0.0\toolchains\llvm_arm\LLVM-ET-Arm-18.1.3-Windows-x86_64\bin\..\lib\clang-runtimes/arm-none-eabi/armv8.1m.main_hard_fpdp_nomve_exn_rtti\lib\libc.a(libc_picolib_machine_arm_tls.c.o)
                                                  ./ra/fsp/src/bsp/cmsis/Device/RENESAS/Source/system.o
__init_array_end                                  fsp_gen.lld:739
                                                  ./ra/fsp/src/bsp/cmsis/Device/RENESAS/Source/system.o
__init_array_start                                fsp_gen.lld:736
                                                  ./ra/fsp/src/bsp/cmsis/Device/RENESAS/Source/system.o
__aeabi_memclr                                    C:\Users\qnfmd\AppData\Local\Programs\Renesas\RA\e2studio_v2025-04.1_fsp_v6.0.0\toolchains\llvm_arm\LLVM-ET-Arm-18.1.3-Windows-x86_64\bin\..\lib\clang-runtimes/arm-none-eabi/armv8.1m.main_hard_fpdp_nomve_exn_rtti\lib\libc.a(bzero.c.o)
                                                  C:\Users\qnfmd\AppData\Local\Programs\Renesas\RA\e2studio_v2025-04.1_fsp_v6.0.0\toolchains\llvm_arm\LLVM-ET-Arm-18.1.3-Windows-x86_64\bin\..\lib\clang-runtimes/arm-none-eabi/armv8.1m.main_hard_fpdp_nomve_exn_rtti\lib\libc.a(libc_picolib_inittls.c.o)
__tdata_source                                    fsp_gen.lld:1025
                                                  C:\Users\qnfmd\AppData\Local\Programs\Renesas\RA\e2studio_v2025-04.1_fsp_v6.0.0\toolchains\llvm_arm\LLVM-ET-Arm-18.1.3-Windows-x86_64\bin\..\lib\clang-runtimes/arm-none-eabi/armv8.1m.main_hard_fpdp_nomve_exn_rtti\lib\libc.a(libc_picolib_inittls.c.o)
__tdata_size                                      fsp_gen.lld:1026
                                                  C:\Users\qnfmd\AppData\Local\Programs\Renesas\RA\e2studio_v2025-04.1_fsp_v6.0.0\toolchains\llvm_arm\LLVM-ET-Arm-18.1.3-Windows-x86_64\bin\..\lib\clang-runtimes/arm-none-eabi/armv8.1m.main_hard_fpdp_nomve_exn_rtti\lib\libc.a(libc_picolib_inittls.c.o)
__tbss_offset                                     fsp_gen.lld:1027
                                                  C:\Users\qnfmd\AppData\Local\Programs\Renesas\RA\e2studio_v2025-04.1_fsp_v6.0.0\toolchains\llvm_arm\LLVM-ET-Arm-18.1.3-Windows-x86_64\bin\..\lib\clang-runtimes/arm-none-eabi/armv8.1m.main_hard_fpdp_nomve_exn_rtti\lib\libc.a(libc_picolib_inittls.c.o)
__tbss_size                                       fsp_gen.lld:1028
                                                  C:\Users\qnfmd\AppData\Local\Programs\Renesas\RA\e2studio_v2025-04.1_fsp_v6.0.0\toolchains\llvm_arm\LLVM-ET-Arm-18.1.3-Windows-x86_64\bin\..\lib\clang-runtimes/arm-none-eabi/armv8.1m.main_hard_fpdp_nomve_exn_rtti\lib\libc.a(libc_picolib_inittls.c.o)
__arm32_tls_tcb_offset                            fsp_gen.lld:1029
                                                  C:\Users\qnfmd\AppData\Local\Programs\Renesas\RA\e2studio_v2025-04.1_fsp_v6.0.0\toolchains\llvm_arm\LLVM-ET-Arm-18.1.3-Windows-x86_64\bin\..\lib\clang-runtimes/arm-none-eabi/armv8.1m.main_hard_fpdp_nomve_exn_rtti\lib\libc.a(libc_picolib_machine_arm_tls.c.o)
__tls                                             C:\Users\qnfmd\AppData\Local\Programs\Renesas\RA\e2studio_v2025-04.1_fsp_v6.0.0\toolchains\llvm_arm\LLVM-ET-Arm-18.1.3-Windows-x86_64\bin\..\lib\clang-runtimes/arm-none-eabi/armv8.1m.main_hard_fpdp_nomve_exn_rtti\lib\libc.a(libc_picolib_machine_arm_read_tp.S.o)
                                                  C:\Users\qnfmd\AppData\Local\Programs\Renesas\RA\e2studio_v2025-04.1_fsp_v6.0.0\toolchains\llvm_arm\LLVM-ET-Arm-18.1.3-Windows-x86_64\bin\..\lib\clang-runtimes/arm-none-eabi/armv8.1m.main_hard_fpdp_nomve_exn_rtti\lib\libc.a(libc_picolib_machine_arm_tls.c.o)
__kernel_sinf                                     C:\Users\qnfmd\AppData\Local\Programs\Renesas\RA\e2studio_v2025-04.1_fsp_v6.0.0\toolchains\llvm_arm\LLVM-ET-Arm-18.1.3-Windows-x86_64\bin\..\lib\clang-runtimes/arm-none-eabi/armv8.1m.main_hard_fpdp_nomve_exn_rtti\lib\libc.a(libm_math_kf_sin.c.o)
                                                  C:\Users\qnfmd\AppData\Local\Programs\Renesas\RA\e2studio_v2025-04.1_fsp_v6.0.0\toolchains\llvm_arm\LLVM-ET-Arm-18.1.3-Windows-x86_64\bin\..\lib\clang-runtimes/arm-none-eabi/armv8.1m.main_hard_fpdp_nomve_exn_rtti\lib\libc.a(libm_math_sf_sin.c.o)
__rem_pio2f                                       C:\Users\qnfmd\AppData\Local\Programs\Renesas\RA\e2studio_v2025-04.1_fsp_v6.0.0\toolchains\llvm_arm\LLVM-ET-Arm-18.1.3-Windows-x86_64\bin\..\lib\clang-runtimes/arm-none-eabi/armv8.1m.main_hard_fpdp_nomve_exn_rtti\lib\libc.a(libm_math_sf_rem_pio2.c.o)
                                                  C:\Users\qnfmd\AppData\Local\Programs\Renesas\RA\e2studio_v2025-04.1_fsp_v6.0.0\toolchains\llvm_arm\LLVM-ET-Arm-18.1.3-Windows-x86_64\bin\..\lib\clang-runtimes/arm-none-eabi/armv8.1m.main_hard_fpdp_nomve_exn_rtti\lib\libc.a(libm_math_sf_sin.c.o)
__kernel_cosf                                     C:\Users\qnfmd\AppData\Local\Programs\Renesas\RA\e2studio_v2025-04.1_fsp_v6.0.0\toolchains\llvm_arm\LLVM-ET-Arm-18.1.3-Windows-x86_64\bin\..\lib\clang-runtimes/arm-none-eabi/armv8.1m.main_hard_fpdp_nomve_exn_rtti\lib\libc.a(libm_math_kf_cos.c.o)
                                                  C:\Users\qnfmd\AppData\Local\Programs\Renesas\RA\e2studio_v2025-04.1_fsp_v6.0.0\toolchains\llvm_arm\LLVM-ET-Arm-18.1.3-Windows-x86_64\bin\..\lib\clang-runtimes/arm-none-eabi/armv8.1m.main_hard_fpdp_nomve_exn_rtti\lib\libc.a(libm_math_sf_sin.c.o)
_sinf                                             C:\Users\qnfmd\AppData\Local\Programs\Renesas\RA\e2studio_v2025-04.1_fsp_v6.0.0\toolchains\llvm_arm\LLVM-ET-Arm-18.1.3-Windows-x86_64\bin\..\lib\clang-runtimes/arm-none-eabi/armv8.1m.main_hard_fpdp_nomve_exn_rtti\lib\libc.a(libm_math_sf_sin.c.o)
__kernel_rem_pio2f                                C:\Users\qnfmd\AppData\Local\Programs\Renesas\RA\e2studio_v2025-04.1_fsp_v6.0.0\toolchains\llvm_arm\LLVM-ET-Arm-18.1.3-Windows-x86_64\bin\..\lib\clang-runtimes/arm-none-eabi/armv8.1m.main_hard_fpdp_nomve_exn_rtti\lib\libc.a(libm_math_kf_rem_pio2.c.o)
                                                  C:\Users\qnfmd\AppData\Local\Programs\Renesas\RA\e2studio_v2025-04.1_fsp_v6.0.0\toolchains\llvm_arm\LLVM-ET-Arm-18.1.3-Windows-x86_64\bin\..\lib\clang-runtimes/arm-none-eabi/armv8.1m.main_hard_fpdp_nomve_exn_rtti\lib\libc.a(libm_math_sf_rem_pio2.c.o)
scalbnf                                           C:\Users\qnfmd\AppData\Local\Programs\Renesas\RA\e2studio_v2025-04.1_fsp_v6.0.0\toolchains\llvm_arm\LLVM-ET-Arm-18.1.3-Windows-x86_64\bin\..\lib\clang-runtimes/arm-none-eabi/armv8.1m.main_hard_fpdp_nomve_exn_rtti\lib\libc.a(libm_common_sf_scalbn.c.o)
                                                  C:\Users\qnfmd\AppData\Local\Programs\Renesas\RA\e2studio_v2025-04.1_fsp_v6.0.0\toolchains\llvm_arm\LLVM-ET-Arm-18.1.3-Windows-x86_64\bin\..\lib\clang-runtimes/arm-none-eabi/armv8.1m.main_hard_fpdp_nomve_exn_rtti\lib\libc.a(libm_math_kf_rem_pio2.c.o)
ldexpf                                            C:\Users\qnfmd\AppData\Local\Programs\Renesas\RA\e2studio_v2025-04.1_fsp_v6.0.0\toolchains\llvm_arm\LLVM-ET-Arm-18.1.3-Windows-x86_64\bin\..\lib\clang-runtimes/arm-none-eabi/armv8.1m.main_hard_fpdp_nomve_exn_rtti\lib\libc.a(libm_common_sf_scalbn.c.o)
__fpclassifyf                                     C:\Users\qnfmd\AppData\Local\Programs\Renesas\RA\e2studio_v2025-04.1_fsp_v6.0.0\toolchains\llvm_arm\LLVM-ET-Arm-18.1.3-Windows-x86_64\bin\..\lib\clang-runtimes/arm-none-eabi/armv8.1m.main_hard_fpdp_nomve_exn_rtti\lib\libc.a(libm_common_sf_fpclassify.c.o)
                                                  C:\Users\qnfmd\AppData\Local\Programs\Renesas\RA\e2studio_v2025-04.1_fsp_v6.0.0\toolchains\llvm_arm\LLVM-ET-Arm-18.1.3-Windows-x86_64\bin\..\lib\clang-runtimes/arm-none-eabi/armv8.1m.main_hard_fpdp_nomve_exn_rtti\lib\libc.a(libm_common_math_errf_invalidf.c.o)
bzero                                             C:\Users\qnfmd\AppData\Local\Programs\Renesas\RA\e2studio_v2025-04.1_fsp_v6.0.0\toolchains\llvm_arm\LLVM-ET-Arm-18.1.3-Windows-x86_64\bin\..\lib\clang-runtimes/arm-none-eabi/armv8.1m.main_hard_fpdp_nomve_exn_rtti\lib\libc.a(bzero.c.o)
memset                                            C:\Users\qnfmd\AppData\Local\Programs\Renesas\RA\e2studio_v2025-04.1_fsp_v6.0.0\toolchains\llvm_arm\LLVM-ET-Arm-18.1.3-Windows-x86_64\bin\..\lib\clang-runtimes/arm-none-eabi/armv8.1m.main_hard_fpdp_nomve_exn_rtti\lib\libc.a(memset.c.o)
                                                  C:\Users\qnfmd\AppData\Local\Programs\Renesas\RA\e2studio_v2025-04.1_fsp_v6.0.0\toolchains\llvm_arm\LLVM-ET-Arm-18.1.3-Windows-x86_64\bin\..\lib\clang-runtimes/arm-none-eabi/armv8.1m.main_hard_fpdp_nomve_exn_rtti\lib\libc.a(bzero.c.o)
memcpy                                            C:\Users\qnfmd\AppData\Local\Programs\Renesas\RA\e2studio_v2025-04.1_fsp_v6.0.0\toolchains\llvm_arm\LLVM-ET-Arm-18.1.3-Windows-x86_64\bin\..\lib\clang-runtimes/arm-none-eabi/armv8.1m.main_hard_fpdp_nomve_exn_rtti\lib\libc.a(memcpy.c.o)
__aeabi_memcpy8                                   C:\Users\qnfmd\AppData\Local\Programs\Renesas\RA\e2studio_v2025-04.1_fsp_v6.0.0\toolchains\llvm_arm\LLVM-ET-Arm-18.1.3-Windows-x86_64\bin\..\lib\clang-runtimes/arm-none-eabi/armv8.1m.main_hard_fpdp_nomve_exn_rtti\lib\libc.a(memcpy.c.o)
