T4730 000:000.923   SEGGER J-Link V8.44a Log File
T4730 000:001.122   DLL Compiled: Jun 18 2025 16:28:32
T4730 000:001.135   Logging started @ 2025-08-07 06:30
T4730 000:001.188   Process: C:\Users\qnfmd\.eclipse\com.renesas.platform_102978457\DebugComp\RA\e2-server-gdb.exe
T4730 000:001.213 - 1.207ms 
T4730 000:001.239 JLINK_GetDLLVersion()
T4730 000:001.253 - 0.014ms returns 84401
T4730 000:005.624 JLINK_OpenEx(...)
T4730 000:014.281   Firmware: J-Link OB-RA4M2 compiled Jul  8 2025 10:15:56
T4730 000:015.769   Firmware: J-Link OB-RA4M2 compiled Jul  8 2025 10:15:56
T4730 000:032.684   Hardware: V1.00
T4730 000:032.754   S/N: 1089748421
T4730 000:032.770   OEM: SEGGER
T4730 000:032.792   Feature(s): None
T4730 000:033.928   Bootloader: 2021 May 14
T4730 000:034.599   USB speed mode: Full speed (12 MBit/s)
T4730 000:035.298   TELNET listener socket opened on port 19021
T4730 000:035.994   WEBSRV WEBSRV_Init(): Starting webserver thread(s)
T4730 000:036.259   WEBSRV Webserver running on local port 19080
T4730 000:036.504   Looking for J-Link GUI Server exe at: C:\Users\qnfmd\.eclipse\com.renesas.platform_102978457\DebugComp\RA\ARM\Segger_v8.44.1\JLinkGUIServer.exe
T4730 000:036.714   Looking for J-Link GUI Server exe at: C:\Program Files\SEGGER\JLink_V854\JLinkGUIServer.exe
T4730 000:036.781   Forking J-Link GUI Server: C:\Program Files\SEGGER\JLink_V854\JLinkGUIServer.exe
T4730 000:066.131   J-Link GUI Server info: "J-Link GUI server V8.54 "
T4730 000:070.541 - 64.911ms returns "O.K."
T4730 000:070.670 JLINK_TIF_Select(JLINKARM_TIF_SWD)
T4730 000:073.439 - 2.767ms returns 0x00
T4730 000:073.502 JLINK_ClrRESET()
T4730 000:073.883 - 0.380ms 
T4730 000:124.037 JLINK_SetSpeed(1500)
T4730 000:124.521 - 0.497ms 
T4730 000:124.585 JLINK_CORESIGHT_Configure(PerformTIFInit=0)
T4730 000:125.284 - 0.699ms returns 0
T4730 000:125.381 JLINK_CORESIGHT_ReadAPDPReg(DP reg 0x00)
T4730 000:126.059   Value=0x6BA02477
T4730 000:126.161 - 0.782ms returns 0
T4730 000:126.222 JLINK_CORESIGHT_WriteAPDPReg(DP reg 0x00, 0x0000001F)
T4730 000:126.669 - 0.446ms returns 0
T4730 000:126.762 JLINK_CORESIGHT_ReadAPDPReg(DP reg 0x00)
T4730 000:127.281   Value=0x6BA02477
T4730 000:127.385 - 0.622ms returns 0
T4730 000:127.446 JLINK_CORESIGHT_WriteAPDPReg(DP reg 0x02, 0x00000000)
T4730 000:127.999 - 0.552ms returns 0
T4730 000:128.109 JLINK_CORESIGHT_WriteAPDPReg(DP reg 0x01, 0x50000000)
T4730 000:128.672 - 0.563ms returns 0
T4730 000:128.795 JLINK_CORESIGHT_ReadAPDPReg(DP reg 0x01)
T4730 000:129.284   Value=0xF0000040
T4730 000:129.387 - 0.591ms returns 0
T4730 000:129.451 JLINK_CORESIGHT_WriteAPDPReg(DP reg 0x00, 0x0000001F)
T4730 000:129.942 - 0.490ms returns 0
T4730 000:130.032 JLINK_CORESIGHT_ReadAPDPReg(DP reg 0x00)
T4730 000:130.478   Value=0x6BA02477
T4730 000:130.562 - 0.530ms returns 0
T4730 000:130.613 JLINK_CORESIGHT_WriteAPDPReg(DP reg 0x01, 0x54000000)
T4730 000:131.006 - 0.392ms returns 0
T4730 000:131.106 JLINK_CORESIGHT_WriteAPDPReg(DP reg 0x01, 0x50000F00)
T4730 000:131.518 - 0.411ms returns 0
T4730 000:131.609 JLINK_CORESIGHT_WriteAPDPReg(DP reg 0x02, 0x01000000)
T4730 000:132.094 - 0.485ms returns 0
T4730 000:132.184 JLINK_CORESIGHT_WriteAPDPReg(AP reg 0x00, 0x80000002)
T4730 000:132.669 - 0.485ms returns 0
T4730 000:132.759 JLINK_CORESIGHT_WriteAPDPReg(AP reg 0x01, 0x80011100)
T4730 000:133.262 - 0.502ms returns 0
T4730 000:133.339 JLINK_CORESIGHT_WriteAPDPReg(AP reg 0x03, 0x000000A5)
T4730 000:133.797 - 0.458ms returns 0
T4730 000:133.873 JLINK_CORESIGHT_WriteAPDPReg(AP reg 0x00, 0x80000002)
T4730 000:134.304 - 0.431ms returns 0
T4730 000:134.396 JLINK_CORESIGHT_WriteAPDPReg(AP reg 0x01, 0x80011100)
T4730 000:134.856 - 0.458ms returns 0
T4730 000:134.967 JLINK_CORESIGHT_ReadAPDPReg(AP reg 0x03)
T4730 000:135.553   Value=0x000000A5
T4730 000:135.657 - 0.690ms returns 0
T4730 000:135.708 JLINK_ClrTMS()
T4730 000:135.939 - 0.231ms 
T4730 000:141.236 JLINK_SetTCK()
T4730 000:141.540 - 0.302ms returns 0
T4730 000:147.184 JLINK_SetRESET()
T4730 000:147.563 - 0.377ms 
T4730 000:348.162 JLINK_CORESIGHT_WriteAPDPReg(AP reg 0x00, 0x80000002)
T4730 000:349.054 - 0.892ms returns 0
T4730 000:349.170 JLINK_CORESIGHT_WriteAPDPReg(AP reg 0x01, 0x80011100)
T4730 000:349.778 - 0.608ms returns 0
T4730 000:349.923 JLINK_CORESIGHT_ReadAPDPReg(AP reg 0x03)
T4730 000:350.530   Value=0x00000000
T4730 000:350.650 - 0.727ms returns 0
T4730 000:350.705 JLINK_CORESIGHT_WriteAPDPReg(AP reg 0x00, 0x80000002)
T4730 000:353.134 - 2.428ms returns 0
T4730 000:353.299 JLINK_CORESIGHT_WriteAPDPReg(AP reg 0x01, 0x80011140)
T4730 000:353.818 - 0.518ms returns 0
T4730 000:353.935 JLINK_CORESIGHT_ReadAPDPReg(AP reg 0x03)
T4730 000:354.587   Value=0x00000002
T4730 000:354.685 - 0.750ms returns 0
T4730 000:354.747 JLINK_CORESIGHT_WriteAPDPReg(AP reg 0x00, 0x80000002)
T4730 000:355.295 - 0.547ms returns 0
T4730 000:355.411 JLINK_CORESIGHT_WriteAPDPReg(AP reg 0x01, 0x80011120)
T4730 000:355.873 - 0.461ms returns 0
T4730 000:355.970 JLINK_CORESIGHT_WriteAPDPReg(AP reg 0x03, 0x00000055)
T4730 000:356.394 - 0.423ms returns 0
T4730 000:356.490 JLINK_CORESIGHT_WriteAPDPReg(AP reg 0x00, 0x80000002)
T4730 000:356.900 - 0.409ms returns 0
T4730 000:356.998 JLINK_CORESIGHT_WriteAPDPReg(AP reg 0x01, 0x80011140)
T4730 000:357.601 - 0.603ms returns 0
T4730 000:357.698 JLINK_CORESIGHT_ReadAPDPReg(AP reg 0x03)
T4730 000:358.103   Value=0x00000002
T4730 000:358.191 - 0.492ms returns 0
T4730 000:358.245 JLINK_CORESIGHT_ReadAPDPReg(AP reg 0x03)
T4730 000:358.781   Value=0x00000002
T4730 000:358.855 - 0.610ms returns 0
T4730 000:358.904 JLINK_CORESIGHT_ReadAPDPReg(AP reg 0x03)
T4730 000:359.408   Value=0x00000002
T4730 000:359.483 - 0.579ms returns 0
T4730 000:359.531 JLINK_CORESIGHT_ReadAPDPReg(AP reg 0x03)
T4730 000:362.061   Value=0x00000002
T4730 000:362.137 - 2.606ms returns 0
T4730 000:362.185 JLINK_CORESIGHT_ReadAPDPReg(AP reg 0x03)
T4730 000:362.715   Value=0x00000002
T4730 000:362.790 - 0.604ms returns 0
T4730 000:362.840 JLINK_CORESIGHT_ReadAPDPReg(AP reg 0x03)
T4730 000:363.400   Value=0x00000002
T4730 000:363.475 - 0.634ms returns 0
T4730 000:363.522 JLINK_CORESIGHT_ReadAPDPReg(AP reg 0x03)
T4730 000:364.028   Value=0x00000002
T4730 000:364.104 - 0.581ms returns 0
T4730 000:364.155 JLINK_CORESIGHT_ReadAPDPReg(AP reg 0x03)
T4730 000:364.749   Value=0x00000002
T4730 000:364.823 - 0.668ms returns 0
T4730 000:364.871 JLINK_CORESIGHT_ReadAPDPReg(AP reg 0x03)
T4730 000:365.435   Value=0x00000002
T4730 000:365.509 - 0.638ms returns 0
T4730 000:365.558 JLINK_CORESIGHT_ReadAPDPReg(AP reg 0x03)
T4730 000:366.118   Value=0x00000002
T4730 000:366.192 - 0.633ms returns 0
T4730 000:366.258 JLINK_CORESIGHT_ReadAPDPReg(AP reg 0x03)
T4730 000:366.818   Value=0x00000002
T4730 000:366.885 - 0.627ms returns 0
T4730 000:366.927 JLINK_CORESIGHT_ReadAPDPReg(AP reg 0x03)
T4730 000:367.597   Value=0x00000002
T4730 000:367.664 - 0.737ms returns 0
T4730 000:369.059 JLINK_CORESIGHT_ReadAPDPReg(AP reg 0x03)
T4730 000:369.612   Value=0x00000000
T4730 000:369.677 - 0.618ms returns 0
T4730 000:369.707 JLINK_CORESIGHT_WriteAPDPReg(AP reg 0x00, 0x80000002)
T4730 000:369.980 - 0.273ms returns 0
T4730 000:370.053 JLINK_CORESIGHT_WriteAPDPReg(AP reg 0x01, 0x80011130)
T4730 000:370.471 - 0.417ms returns 0
T4730 000:370.541 JLINK_CORESIGHT_ReadAPDPReg(AP reg 0x03)
T4730 000:370.893   Value=0x000000C6
T4730 000:370.974 - 0.432ms returns 0
T4730 000:371.009 JLINK_CORESIGHT_WriteAPDPReg(AP reg 0x00, 0x80000002)
T4730 000:371.491 - 0.482ms returns 0
T4730 000:371.549 JLINK_CORESIGHT_WriteAPDPReg(AP reg 0x01, 0x80011140)
T4730 000:372.034 - 0.484ms returns 0
T4730 000:372.093 JLINK_CORESIGHT_ReadAPDPReg(AP reg 0x03)
T4730 000:372.571   Value=0x00000002
T4730 000:372.635 - 0.542ms returns 0
T4730 000:372.664 JLINK_CORESIGHT_WriteAPDPReg(AP reg 0x00, 0x80000002)
T4730 000:373.144 - 0.479ms returns 0
T4730 000:373.202 JLINK_CORESIGHT_WriteAPDPReg(AP reg 0x01, 0x80011120)
T4730 000:373.696 - 0.494ms returns 0
T4730 000:373.737 JLINK_CORESIGHT_WriteAPDPReg(AP reg 0x03, 0x3A010001)
T4730 000:374.146 - 0.409ms returns 0
T4730 000:374.180 JLINK_CORESIGHT_WriteAPDPReg(AP reg 0x00, 0x80000002)
T4730 000:374.681 - 0.501ms returns 0
T4730 000:374.712 JLINK_CORESIGHT_WriteAPDPReg(AP reg 0x01, 0x80011140)
T4730 000:375.148 - 0.436ms returns 0
T4730 000:375.177 JLINK_CORESIGHT_ReadAPDPReg(AP reg 0x03)
T4730 000:375.644   Value=0x00000002
T4730 000:375.684 - 0.506ms returns 0
T4730 000:375.702 JLINK_CORESIGHT_WriteAPDPReg(AP reg 0x00, 0x80000002)
T4730 000:376.099 - 0.397ms returns 0
T4730 000:376.131 JLINK_CORESIGHT_WriteAPDPReg(AP reg 0x01, 0x80011120)
T4730 000:376.497 - 0.366ms returns 0
T4730 000:376.529 JLINK_CORESIGHT_WriteAPDPReg(AP reg 0x03, 0x000003C5)
T4730 000:376.836 - 0.306ms returns 0
T4730 000:376.868 JLINK_CORESIGHT_WriteAPDPReg(AP reg 0x00, 0x80000002)
T4730 000:377.178 - 0.309ms returns 0
T4730 000:377.219 JLINK_CORESIGHT_WriteAPDPReg(AP reg 0x01, 0x80011140)
T4730 000:377.575 - 0.355ms returns 0
T4730 000:377.607 JLINK_CORESIGHT_ReadAPDPReg(AP reg 0x03)
T4730 000:377.925   Value=0x00000002
T4730 000:377.960 - 0.353ms returns 0
T4730 000:377.976 JLINK_CORESIGHT_ReadAPDPReg(AP reg 0x03)
T4730 000:378.264   Value=0x00000002
T4730 000:378.299 - 0.322ms returns 0
T4730 000:378.315 JLINK_CORESIGHT_ReadAPDPReg(AP reg 0x03)
T4730 000:378.628   Value=0x00000002
T4730 000:378.663 - 0.348ms returns 0
T4730 000:378.679 JLINK_CORESIGHT_ReadAPDPReg(AP reg 0x03)
T4730 000:379.142   Value=0x00000002
T4730 000:379.176 - 0.497ms returns 0
T4730 000:379.192 JLINK_CORESIGHT_ReadAPDPReg(AP reg 0x03)
T4730 000:379.503   Value=0x00000000
T4730 000:379.537 - 0.345ms returns 0
T4730 000:379.553 JLINK_CORESIGHT_WriteAPDPReg(AP reg 0x00, 0x80000002)
T4730 000:379.987 - 0.433ms returns 0
T4730 000:380.018 JLINK_CORESIGHT_WriteAPDPReg(AP reg 0x01, 0x80011130)
T4730 000:380.278 - 0.259ms returns 0
T4730 000:380.310 JLINK_CORESIGHT_ReadAPDPReg(AP reg 0x03)
T4730 000:380.617   Value=0x3A2A0081
T4730 000:380.652 - 0.341ms returns 0
T4730 000:380.667 JLINK_CORESIGHT_WriteAPDPReg(AP reg 0x00, 0x80000002)
T4730 000:380.930 - 0.262ms returns 0
T4730 000:380.961 JLINK_CORESIGHT_WriteAPDPReg(AP reg 0x01, 0x80011140)
T4730 000:381.225 - 0.263ms returns 0
T4730 000:381.257 JLINK_CORESIGHT_ReadAPDPReg(AP reg 0x03)
T4730 000:381.640   Value=0x00000000
T4730 000:381.675 - 0.418ms returns 0
T4730 000:381.692 JLINK_CORESIGHT_WriteAPDPReg(AP reg 0x00, 0x80000002)
T4730 000:381.949 - 0.256ms returns 0
T4730 000:381.980 JLINK_CORESIGHT_WriteAPDPReg(AP reg 0x01, 0x80011130)
T4730 000:382.254 - 0.274ms returns 0
T4730 000:382.286 JLINK_CORESIGHT_ReadAPDPReg(AP reg 0x03)
T4730 000:382.603   Value=0x808D5B00
T4730 000:382.638 - 0.352ms returns 0
T4730 000:382.654 JLINK_CORESIGHT_WriteAPDPReg(AP reg 0x00, 0x80000002)
T4730 000:382.923 - 0.268ms returns 0
T4730 000:382.954 JLINK_CORESIGHT_WriteAPDPReg(AP reg 0x01, 0x80011140)
T4730 000:383.215 - 0.260ms returns 0
T4730 000:383.246 JLINK_CORESIGHT_ReadAPDPReg(AP reg 0x03)
T4730 000:383.673   Value=0x00000000
T4730 000:383.708 - 0.461ms returns 0
T4730 000:383.724 JLINK_CORESIGHT_WriteAPDPReg(AP reg 0x00, 0x80000002)
T4730 000:383.990 - 0.265ms returns 0
T4730 000:384.022 JLINK_CORESIGHT_WriteAPDPReg(AP reg 0x01, 0x80011130)
T4730 000:384.330 - 0.308ms returns 0
T4730 000:384.362 JLINK_CORESIGHT_ReadAPDPReg(AP reg 0x03)
T4730 000:384.701   Value=0x0406070A
T4730 000:384.754 - 0.391ms returns 0
T4730 000:384.775 JLINK_CORESIGHT_WriteAPDPReg(AP reg 0x00, 0x80000002)
T4730 000:385.120 - 0.345ms returns 0
T4730 000:385.157 JLINK_CORESIGHT_WriteAPDPReg(AP reg 0x01, 0x80011140)
T4730 000:385.430 - 0.273ms returns 0
T4730 000:385.466 JLINK_CORESIGHT_ReadAPDPReg(AP reg 0x03)
T4730 000:385.744   Value=0x00000000
T4730 000:385.770 - 0.303ms returns 0
T4730 000:385.788 JLINK_CORESIGHT_WriteAPDPReg(AP reg 0x00, 0x80000002)
T4730 000:386.007 - 0.218ms returns 0
T4730 000:386.023 JLINK_CORESIGHT_WriteAPDPReg(AP reg 0x01, 0x80011130)
T4730 000:386.234 - 0.210ms returns 0
T4730 000:386.250 JLINK_CORESIGHT_ReadAPDPReg(AP reg 0x03)
T4730 000:386.597   Value=0x3154540B
T4730 000:386.624 - 0.373ms returns 0
T4730 000:386.637 JLINK_CORESIGHT_WriteAPDPReg(AP reg 0x00, 0x80000002)
T4730 000:386.848 - 0.211ms returns 0
T4730 000:386.864 JLINK_CORESIGHT_WriteAPDPReg(AP reg 0x01, 0x80011140)
T4730 000:387.146 - 0.281ms returns 0
T4730 000:387.163 JLINK_CORESIGHT_ReadAPDPReg(AP reg 0x03)
T4730 000:387.435   Value=0x00000000
T4730 000:387.455 - 0.292ms returns 0
T4730 000:387.469 JLINK_CORESIGHT_WriteAPDPReg(AP reg 0x00, 0x80000002)
T4730 000:387.681 - 0.211ms returns 0
T4730 000:387.697 JLINK_CORESIGHT_WriteAPDPReg(AP reg 0x01, 0x80011130)
T4730 000:387.906 - 0.208ms returns 0
T4730 000:387.922 JLINK_CORESIGHT_ReadAPDPReg(AP reg 0x03)
T4730 000:388.183   Value=0x5409C577
T4730 000:388.203 - 0.281ms returns 0
T4730 000:388.217 JLINK_CORESIGHT_WriteAPDPReg(AP reg 0x00, 0x80000002)
T4730 000:388.437 - 0.220ms returns 0
T4730 000:388.453 JLINK_CORESIGHT_WriteAPDPReg(AP reg 0x01, 0x80011140)
T4730 000:388.656 - 0.202ms returns 0
T4730 000:388.672 JLINK_CORESIGHT_ReadAPDPReg(AP reg 0x03)
T4730 000:388.931   Value=0x00000000
T4730 000:388.951 - 0.279ms returns 0
T4730 000:388.965 JLINK_CORESIGHT_WriteAPDPReg(AP reg 0x00, 0x80000002)
T4730 000:389.224 - 0.258ms returns 0
T4730 000:389.249 JLINK_CORESIGHT_WriteAPDPReg(AP reg 0x01, 0x80011130)
T4730 000:389.504 - 0.255ms returns 0
T4730 000:389.524 JLINK_CORESIGHT_ReadAPDPReg(AP reg 0x03)
T4730 000:389.786   Value=0x37395636
T4730 000:389.806 - 0.282ms returns 0
T4730 000:389.820 JLINK_CORESIGHT_WriteAPDPReg(AP reg 0x00, 0x80000002)
T4730 000:390.031 - 0.211ms returns 0
T4730 000:390.047 JLINK_CORESIGHT_WriteAPDPReg(AP reg 0x01, 0x80011140)
T4730 000:390.257 - 0.210ms returns 0
T4730 000:390.273 JLINK_CORESIGHT_ReadAPDPReg(AP reg 0x03)
T4730 000:390.556   Value=0x00000000
T4730 000:390.576 - 0.302ms returns 0
T4730 000:390.590 JLINK_CORESIGHT_WriteAPDPReg(AP reg 0x00, 0x80000002)
T4730 000:390.806 - 0.216ms returns 0
T4730 000:390.822 JLINK_CORESIGHT_WriteAPDPReg(AP reg 0x01, 0x80011130)
T4730 000:391.031 - 0.209ms returns 0
T4730 000:391.047 JLINK_CORESIGHT_ReadAPDPReg(AP reg 0x03)
T4730 000:391.306   Value=0x5C012D34
T4730 000:391.326 - 0.279ms returns 0
T4730 000:391.340 JLINK_CORESIGHT_WriteAPDPReg(AP reg 0x00, 0x80000002)
T4730 000:391.556 - 0.215ms returns 0
T4730 000:391.572 JLINK_CORESIGHT_WriteAPDPReg(AP reg 0x01, 0x80011140)
T4730 000:391.781 - 0.209ms returns 0
T4730 000:391.797 JLINK_CORESIGHT_ReadAPDPReg(AP reg 0x03)
T4730 000:392.056   Value=0x00000000
T4730 000:392.076 - 0.278ms returns 0
T4730 000:392.090 JLINK_CORESIGHT_WriteAPDPReg(AP reg 0x00, 0x80000002)
T4730 000:392.306 - 0.215ms returns 0
T4730 000:392.322 JLINK_CORESIGHT_WriteAPDPReg(AP reg 0x01, 0x80011130)
T4730 000:392.531 - 0.209ms returns 0
T4730 000:392.547 JLINK_CORESIGHT_ReadAPDPReg(AP reg 0x03)
T4730 000:392.806   Value=0x4B37527A
T4730 000:392.827 - 0.279ms returns 0
T4730 000:392.840 JLINK_CORESIGHT_WriteAPDPReg(AP reg 0x00, 0x80000002)
T4730 000:393.056 - 0.215ms returns 0
T4730 000:393.072 JLINK_CORESIGHT_WriteAPDPReg(AP reg 0x01, 0x80011140)
T4730 000:393.282 - 0.210ms returns 0
T4730 000:393.304 JLINK_CORESIGHT_ReadAPDPReg(AP reg 0x03)
T4730 000:393.555   Value=0x00000000
T4730 000:393.575 - 0.271ms returns 0
T4730 000:393.593 JLINK_CORESIGHT_WriteAPDPReg(AP reg 0x00, 0x80000002)
T4730 000:393.805 - 0.212ms returns 0
T4730 000:393.824 JLINK_CORESIGHT_WriteAPDPReg(AP reg 0x01, 0x80011130)
T4730 000:394.031 - 0.207ms returns 0
T4730 000:394.049 JLINK_CORESIGHT_ReadAPDPReg(AP reg 0x03)
T4730 000:394.306   Value=0x31503841
T4730 000:394.327 - 0.277ms returns 0
T4730 000:394.343 JLINK_CORESIGHT_WriteAPDPReg(AP reg 0x00, 0x80000002)
T4730 000:394.560 - 0.209ms returns 0
T4730 000:394.579 JLINK_CORESIGHT_WriteAPDPReg(AP reg 0x01, 0x80011140)
T4730 000:394.781 - 0.202ms returns 0
T4730 000:394.800 JLINK_CORESIGHT_ReadAPDPReg(AP reg 0x03)
T4730 000:395.062   Value=0x00000000
T4730 000:395.082 - 0.282ms returns 0
T4730 000:395.098 JLINK_CORESIGHT_WriteAPDPReg(AP reg 0x00, 0x80000002)
T4730 000:395.386 - 0.287ms returns 0
T4730 000:395.408 JLINK_CORESIGHT_WriteAPDPReg(AP reg 0x01, 0x80011130)
T4730 000:395.624 - 0.216ms returns 0
T4730 000:395.642 JLINK_CORESIGHT_ReadAPDPReg(AP reg 0x03)
T4730 000:395.901   Value=0x434C464B
T4730 000:395.921 - 0.279ms returns 0
T4730 000:395.937 JLINK_CORESIGHT_WriteAPDPReg(AP reg 0x00, 0x80000002)
T4730 000:396.156 - 0.218ms returns 0
T4730 000:396.187 JLINK_CORESIGHT_WriteAPDPReg(AP reg 0x01, 0x80011140)
T4730 000:396.384 - 0.196ms returns 0
T4730 000:396.402 JLINK_CORESIGHT_ReadAPDPReg(AP reg 0x03)
T4730 000:396.660   Value=0x00000000
T4730 000:396.680 - 0.277ms returns 0
T4730 000:396.696 JLINK_CORESIGHT_WriteAPDPReg(AP reg 0x00, 0x80000002)
T4730 000:396.906 - 0.209ms returns 0
T4730 000:396.924 JLINK_CORESIGHT_WriteAPDPReg(AP reg 0x01, 0x80011130)
T4730 000:397.131 - 0.207ms returns 0
T4730 000:397.149 JLINK_CORESIGHT_ReadAPDPReg(AP reg 0x03)
T4730 000:397.411   Value=0x20204341
T4730 000:397.432 - 0.282ms returns 0
T4730 000:397.448 JLINK_CORESIGHT_WriteAPDPReg(AP reg 0x00, 0x80000002)
T4730 000:397.657 - 0.209ms returns 0
T4730 000:397.675 JLINK_CORESIGHT_WriteAPDPReg(AP reg 0x01, 0x80011140)
T4730 000:397.881 - 0.206ms returns 0
T4730 000:397.900 JLINK_CORESIGHT_ReadAPDPReg(AP reg 0x03)
T4730 000:398.159   Value=0x00000000
T4730 000:398.178 - 0.278ms returns 0
T4730 000:398.195 JLINK_CORESIGHT_WriteAPDPReg(AP reg 0x00, 0x80000002)
T4730 000:398.410 - 0.215ms returns 0
T4730 000:398.429 JLINK_CORESIGHT_WriteAPDPReg(AP reg 0x01, 0x80011130)
T4730 000:398.631 - 0.202ms returns 0
T4730 000:398.649 JLINK_CORESIGHT_ReadAPDPReg(AP reg 0x03)
T4730 000:398.912   Value=0x00039620
T4730 000:398.933 - 0.283ms returns 0
T4730 000:399.671 JLINK_CORESIGHT_WriteAPDPReg(AP reg 0x00, 0x80000002)
T4730 000:399.907 - 0.235ms returns 0
T4730 000:399.923 JLINK_CORESIGHT_WriteAPDPReg(AP reg 0x01, 0x80011140)
T4730 000:400.131 - 0.207ms returns 0
T4730 000:400.147 JLINK_CORESIGHT_ReadAPDPReg(AP reg 0x03)
T4730 000:400.410   Value=0x00000002
T4730 000:400.429 - 0.282ms returns 0
T4730 000:400.443 JLINK_CORESIGHT_WriteAPDPReg(AP reg 0x00, 0x80000002)
T4730 000:400.660 - 0.216ms returns 0
T4730 000:400.688 JLINK_CORESIGHT_WriteAPDPReg(AP reg 0x01, 0x80011120)
T4730 000:400.908 - 0.218ms returns 0
T4730 000:400.943 JLINK_CORESIGHT_WriteAPDPReg(AP reg 0x03, 0x39020001)
T4730 000:401.164 - 0.221ms returns 0
T4730 000:401.189 JLINK_CORESIGHT_WriteAPDPReg(AP reg 0x00, 0x80000002)
T4730 000:401.410 - 0.221ms returns 0
T4730 000:401.426 JLINK_CORESIGHT_WriteAPDPReg(AP reg 0x01, 0x80011140)
T4730 000:401.631 - 0.205ms returns 0
T4730 000:401.647 JLINK_CORESIGHT_ReadAPDPReg(AP reg 0x03)
T4730 000:402.084   Value=0x00000002
T4730 000:402.104 - 0.457ms returns 0
T4730 000:402.118 JLINK_CORESIGHT_WriteAPDPReg(AP reg 0x00, 0x80000002)
T4730 000:402.384 - 0.266ms returns 0
T4730 000:402.401 JLINK_CORESIGHT_WriteAPDPReg(AP reg 0x01, 0x80011120)
T4730 000:402.614 - 0.213ms returns 0
T4730 000:402.630 JLINK_CORESIGHT_WriteAPDPReg(AP reg 0x03, 0x0003B312)
T4730 000:402.843 - 0.213ms returns 0
T4730 000:402.858 JLINK_CORESIGHT_WriteAPDPReg(AP reg 0x00, 0x80000002)
T4730 000:403.140 - 0.282ms returns 0
T4730 000:403.156 JLINK_CORESIGHT_WriteAPDPReg(AP reg 0x01, 0x80011140)
T4730 000:403.384 - 0.227ms returns 0
T4730 000:403.400 JLINK_CORESIGHT_ReadAPDPReg(AP reg 0x03)
T4730 000:403.663   Value=0x00000000
T4730 000:403.683 - 0.283ms returns 0
T4730 000:403.697 JLINK_CORESIGHT_WriteAPDPReg(AP reg 0x00, 0x80000002)
T4730 000:403.906 - 0.209ms returns 0
T4730 000:403.922 JLINK_CORESIGHT_WriteAPDPReg(AP reg 0x01, 0x80011130)
T4730 000:404.131 - 0.208ms returns 0
T4730 000:404.146 JLINK_CORESIGHT_ReadAPDPReg(AP reg 0x03)
T4730 000:404.416   Value=0xB90A0081
T4730 000:404.436 - 0.289ms returns 0
T4730 000:404.450 JLINK_CORESIGHT_WriteAPDPReg(AP reg 0x00, 0x80000002)
T4730 000:404.655 - 0.204ms returns 0
T4730 000:404.737 JLINK_CORESIGHT_WriteAPDPReg(AP reg 0x01, 0x80011140)
T4730 000:404.926 - 0.189ms returns 0
T4730 000:404.951 JLINK_CORESIGHT_ReadAPDPReg(AP reg 0x03)
T4730 000:405.210   Value=0x00000000
T4730 000:405.241 - 0.290ms returns 0
T4730 000:405.256 JLINK_CORESIGHT_WriteAPDPReg(AP reg 0x00, 0x80000002)
T4730 000:405.516 - 0.260ms returns 0
T4730 000:405.533 JLINK_CORESIGHT_WriteAPDPReg(AP reg 0x01, 0x80011130)
T4730 000:405.748 - 0.215ms returns 0
T4730 000:405.764 JLINK_CORESIGHT_ReadAPDPReg(AP reg 0x03)
T4730 000:406.022   Value=0xFFFFFFC0
T4730 000:406.042 - 0.278ms returns 0
T4730 000:406.056 JLINK_CORESIGHT_WriteAPDPReg(AP reg 0x00, 0x80000002)
T4730 000:406.256 - 0.199ms returns 0
T4730 000:406.271 JLINK_CORESIGHT_WriteAPDPReg(AP reg 0x01, 0x80011140)
T4730 000:406.500 - 0.228ms returns 0
T4730 000:406.515 JLINK_CORESIGHT_ReadAPDPReg(AP reg 0x03)
T4730 000:406.781   Value=0x00000000
T4730 000:406.801 - 0.285ms returns 0
T4730 000:406.815 JLINK_CORESIGHT_WriteAPDPReg(AP reg 0x00, 0x80000002)
T4730 000:407.006 - 0.191ms returns 0
T4730 000:407.022 JLINK_CORESIGHT_WriteAPDPReg(AP reg 0x01, 0x80011130)
T4730 000:407.236 - 0.213ms returns 0
T4730 000:407.252 JLINK_CORESIGHT_ReadAPDPReg(AP reg 0x03)
T4730 000:407.580   Value=0xFFFFFFFF
T4730 000:407.603 - 0.351ms returns 0
T4730 000:407.617 JLINK_CORESIGHT_WriteAPDPReg(AP reg 0x00, 0x80000002)
T4730 000:407.830 - 0.213ms returns 0
T4730 000:407.846 JLINK_CORESIGHT_WriteAPDPReg(AP reg 0x01, 0x80011140)
T4730 000:408.056 - 0.210ms returns 0
T4730 000:408.072 JLINK_CORESIGHT_ReadAPDPReg(AP reg 0x03)
T4730 000:408.413   Value=0x00000000
T4730 000:408.433 - 0.360ms returns 0
T4730 000:408.447 JLINK_CORESIGHT_WriteAPDPReg(AP reg 0x00, 0x80000002)
T4730 000:408.670 - 0.223ms returns 0
T4730 000:408.686 JLINK_CORESIGHT_WriteAPDPReg(AP reg 0x01, 0x80011130)
T4730 000:408.881 - 0.195ms returns 0
T4730 000:408.897 JLINK_CORESIGHT_ReadAPDPReg(AP reg 0x03)
T4730 000:409.156   Value=0x000385FF
T4730 000:409.177 - 0.279ms returns 0
T4730 000:409.249 JLINK_CORESIGHT_WriteAPDPReg(AP reg 0x00, 0x80000002)
T4730 000:409.507 - 0.265ms returns 0
T4730 000:409.523 JLINK_CORESIGHT_WriteAPDPReg(AP reg 0x01, 0x80011140)
T4730 000:409.733 - 0.210ms returns 0
T4730 000:409.749 JLINK_CORESIGHT_ReadAPDPReg(AP reg 0x03)
T4730 000:410.014   Value=0x00000002
T4730 000:410.034 - 0.284ms returns 0
T4730 000:410.048 JLINK_CORESIGHT_WriteAPDPReg(AP reg 0x00, 0x80000002)
T4730 000:410.256 - 0.208ms returns 0
T4730 000:410.272 JLINK_CORESIGHT_WriteAPDPReg(AP reg 0x01, 0x80011120)
T4730 000:410.501 - 0.229ms returns 0
T4730 000:410.517 JLINK_CORESIGHT_WriteAPDPReg(AP reg 0x03, 0x2C010001)
T4730 000:410.730 - 0.213ms returns 0
T4730 000:410.746 JLINK_CORESIGHT_WriteAPDPReg(AP reg 0x00, 0x80000002)
T4730 000:410.958 - 0.212ms returns 0
T4730 000:410.974 JLINK_CORESIGHT_WriteAPDPReg(AP reg 0x01, 0x80011140)
T4730 000:411.181 - 0.206ms returns 0
T4730 000:411.197 JLINK_CORESIGHT_ReadAPDPReg(AP reg 0x03)
T4730 000:411.459   Value=0x00000002
T4730 000:411.479 - 0.282ms returns 0
T4730 000:411.493 JLINK_CORESIGHT_WriteAPDPReg(AP reg 0x00, 0x80000002)
T4730 000:411.714 - 0.221ms returns 0
T4730 000:411.730 JLINK_CORESIGHT_WriteAPDPReg(AP reg 0x01, 0x80011120)
T4730 000:411.939 - 0.209ms returns 0
T4730 000:411.955 JLINK_CORESIGHT_WriteAPDPReg(AP reg 0x03, 0x000003D3)
T4730 000:412.155 - 0.201ms returns 0
T4730 000:412.171 JLINK_CORESIGHT_WriteAPDPReg(AP reg 0x00, 0x80000002)
T4730 000:412.384 - 0.213ms returns 0
T4730 000:412.400 JLINK_CORESIGHT_WriteAPDPReg(AP reg 0x01, 0x80011140)
T4730 000:412.609 - 0.209ms returns 0
T4730 000:412.625 JLINK_CORESIGHT_ReadAPDPReg(AP reg 0x03)
T4730 000:412.894   Value=0x00000002
T4730 000:412.914 - 0.289ms returns 0
T4730 000:412.927 JLINK_CORESIGHT_ReadAPDPReg(AP reg 0x03)
T4730 000:413.180   Value=0x00000002
T4730 000:413.201 - 0.273ms returns 0
T4730 000:413.214 JLINK_CORESIGHT_ReadAPDPReg(AP reg 0x03)
T4730 000:413.460   Value=0x00000002
T4730 000:413.479 - 0.265ms returns 0
T4730 000:413.494 JLINK_CORESIGHT_ReadAPDPReg(AP reg 0x03)
T4730 000:413.734   Value=0x00000002
T4730 000:413.753 - 0.259ms returns 0
T4730 000:413.767 JLINK_CORESIGHT_ReadAPDPReg(AP reg 0x03)
T4730 000:414.033   Value=0x00000002
T4730 000:414.053 - 0.286ms returns 0
T4730 000:414.067 JLINK_CORESIGHT_ReadAPDPReg(AP reg 0x03)
T4730 000:414.305   Value=0x00000002
T4730 000:414.325 - 0.258ms returns 0
T4730 000:414.339 JLINK_CORESIGHT_ReadAPDPReg(AP reg 0x03)
T4730 000:414.602   Value=0x00000002
T4730 000:414.622 - 0.282ms returns 0
T4730 000:414.635 JLINK_CORESIGHT_ReadAPDPReg(AP reg 0x03)
T4730 000:414.875   Value=0x00000000
T4730 000:414.896 - 0.260ms returns 0
T4730 000:414.910 JLINK_CORESIGHT_WriteAPDPReg(AP reg 0x00, 0x80000002)
T4730 000:415.120 - 0.209ms returns 0
T4730 000:415.136 JLINK_CORESIGHT_WriteAPDPReg(AP reg 0x01, 0x80011130)
T4730 000:415.384 - 0.248ms returns 0
T4730 000:415.400 JLINK_CORESIGHT_ReadAPDPReg(AP reg 0x03)
T4730 000:415.658   Value=0x2C020081
T4730 000:415.680 - 0.279ms returns 0
T4730 000:415.693 JLINK_CORESIGHT_WriteAPDPReg(AP reg 0x00, 0x80000002)
T4730 000:415.905 - 0.211ms returns 0
T4730 000:415.920 JLINK_CORESIGHT_WriteAPDPReg(AP reg 0x01, 0x80011140)
T4730 000:416.132 - 0.212ms returns 0
T4730 000:416.148 JLINK_CORESIGHT_ReadAPDPReg(AP reg 0x03)
T4730 000:416.409   Value=0x00000000
T4730 000:416.430 - 0.281ms returns 0
T4730 000:416.444 JLINK_CORESIGHT_WriteAPDPReg(AP reg 0x00, 0x80000002)
T4730 000:416.656 - 0.212ms returns 0
T4730 000:416.672 JLINK_CORESIGHT_WriteAPDPReg(AP reg 0x01, 0x80011130)
T4730 000:416.881 - 0.209ms returns 0
T4730 000:416.896 JLINK_CORESIGHT_ReadAPDPReg(AP reg 0x03)
T4730 000:417.155   Value=0x0003CE04
T4730 000:417.175 - 0.278ms returns 0
T4730 000:417.191 JLINK_CORESIGHT_WriteAPDPReg(AP reg 0x00, 0x80000002)
T4730 000:417.515 - 0.323ms returns 0
T4730 000:417.548 JLINK_CORESIGHT_WriteAPDPReg(AP reg 0x01, 0x80011140)
T4730 000:417.759 - 0.210ms returns 0
T4730 000:417.782 JLINK_CORESIGHT_ReadAPDPReg(AP reg 0x03)
T4730 000:418.045   Value=0x00000002
T4730 000:418.065 - 0.283ms returns 0
T4730 000:418.079 JLINK_CORESIGHT_WriteAPDPReg(AP reg 0x00, 0x80000002)
T4730 000:418.281 - 0.202ms returns 0
T4730 000:418.297 JLINK_CORESIGHT_WriteAPDPReg(AP reg 0x01, 0x80011120)
T4730 000:418.505 - 0.208ms returns 0
T4730 000:418.521 JLINK_CORESIGHT_WriteAPDPReg(AP reg 0x03, 0x73010001)
T4730 000:418.735 - 0.213ms returns 0
T4730 000:418.751 JLINK_CORESIGHT_WriteAPDPReg(AP reg 0x00, 0x80000002)
T4730 000:418.965 - 0.214ms returns 0
T4730 000:418.981 JLINK_CORESIGHT_WriteAPDPReg(AP reg 0x01, 0x80011140)
T4730 000:419.272 - 0.290ms returns 0
T4730 000:419.289 JLINK_CORESIGHT_ReadAPDPReg(AP reg 0x03)
T4730 000:419.551   Value=0x00000002
T4730 000:419.571 - 0.282ms returns 0
T4730 000:419.585 JLINK_CORESIGHT_WriteAPDPReg(AP reg 0x00, 0x80000002)
T4730 000:419.781 - 0.196ms returns 0
T4730 000:419.796 JLINK_CORESIGHT_WriteAPDPReg(AP reg 0x01, 0x80011120)
T4730 000:420.006 - 0.209ms returns 0
T4730 000:420.021 JLINK_CORESIGHT_WriteAPDPReg(AP reg 0x03, 0x0000038C)
T4730 000:420.235 - 0.214ms returns 0
T4730 000:420.251 JLINK_CORESIGHT_WriteAPDPReg(AP reg 0x00, 0x80000002)
T4730 000:420.499 - 0.248ms returns 0
T4730 000:420.515 JLINK_CORESIGHT_WriteAPDPReg(AP reg 0x01, 0x80011140)
T4730 000:420.757 - 0.241ms returns 0
T4730 000:420.780 JLINK_CORESIGHT_ReadAPDPReg(AP reg 0x03)
T4730 000:421.042   Value=0x00000002
T4730 000:421.062 - 0.282ms returns 0
T4730 000:421.076 JLINK_CORESIGHT_ReadAPDPReg(AP reg 0x03)
T4730 000:421.411   Value=0x00000002
T4730 000:421.431 - 0.355ms returns 0
T4730 000:421.445 JLINK_CORESIGHT_ReadAPDPReg(AP reg 0x03)
T4730 000:421.738   Value=0x00000000
T4730 000:421.758 - 0.313ms returns 0
T4730 000:421.772 JLINK_CORESIGHT_WriteAPDPReg(AP reg 0x00, 0x80000002)
T4730 000:421.985 - 0.213ms returns 0
T4730 000:422.001 JLINK_CORESIGHT_WriteAPDPReg(AP reg 0x01, 0x80011130)
T4730 000:422.212 - 0.211ms returns 0
T4730 000:422.228 JLINK_CORESIGHT_ReadAPDPReg(AP reg 0x03)
T4730 000:422.485   Value=0x73020081
T4730 000:422.505 - 0.276ms returns 0
T4730 000:422.519 JLINK_CORESIGHT_WriteAPDPReg(AP reg 0x00, 0x80000002)
T4730 000:422.734 - 0.215ms returns 0
T4730 000:422.754 JLINK_CORESIGHT_WriteAPDPReg(AP reg 0x01, 0x80011140)
T4730 000:422.970 - 0.216ms returns 0
T4730 000:422.986 JLINK_CORESIGHT_ReadAPDPReg(AP reg 0x03)
T4730 000:423.421   Value=0x00000000
T4730 000:423.442 - 0.456ms returns 0
T4730 000:423.456 JLINK_CORESIGHT_WriteAPDPReg(AP reg 0x00, 0x80000002)
T4730 000:423.699 - 0.242ms returns 0
T4730 000:423.716 JLINK_CORESIGHT_WriteAPDPReg(AP reg 0x01, 0x80011130)
T4730 000:423.931 - 0.215ms returns 0
T4730 000:423.946 JLINK_CORESIGHT_ReadAPDPReg(AP reg 0x03)
T4730 000:424.206   Value=0x00038902
T4730 000:424.227 - 0.280ms returns 0
T4730 000:424.242 JLINK_CORESIGHT_WriteAPDPReg(AP reg 0x00, 0x80000002)
T4730 000:424.435 - 0.192ms returns 0
T4730 000:424.450 JLINK_CORESIGHT_WriteAPDPReg(AP reg 0x01, 0x80011140)
T4730 000:424.656 - 0.205ms returns 0
T4730 000:424.677 JLINK_CORESIGHT_ReadAPDPReg(AP reg 0x03)
T4730 000:424.931   Value=0x00000002
T4730 000:424.951 - 0.274ms returns 0
T4730 000:424.968 JLINK_CORESIGHT_WriteAPDPReg(AP reg 0x00, 0x80000002)
T4730 000:425.181 - 0.212ms returns 0
T4730 000:425.200 JLINK_CORESIGHT_WriteAPDPReg(AP reg 0x01, 0x80011120)
T4730 000:425.410 - 0.210ms returns 0
T4730 000:425.428 JLINK_CORESIGHT_WriteAPDPReg(AP reg 0x03, 0x75010001)
T4730 000:425.632 - 0.203ms returns 0
T4730 000:425.651 JLINK_CORESIGHT_WriteAPDPReg(AP reg 0x00, 0x80000002)
T4730 000:425.860 - 0.209ms returns 0
T4730 000:425.878 JLINK_CORESIGHT_WriteAPDPReg(AP reg 0x01, 0x80011140)
T4730 000:426.093 - 0.215ms returns 0
T4730 000:426.112 JLINK_CORESIGHT_ReadAPDPReg(AP reg 0x03)
T4730 000:426.474   Value=0x00000002
T4730 000:426.494 - 0.381ms returns 0
T4730 000:426.510 JLINK_CORESIGHT_WriteAPDPReg(AP reg 0x00, 0x80000002)
T4730 000:426.718 - 0.208ms returns 0
T4730 000:426.737 JLINK_CORESIGHT_WriteAPDPReg(AP reg 0x01, 0x80011120)
T4730 000:427.015 - 0.278ms returns 0
T4730 000:427.034 JLINK_CORESIGHT_WriteAPDPReg(AP reg 0x03, 0x0000038A)
T4730 000:427.248 - 0.214ms returns 0
T4730 000:427.266 JLINK_CORESIGHT_WriteAPDPReg(AP reg 0x00, 0x80000002)
T4730 000:427.506 - 0.239ms returns 0
T4730 000:427.524 JLINK_CORESIGHT_WriteAPDPReg(AP reg 0x01, 0x80011140)
T4730 000:427.737 - 0.213ms returns 0
T4730 000:427.755 JLINK_CORESIGHT_ReadAPDPReg(AP reg 0x03)
T4730 000:428.018   Value=0x00000002
T4730 000:428.038 - 0.283ms returns 0
T4730 000:428.055 JLINK_CORESIGHT_ReadAPDPReg(AP reg 0x03)
T4730 000:428.306   Value=0x00000002
T4730 000:428.327 - 0.271ms returns 0
T4730 000:428.343 JLINK_CORESIGHT_ReadAPDPReg(AP reg 0x03)
T4730 000:428.582   Value=0x00000002
T4730 000:428.602 - 0.259ms returns 0
T4730 000:428.619 JLINK_CORESIGHT_ReadAPDPReg(AP reg 0x03)
T4730 000:428.857   Value=0x00000002
T4730 000:428.877 - 0.258ms returns 0
T4730 000:428.893 JLINK_CORESIGHT_ReadAPDPReg(AP reg 0x03)
T4730 000:429.131   Value=0x00000002
T4730 000:429.157 - 0.257ms returns 0
T4730 000:429.174 JLINK_CORESIGHT_ReadAPDPReg(AP reg 0x03)
T4730 000:429.410   Value=0x00000002
T4730 000:429.430 - 0.256ms returns 0
T4730 000:429.446 JLINK_CORESIGHT_ReadAPDPReg(AP reg 0x03)
T4730 000:429.706   Value=0x00000002
T4730 000:429.726 - 0.279ms returns 0
T4730 000:429.743 JLINK_CORESIGHT_ReadAPDPReg(AP reg 0x03)
T4730 000:430.001   Value=0x00000002
T4730 000:430.021 - 0.278ms returns 0
T4730 000:430.038 JLINK_CORESIGHT_ReadAPDPReg(AP reg 0x03)
T4730 000:430.272   Value=0x00000002
T4730 000:430.292 - 0.254ms returns 0
T4730 000:430.308 JLINK_CORESIGHT_ReadAPDPReg(AP reg 0x03)
T4730 000:430.570   Value=0x00000000
T4730 000:430.590 - 0.282ms returns 0
T4730 000:430.607 JLINK_CORESIGHT_WriteAPDPReg(AP reg 0x00, 0x80000002)
T4730 000:430.816 - 0.209ms returns 0
T4730 000:430.834 JLINK_CORESIGHT_WriteAPDPReg(AP reg 0x01, 0x80011130)
T4730 000:431.031 - 0.197ms returns 0
T4730 000:431.050 JLINK_CORESIGHT_ReadAPDPReg(AP reg 0x03)
T4730 000:431.305   Value=0x75020081
T4730 000:431.325 - 0.275ms returns 0
T4730 000:431.342 JLINK_CORESIGHT_WriteAPDPReg(AP reg 0x00, 0x80000002)
T4730 000:431.562 - 0.220ms returns 0
T4730 000:431.627 JLINK_CORESIGHT_WriteAPDPReg(AP reg 0x01, 0x80011140)
T4730 000:431.841 - 0.214ms returns 0
T4730 000:431.860 JLINK_CORESIGHT_ReadAPDPReg(AP reg 0x03)
T4730 000:432.221   Value=0x00000000
T4730 000:432.241 - 0.381ms returns 0
T4730 000:432.258 JLINK_CORESIGHT_WriteAPDPReg(AP reg 0x00, 0x80000002)
T4730 000:432.506 - 0.248ms returns 0
T4730 000:432.525 JLINK_CORESIGHT_WriteAPDPReg(AP reg 0x01, 0x80011130)
T4730 000:432.745 - 0.220ms returns 0
T4730 000:432.764 JLINK_CORESIGHT_ReadAPDPReg(AP reg 0x03)
T4730 000:433.037   Value=0x00038702
T4730 000:433.057 - 0.293ms returns 0
T4730 000:433.077 JLINK_CORESIGHT_WriteAPDPReg(AP reg 0x00, 0x80000002)
T4730 000:433.281 - 0.204ms returns 0
T4730 000:433.299 JLINK_CORESIGHT_WriteAPDPReg(AP reg 0x01, 0x80011140)
T4730 000:433.506 - 0.207ms returns 0
T4730 000:433.525 JLINK_CORESIGHT_ReadAPDPReg(AP reg 0x03)
T4730 000:433.798   Value=0x00000002
T4730 000:433.818 - 0.293ms returns 0
T4730 000:433.834 JLINK_CORESIGHT_WriteAPDPReg(AP reg 0x00, 0x80000002)
T4730 000:434.031 - 0.197ms returns 0
T4730 000:434.048 JLINK_CORESIGHT_WriteAPDPReg(AP reg 0x01, 0x80011120)
T4730 000:434.256 - 0.208ms returns 0
T4730 000:434.275 JLINK_CORESIGHT_WriteAPDPReg(AP reg 0x03, 0x4F010001)
T4730 000:434.503 - 0.228ms returns 0
T4730 000:434.523 JLINK_CORESIGHT_WriteAPDPReg(AP reg 0x00, 0x80000002)
T4730 000:434.735 - 0.211ms returns 0
T4730 000:434.762 JLINK_CORESIGHT_WriteAPDPReg(AP reg 0x01, 0x80011140)
T4730 000:434.995 - 0.232ms returns 0
T4730 000:435.016 JLINK_CORESIGHT_ReadAPDPReg(AP reg 0x03)
T4730 000:435.297   Value=0x00000002
T4730 000:435.327 - 0.310ms returns 0
T4730 000:435.343 JLINK_CORESIGHT_WriteAPDPReg(AP reg 0x00, 0x80000002)
T4730 000:435.556 - 0.212ms returns 0
T4730 000:435.574 JLINK_CORESIGHT_WriteAPDPReg(AP reg 0x01, 0x80011120)
T4730 000:435.806 - 0.231ms returns 0
T4730 000:435.824 JLINK_CORESIGHT_WriteAPDPReg(AP reg 0x03, 0x000003B0)
T4730 000:436.033 - 0.208ms returns 0
T4730 000:436.059 JLINK_CORESIGHT_WriteAPDPReg(AP reg 0x00, 0x80000002)
T4730 000:436.281 - 0.222ms returns 0
T4730 000:436.301 JLINK_CORESIGHT_WriteAPDPReg(AP reg 0x01, 0x80011140)
T4730 000:436.511 - 0.209ms returns 0
T4730 000:436.530 JLINK_CORESIGHT_ReadAPDPReg(AP reg 0x03)
T4730 000:436.789   Value=0x00000002
T4730 000:436.809 - 0.279ms returns 0
T4730 000:436.826 JLINK_CORESIGHT_ReadAPDPReg(AP reg 0x03)
T4730 000:437.081   Value=0x00000002
T4730 000:437.101 - 0.275ms returns 0
T4730 000:437.126 JLINK_CORESIGHT_ReadAPDPReg(AP reg 0x03)
T4730 000:437.385   Value=0x00000002
T4730 000:437.405 - 0.279ms returns 0
T4730 000:437.421 JLINK_CORESIGHT_ReadAPDPReg(AP reg 0x03)
T4730 000:437.681   Value=0x00000002
T4730 000:437.701 - 0.279ms returns 0
T4730 000:437.717 JLINK_CORESIGHT_ReadAPDPReg(AP reg 0x03)
T4730 000:437.955   Value=0x00000002
T4730 000:437.975 - 0.258ms returns 0
T4730 000:437.992 JLINK_CORESIGHT_ReadAPDPReg(AP reg 0x03)
T4730 000:438.255   Value=0x00000002
T4730 000:438.275 - 0.283ms returns 0
T4730 000:438.292 JLINK_CORESIGHT_ReadAPDPReg(AP reg 0x03)
T4730 000:438.549   Value=0x00000002
T4730 000:438.569 - 0.277ms returns 0
T4730 000:438.586 JLINK_CORESIGHT_ReadAPDPReg(AP reg 0x03)
T4730 000:438.831   Value=0x00000000
T4730 000:438.851 - 0.265ms returns 0
T4730 000:438.868 JLINK_CORESIGHT_WriteAPDPReg(AP reg 0x00, 0x80000002)
T4730 000:439.082 - 0.214ms returns 0
T4730 000:439.101 JLINK_CORESIGHT_WriteAPDPReg(AP reg 0x01, 0x80011130)
T4730 000:439.312 - 0.210ms returns 0
T4730 000:439.330 JLINK_CORESIGHT_ReadAPDPReg(AP reg 0x03)
T4730 000:439.580   Value=0x4F0B0081
T4730 000:439.601 - 0.270ms returns 0
T4730 000:439.617 JLINK_CORESIGHT_WriteAPDPReg(AP reg 0x00, 0x80000002)
T4730 000:439.832 - 0.214ms returns 0
T4730 000:439.850 JLINK_CORESIGHT_WriteAPDPReg(AP reg 0x01, 0x80011140)
T4730 000:440.057 - 0.207ms returns 0
T4730 000:440.076 JLINK_CORESIGHT_ReadAPDPReg(AP reg 0x03)
T4730 000:440.416   Value=0x00000000
T4730 000:440.437 - 0.361ms returns 0
T4730 000:440.454 JLINK_CORESIGHT_WriteAPDPReg(AP reg 0x00, 0x80000002)
T4730 000:440.655 - 0.201ms returns 0
T4730 000:440.675 JLINK_CORESIGHT_WriteAPDPReg(AP reg 0x01, 0x80011130)
T4730 000:440.881 - 0.205ms returns 0
T4730 000:440.900 JLINK_CORESIGHT_ReadAPDPReg(AP reg 0x03)
T4730 000:441.169   Value=0x20000000
T4730 000:441.189 - 0.289ms returns 0
T4730 000:441.206 JLINK_CORESIGHT_WriteAPDPReg(AP reg 0x00, 0x80000002)
T4730 000:441.416 - 0.210ms returns 0
T4730 000:441.434 JLINK_CORESIGHT_WriteAPDPReg(AP reg 0x01, 0x80011140)
T4730 000:441.631 - 0.197ms returns 0
T4730 000:441.650 JLINK_CORESIGHT_ReadAPDPReg(AP reg 0x03)
T4730 000:441.914   Value=0x00000000
T4730 000:441.934 - 0.284ms returns 0
T4730 000:441.951 JLINK_CORESIGHT_WriteAPDPReg(AP reg 0x00, 0x80000002)
T4730 000:442.156 - 0.205ms returns 0
T4730 000:442.174 JLINK_CORESIGHT_WriteAPDPReg(AP reg 0x01, 0x80011130)
T4730 000:442.385 - 0.210ms returns 0
T4730 000:442.403 JLINK_CORESIGHT_ReadAPDPReg(AP reg 0x03)
T4730 000:442.667   Value=0x00000000
T4730 000:442.687 - 0.284ms returns 0
T4730 000:442.703 JLINK_CORESIGHT_WriteAPDPReg(AP reg 0x00, 0x80000002)
T4730 000:442.915 - 0.211ms returns 0
T4730 000:442.934 JLINK_CORESIGHT_WriteAPDPReg(AP reg 0x01, 0x80011140)
T4730 000:443.134 - 0.200ms returns 0
T4730 000:443.153 JLINK_CORESIGHT_ReadAPDPReg(AP reg 0x03)
T4730 000:443.410   Value=0x00000000
T4730 000:443.430 - 0.276ms returns 0
T4730 000:443.446 JLINK_CORESIGHT_WriteAPDPReg(AP reg 0x00, 0x80000002)
T4730 000:443.656 - 0.209ms returns 0
T4730 000:443.674 JLINK_CORESIGHT_WriteAPDPReg(AP reg 0x01, 0x80011130)
T4730 000:443.881 - 0.206ms returns 0
T4730 000:443.899 JLINK_CORESIGHT_ReadAPDPReg(AP reg 0x03)
T4730 000:444.158   Value=0x03860000
T4730 000:444.178 - 0.279ms returns 0
T4730 000:444.963 JLINK_CORESIGHT_ReadAPDPReg(DP reg 0x01)
T4730 000:445.225   Value=0xF0000F40
T4730 000:445.246 - 0.283ms returns 0
T4730 000:445.260 JLINK_CORESIGHT_WriteAPDPReg(DP reg 0x01, 0xA0000F40)
T4730 000:445.522 - 0.262ms returns 0
T4730 000:445.539 JLINK_CORESIGHT_ReadAPDPReg(DP reg 0x01)
T4730 000:445.752   Value=0x00000F40
T4730 000:445.773 - 0.234ms returns 0
T4730 000:445.787 JLINK_ClrRESET()
T4730 000:446.009 - 0.221ms 
T4730 000:556.450 JLINK_Close()
T4730 000:574.302 - 17.851ms
T4730 000:574.494   
T4730 000:574.523   Closed
